Microchip MPLAB XC8 Compiler V2.32

Linker command line:

-W-3 --edf=C:\Program Files\Microchip\xc8\v2.32\pic\dat\en_msgs.txt -cn \
  -h+dist/default/production\P03.D.POW_FN_VALIDATION.X.production.sym \
  --cmf=dist/default/production\P03.D.POW_FN_VALIDATION.X.production.cmf -z \
  -Q16F877A -oC:\Users\Naseef\AppData\Local\Temp\xcAs1rg.4 \
  --defsym=__MPLAB_BUILD=1 \
  -Mdist/default/production/P03.D.POW_FN_VALIDATION.X.production.map -E1 \
  -ver=XC8 Compiler --acfsm=1493 -ASTACK=0110h-016Fh -pstack=STACK \
  -ACODE=00h-07FFhx4 -ASTRCODE=00h-01FFFh -ASTRING=00h-0FFhx32 \
  -ACONST=00h-0FFhx32 -AENTRY=00h-0FFhx32 -ACOMMON=070h-07Fh \
  -ABANK0=020h-06Fh -ABANK1=0A0h-0EFh -ABANK2=0110h-016Fh \
  -ABANK3=0190h-01EFh -ARAM=020h-06Fh,0A0h-0EFh,0110h-016Fh,0190h-01EFh \
  -AABS1=020h-07Fh,0A0h-0EFh,0110h-016Fh,0190h-01EFh -ASFR0=00h-01Fh \
  -ASFR1=080h-09Fh -ASFR2=0100h-010Fh -ASFR3=0180h-018Fh \
  -ACONFIG=02007h-02007h -DCONFIG=2 -AIDLOC=02000h-02003h -DIDLOC=2 \
  -AEEDATA=00h-0FFh/02100h -peeprom_data=EEDATA -DEEDATA=2 -DCODE=2 \
  -DSTRCODE=2 -DSTRING=2 -DCONST=2 -DENTRY=2 \
  -preset_vec=00h,intentry,init,end_init -ppowerup=CODE -pcinit=CODE \
  -pfunctab=ENTRY -k C:\Users\Naseef\AppData\Local\Temp\xcAs1rg.o \
  dist/default/production\P03.D.POW_FN_VALIDATION.X.production.o 

Object code version is 3.11

Machine type is 16F877A



                Name                               Link     Load   Length Selector   Space Scale
C:\Users\Naseef\AppData\Local\Temp\xcAs1rg.o
                end_init                              0        0        3        0       0
                config                             2007     2007        1        0       4
                idloc                              2000     2000        4        0       5
dist/default/production\P03.D.POW_FN_VALIDATION.X.production.o
                cinit                               7D9      7D9       27      FB2       0
                config                             2007     2007        1        0       4
                idloc                              2000     2000        4        0       5
                text25                             1F3C     1F3C       40     3E78       0
                text24                             1ECC     1ECC       36     3D98       0
                text23                              BBA      BBA      1DD     1774       0
                text22                             1055     1055        B     20AA       0
                text21                               28       28      288       50       0
                text20                                4        4       24        8       0
                text19                             1EA5     1EA5       27     3D4A       0
                text18                              2B0      2B0      529      560       0
                text17                             159C     159C       E8     2B38       0
                text16                             11ED     11ED       A2     23DA       0
                text15                             1173     1173       7A     22E6       0
                text14                             128F     128F       BC     251E       0
                text13                             1060     1060       50     20C0       0
                text12                             10B0     10B0       5C     2160       0
                text11                             134B     134B       BF     2696       0
                text10                             140A     140A       C0     2814       0
                text9                               D97      D97      269     1B2E       0
                text8                              1684     1684      17C     2D08       0
                text7                               9ED      9ED      1CD     13DA       0
                text6                              1F7C     1F7C       40     3EF8       0
                text5                              110C     110C       67     2218       0
                text4                               802      802       59     1004       0
                text3                              1FBC     1FBC       44     3F78       0
                text2                              1F02     1F02       3A     3E04       0
                text1                               85B      85B      192     10B6       0
                maintext                           14CA     14CA       D2     2994       0
                cstackBANK0                          20       20       50       20       1
                cstackCOMMON                         70       70        E       70       1
                cstackBANK1                          A0       A0       4B       A0       1
                inittext                           1E92     1E92       13     3D24       0
                dataBANK3                           190      190        8      190       1
                bssBANK3                            198      198        5      190       1
                dataBANK1                            EB       EB        2       A0       1
                strings                            1000     1000       52     2000       0
                idataBANK3                         1E8A     1E8A        8     3D14       0
                idataBANK1                          800      800        2      FB2       0

TOTAL           Name                               Link     Load   Length     Space
        CLASS   STACK          

        CLASS   CODE           
                end_init                              0        0        3         0
                cinit                               7D9      7D9       27         0
                text25                             1F3C     1F3C       40         0
                text24                             1ECC     1ECC       36         0
                text23                              BBA      BBA      1DD         0
                text22                             1055     1055        B         0
                text21                               28       28      288         0
                text20                                4        4       24         0
                text19                             1EA5     1EA5       27         0
                text18                              2B0      2B0      529         0
                text17                             159C     159C       E8         0
                text16                             11ED     11ED       A2         0
                text15                             1173     1173       7A         0
                text14                             128F     128F       BC         0
                text13                             1060     1060       50         0
                text12                             10B0     10B0       5C         0
                text11                             134B     134B       BF         0
                text10                             140A     140A       C0         0
                text9                               D97      D97      269         0
                text8                              1684     1684      17C         0
                text7                               9ED      9ED      1CD         0
                text6                              1F7C     1F7C       40         0
                text5                              110C     110C       67         0
                text4                               802      802       59         0
                text3                              1FBC     1FBC       44         0
                text2                              1F02     1F02       3A         0
                text1                               85B      85B      192         0
                maintext                           14CA     14CA       D2         0
                inittext                           1E92     1E92       13         0
                idataBANK3                         1E8A     1E8A        8         0
                idataBANK1                          800      800        2         0

        CLASS   STRCODE        

        CLASS   STRING         
                strings                            1000     1000       52         0

        CLASS   CONST          

        CLASS   ENTRY          

        CLASS   COMMON         
                cstackCOMMON                         70       70        E         1

        CLASS   BANK0          
                cstackBANK0                          20       20       50         1

        CLASS   BANK1          
                cstackBANK1                          A0       A0       4B         1
                dataBANK1                            EB       EB        2         1

        CLASS   BANK2          

        CLASS   BANK3          
                dataBANK3                           190      190        8         1
                bssBANK3                            198      198        5         1

        CLASS   RAM            

        CLASS   ABS1           
                abs_s1                               7E       7E        2         1

        CLASS   SFR0           

        CLASS   SFR1           

        CLASS   SFR2           

        CLASS   SFR3           

        CLASS   CONFIG         
                config                             2007     2007        1         4

        CLASS   IDLOC          
                idloc                              2000     2000        4         5

        CLASS   EEDATA         



SEGMENTS        Name                           Load    Length   Top    Selector   Space  Class     Delta

                reset_vec                      000000  000003  000003         0       0  CODE        2
                text20                         000004  000024  000028         8       0  CODE        2
                cstackBANK0                    000020  000050  000070        20       1  BANK0       1
                text21                         000028  000288  0002B0        50       0  CODE        2
                cstackCOMMON                   000070  00000E  00007E        70       1  COMMON      1
                cstackBANK1                    0000A0  00004D  0000ED        A0       1  BANK1       1
                dataBANK3                      000190  00000D  00019D       190       1  BANK3       1
                text18                         0002B0  000529  0007D9       560       0  CODE        2
                cinit                          0007D9  000029  000802       FB2       0  CODE        2
                text4                          000802  000059  00085B      1004       0  CODE        2
                text1                          00085B  000192  0009ED      10B6       0  CODE        2
                text7                          0009ED  0001CD  000BBA      13DA       0  CODE        2
                text23                         000BBA  0001DD  000D97      1774       0  CODE        2
                text9                          000D97  000269  001000      1B2E       0  CODE        2
                strings                        001000  000052  001052      2000       0  STRING      2
                text22                         001055  00000B  001060      20AA       0  CODE        2
                text13                         001060  000050  0010B0      20C0       0  CODE        2
                text12                         0010B0  00005C  00110C      2160       0  CODE        2
                text5                          00110C  000067  001173      2218       0  CODE        2
                text15                         001173  00007A  0011ED      22E6       0  CODE        2
                text16                         0011ED  0000A2  00128F      23DA       0  CODE        2
                text14                         00128F  0000BC  00134B      251E       0  CODE        2
                text11                         00134B  0000BF  00140A      2696       0  CODE        2
                text10                         00140A  0000C0  0014CA      2814       0  CODE        2
                maintext                       0014CA  0000D2  00159C      2994       0  CODE        2
                text17                         00159C  0000E8  001684      2B38       0  CODE        2
                text8                          001684  00017C  001800      2D08       0  CODE        2
                idataBANK3                     001E8A  000008  001E92      3D14       0  CODE        2
                inittext                       001E92  000013  001EA5      3D24       0  CODE        2
                text19                         001EA5  000027  001ECC      3D4A       0  CODE        2
                text24                         001ECC  000036  001F02      3D98       0  CODE        2
                text2                          001F02  00003A  001F3C      3E04       0  CODE        2
                text25                         001F3C  000040  001F7C      3E78       0  CODE        2
                text6                          001F7C  000040  001FBC      3EF8       0  CODE        2
                text3                          001FBC  000044  002000      3F78       0  CODE        2


UNUSED ADDRESS RANGES

        Name                Unused          Largest block    Delta
        BANK1            00ED-00EF              3           1
        BANK2            0110-016F             60           1
        BANK3            019D-01EF             53           1
        CODE             0003-0003              1           2
                         1052-1054              3
                         1800-1E89            68A
        CONST            0003-0003              1           2
                         1052-1054              3
                         1800-1E89            100
        EEDATA           2100-21FF            100           2
        ENTRY            0003-0003              1           2
                         1052-1054              3
                         1800-1E89            100
        RAM              00ED-00EF              3           1
                         0110-016F             60
                         019D-01EF             53
        SFR0             0000-001F             20           1
        SFR1             0080-009F             20           1
        SFR2             0100-010F             10           1
        SFR3             0180-018F             10           1
        STACK            0110-016F             60           1
        STRCODE          0003-0003              1           2
                         1052-1054              3
                         1800-1E89            68A
        STRING           0003-0003              1           2
                         1052-1054              3
                         1800-1E89            100

                                  Symbol Table

?__Umul8_16                cstackCOMMON 0070
?___awdiv                  cstackCOMMON 0070
?___awmod                  cstackCOMMON 0070
?___fladd                  cstackBANK0  003F
?___fldiv                  cstackBANK0  002E
?___flmul                  cstackBANK0  005B
?___flneg                  cstackCOMMON 0070
?___flsub                  cstackBANK0  0053
?___fltol                  cstackCOMMON 0070
?___lwdiv                  cstackCOMMON 0070
?___lwmod                  cstackCOMMON 0070
?___xxtofl                 cstackBANK0  0020
?_eval_poly                cstackBANK0  0068
?_exp                      cstackBANK1  00BE
?_floor                    cstackBANK0  0053
?_frexp                    cstackBANK0  003A
?_ldexp                    cstackBANK1  00B6
?_log                      cstackBANK1  00B6
?_pow                      cstackBANK1  00C9
LCD_Char@data              cstackCOMMON 0072
LCD_Command@cmnd           cstackCOMMON 0072
_LCD_Char                  text6        1F7C
_LCD_Command               text25       1F3C
_LCD_init                  text24       1ECC
_PORTB                     (abs)        0006
_RC0                       (abs)        0038
_RC1                       (abs)        0039
_TRISBbits                 (abs)        0086
_TRISCbits                 (abs)        0087
__Habs1                    abs1         0000
__Hbank0                   bank0        0000
__Hbank1                   bank1        0000
__Hbank2                   bank2        0000
__Hbank3                   bank3        0000
__HbssBANK3                bssBANK3     0000
__Hcinit                   cinit        0800
__Hclrtext                 clrtext      0000
__Hcode                    code         0000
__Hcommon                  common       0000
__Hconfig                  config       2008
__HcstackBANK0             cstackBANK0  0000
__HcstackBANK1             cstackBANK1  0000
__HcstackCOMMON            cstackCOMMON 0000
__HdataBANK1               dataBANK1    0000
__HdataBANK3               dataBANK3    0000
__Heeprom_data             eeprom_data  0000
__Hend_init                end_init     0003
__Hfunctab                 functab      0000
__HidataBANK1              idataBANK1   0000
__HidataBANK3              idataBANK3   0000
__Hidloc                   idloc        2004
__Hinit                    init         0000
__Hinittext                inittext     0000
__Hintentry                intentry     0000
__Hmaintext                maintext     0000
__Hpowerup                 powerup      0000
__Hram                     ram          0000
__Hreset_vec               reset_vec    0000
__Hsfr0                    sfr0         0000
__Hsfr1                    sfr1         0000
__Hsfr2                    sfr2         0000
__Hsfr3                    sfr3         0000
__Hspace_0                 (abs)        2000
__Hspace_1                 (abs)        019D
__Hspace_2                 (abs)        0000
__Hspace_3                 (abs)        0000
__Hspace_4                 (abs)        400F
__Hstack                   stack        0000
__Hstrings                 strings      0000
__Htext                    text         0000
__Labs1                    abs1         0000
__Lbank0                   bank0        0000
__Lbank1                   bank1        0000
__Lbank2                   bank2        0000
__Lbank3                   bank3        0000
__LbssBANK3                bssBANK3     0000
__Lcinit                   cinit        07D9
__Lclrtext                 clrtext      0000
__Lcode                    code         0000
__Lcommon                  common       0000
__Lconfig                  config       0000
__LcstackBANK0             cstackBANK0  0000
__LcstackBANK1             cstackBANK1  0000
__LcstackCOMMON            cstackCOMMON 0000
__LdataBANK1               dataBANK1    0000
__LdataBANK3               dataBANK3    0000
__Leeprom_data             eeprom_data  0000
__Lend_init                end_init     0000
__Lfunctab                 functab      0000
__LidataBANK1              idataBANK1   0000
__LidataBANK3              idataBANK3   0000
__Lidloc                   idloc        0000
__Linit                    init         0000
__Linittext                inittext     0000
__Lintentry                intentry     0000
__Lmaintext                maintext     0000
__Lpowerup                 powerup      0000
__Lram                     ram          0000
__Lreset_vec               reset_vec    0000
__Lsfr0                    sfr0         0000
__Lsfr1                    sfr1         0000
__Lsfr2                    sfr2         0000
__Lsfr3                    sfr3         0000
__Lspace_0                 (abs)        0000
__Lspace_1                 (abs)        0000
__Lspace_2                 (abs)        0000
__Lspace_3                 (abs)        0000
__Lspace_4                 (abs)        0000
__Lstack                   stack        0000
__Lstrings                 strings      0000
__Ltext                    text         0000
__S0                       (abs)        2000
__S1                       (abs)        019D
__S2                       (abs)        0000
__S3                       (abs)        0000
__Umul8_16                 text19       1EA5
__Umul8_16@multiplicand    cstackCOMMON 0070
__Umul8_16@multiplier      cstackCOMMON 0078
__Umul8_16@product         cstackCOMMON 0074
__Umul8_16@word_mpld       cstackCOMMON 0076
___awdiv                   text5        110C
___awdiv@counter           cstackCOMMON 0075
___awdiv@dividend          cstackCOMMON 0072
___awdiv@divisor           cstackCOMMON 0070
___awdiv@quotient          cstackCOMMON 0077
___awdiv@sign              cstackCOMMON 0076
___awmod                   text4        0802
___awmod@counter           cstackCOMMON 0075
___awmod@dividend          cstackCOMMON 0072
___awmod@divisor           cstackCOMMON 0070
___awmod@sign              cstackCOMMON 0076
___fladd                   text21       0028
___fladd@a                 cstackBANK0  0043
___fladd@aexp              cstackBANK0  0050
___fladd@b                 cstackBANK0  003F
___fladd@bexp              cstackBANK0  0051
___fladd@grs               cstackBANK0  0052
___fladd@signs             cstackBANK0  004F
___fldiv                   text23       0BBA
___fldiv@a                 cstackBANK0  002E
___fldiv@aexp              cstackBANK0  0047
___fldiv@b                 cstackBANK0  0032
___fldiv@bexp              cstackBANK0  0046
___fldiv@grs               cstackBANK0  0042
___fldiv@new_exp           cstackBANK0  0040
___fldiv@rem               cstackBANK0  003B
___fldiv@sign              cstackBANK0  003F
___fleq                    text13       1060
___fleq@ff1                cstackBANK0  002E
___fleq@ff2                cstackBANK0  0032
___flge                    text16       11ED
___flge@ff1                cstackCOMMON 0070
___flge@ff2                cstackCOMMON 0074
___flmul                   text18       02B0
___flmul@a                 cstackBANK0  005F
___flmul@aexp              cstackBANK1  00A5
___flmul@b                 cstackBANK0  005B
___flmul@bexp              cstackBANK1  00A6
___flmul@grs               cstackBANK1  00A1
___flmul@prod              cstackBANK1  00A7
___flmul@sign              cstackBANK1  00A0
___flmul@temp              cstackBANK1  00AB
___flneg                   text22       1055
___flneg@f1                cstackCOMMON 0070
___flsub                   text20       0004
___flsub@a                 cstackBANK0  0053
___flsub@b                 cstackBANK0  0057
___fltol                   text15       1173
___fltol@exp1              cstackCOMMON 007A
___fltol@f1                cstackCOMMON 0070
___fltol@sign1             cstackCOMMON 0079
___int_sp                  stack        0000
___latbits                 (abs)        0002
___lwdiv                   text3        1FBC
___lwdiv@counter           cstackCOMMON 0077
___lwdiv@dividend          cstackCOMMON 0072
___lwdiv@divisor           cstackCOMMON 0070
___lwdiv@quotient          cstackCOMMON 0075
___lwmod                   text2        1F02
___lwmod@counter           cstackCOMMON 0075
___lwmod@dividend          cstackCOMMON 0072
___lwmod@divisor           cstackCOMMON 0070
___sp                      stack        0000
___stackhi                 (abs)        0000
___stacklo                 (abs)        0000
___xxtofl                  text14       128F
___xxtofl@arg              cstackBANK0  002A
___xxtofl@exp              cstackBANK0  0029
___xxtofl@sign             cstackBANK0  0028
___xxtofl@val              cstackBANK0  0020
__end_of_LCD_Char          text6        1FBC
__end_of_LCD_Command       text25       1F7C
__end_of_LCD_init          text24       1F02
__end_of__Umul8_16         text19       1ECC
__end_of___awdiv           text5        1173
__end_of___awmod           text4        085B
__end_of___fladd           text21       02B0
__end_of___fldiv           text23       0D97
__end_of___fleq            text13       10B0
__end_of___flge            text16       128F
__end_of___flmul           text18       07D9
__end_of___flneg           text22       1060
__end_of___flsub           text20       0028
__end_of___fltol           text15       11ED
__end_of___lwdiv           text3        2000
__end_of___lwmod           text2        1F3C
__end_of___xxtofl          text14       134B
__end_of__initialization   cinit        07FC
__end_of__stringtab        strings      1006
__end_of_eval_poly         text17       1684
__end_of_exp               text9        1000
__end_of_floor             text11       140A
__end_of_frexp             text12       110C
__end_of_ldexp             text10       14CA
__end_of_log               text8        1800
__end_of_main              maintext     159C
__end_of_pow               text7        0BBA
__end_of_show_multidigits  text1        09ED
__end_ofexp@coeff          strings      102E
__end_oflog@coeff          strings      1052
__initialization           cinit        07D9
__pbssBANK3                bssBANK3     0198
__pcstackBANK0             cstackBANK0  0020
__pcstackBANK1             cstackBANK1  00A0
__pcstackCOMMON            cstackCOMMON 0070
__pdataBANK1               dataBANK1    00EB
__pdataBANK3               dataBANK3    0190
__pidataBANK1              idataBANK1   0800
__pidataBANK3              idataBANK3   1E8A
__pmaintext                maintext     14CA
__pstrings                 strings      1000
__ptext1                   text1        085B
__ptext10                  text10       140A
__ptext11                  text11       134B
__ptext12                  text12       10B0
__ptext13                  text13       1060
__ptext14                  text14       128F
__ptext15                  text15       1173
__ptext16                  text16       11ED
__ptext17                  text17       159C
__ptext18                  text18       02B0
__ptext19                  text19       1EA5
__ptext2                   text2        1F02
__ptext20                  text20       0004
__ptext21                  text21       0028
__ptext22                  text22       1055
__ptext23                  text23       0BBA
__ptext24                  text24       1ECC
__ptext25                  text25       1F3C
__ptext3                   text3        1FBC
__ptext4                   text4        0802
__ptext5                   text5        110C
__ptext6                   text6        1F7C
__ptext7                   text7        09ED
__ptext8                   text8        1684
__ptext9                   text9        0D97
__size_of_LCD_Char         (abs)        0000
__size_of_LCD_Command      (abs)        0000
__size_of_LCD_init         (abs)        0000
__size_of__Umul8_16        (abs)        0000
__size_of___awdiv          (abs)        0000
__size_of___awmod          (abs)        0000
__size_of___fladd          (abs)        0000
__size_of___fldiv          (abs)        0000
__size_of___fleq           (abs)        0000
__size_of___flge           (abs)        0000
__size_of___flmul          (abs)        0000
__size_of___flneg          (abs)        0000
__size_of___flsub          (abs)        0000
__size_of___fltol          (abs)        0000
__size_of___lwdiv          (abs)        0000
__size_of___lwmod          (abs)        0000
__size_of___xxtofl         (abs)        0000
__size_of_eval_poly        (abs)        0000
__size_of_exp              (abs)        0000
__size_of_floor            (abs)        0000
__size_of_frexp            (abs)        0000
__size_of_ldexp            (abs)        0000
__size_of_log              (abs)        0000
__size_of_main             (abs)        0000
__size_of_pow              (abs)        0000
__size_of_show_multidigits (abs)        0000
__stringbase               strings      1005
__stringtab                strings      1000
_avv                       bssBANK3     0198
_errno                     bssBANK3     019B
_eval_poly                 text17       159C
_exp                       text9        0D97
_exp$858                   cstackBANK1  00C2
_floor                     text11       134B
_frexp                     text12       10B0
_ldexp                     text10       140A
_log                       text8        1684
_main                      maintext     14CA
_main$854                  cstackBANK1  00E3
_main$855                  cstackBANK1  00E7
_pow                       text7        09ED
_pow$856                   cstackBANK1  00D2
_pow$857                   cstackBANK1  00D6
_show_multidigits          text1        085B
btemp                      (abs)        007E
end_of_initialization      cinit        07FC
eval_poly@d                cstackBANK0  006C
eval_poly@n                cstackBANK0  006D
eval_poly@res              cstackBANK1  00B2
eval_poly@x                cstackBANK0  0068
exp@coeff                  strings      1006
exp@exponent               cstackBANK1  00C6
exp@sign                   cstackBANK1  00C8
exp@x                      cstackBANK1  00BE
floor@expon                cstackBANK0  005B
floor@i                    cstackBANK0  0057
floor@x                    cstackBANK0  0053
frexp@eptr                 cstackBANK0  003E
frexp@value                cstackBANK0  003A
init_fetch0                inittext     1E92
init_ram0                  inittext     1E96
intlevel0                  functab      0000
intlevel1                  functab      0000
intlevel2                  functab      0000
intlevel3                  functab      0000
intlevel4                  functab      0000
intlevel5                  functab      0000
ldexp@newexp               cstackBANK1  00BA
ldexp@value                cstackBANK1  00B6
log@coeff                  strings      102E
log@exponent               cstackBANK1  00BA
log@x                      cstackBANK1  00B6
main@altitude              cstackBANK1  00DF
pow@sign                   cstackBANK1  00DA
pow@x                      cstackBANK1  00C9
pow@y                      cstackBANK1  00CD
pow@yi                     cstackBANK1  00DB
reset_vec                  reset_vec    0000
show_multidigits@digit1    cstackBANK0  0026
show_multidigits@digit2    cstackBANK0  0028
show_multidigits@digit3    cstackBANK0  0024
show_multidigits@digit4    cstackBANK0  0020
show_multidigits@remainder cstackBANK0  002C
show_multidigits@result    cstackBANK0  0022
show_multidigits@result1   cstackBANK0  002A
show_multidigits@val       cstackCOMMON 007B
start                      init         0000
start_initialization       cinit        07D9
wtemp0                     (abs)        007E


MODULE INFORMATION

Module		Function		Class		Link	Load	Size
C:\Program Files\Microchip\xc8\v2.32\pic\sources\c90\common\log.c
		_log           		CODE           	1684	0000	380

C:\Program Files\Microchip\xc8\v2.32\pic\sources\c90\common\log.c estimated size: 380

C:\Program Files\Microchip\xc8\v2.32\pic\sources\c90\common\evalpoly.c
		_eval_poly     		CODE           	159C	0000	232

C:\Program Files\Microchip\xc8\v2.32\pic\sources\c90\common\evalpoly.c estimated size: 232

C:\Program Files\Microchip\xc8\v2.32\pic\sources\c90\common\sprcadd.c
		___flsub       		CODE           	0004	0000	36
		___fladd       		CODE           	0028	0000	648

C:\Program Files\Microchip\xc8\v2.32\pic\sources\c90\common\sprcadd.c estimated size: 684

C:\Program Files\Microchip\xc8\v2.32\pic\sources\c90\common\flge.c
		___flge        		CODE           	11ED	0000	162

C:\Program Files\Microchip\xc8\v2.32\pic\sources\c90\common\flge.c estimated size: 162

C:\Program Files\Microchip\xc8\v2.32\pic\sources\c90\common\pow.c
		_pow           		CODE           	09ED	0000	461

C:\Program Files\Microchip\xc8\v2.32\pic\sources\c90\common\pow.c estimated size: 461

C:\Program Files\Microchip\xc8\v2.32\pic\sources\c90\common\flneg.c
		___flneg       		CODE           	1055	0000	11

C:\Program Files\Microchip\xc8\v2.32\pic\sources\c90\common\flneg.c estimated size: 11

C:\Program Files\Microchip\xc8\v2.32\pic\sources\c90\common\xxtofl.c
		___xxtofl      		CODE           	128F	0000	188

C:\Program Files\Microchip\xc8\v2.32\pic\sources\c90\common\xxtofl.c estimated size: 188

C:\Program Files\Microchip\xc8\v2.32\pic\sources\c90\common\Umul8_16.c
		__Umul8_16     		CODE           	1EA5	0000	39

C:\Program Files\Microchip\xc8\v2.32\pic\sources\c90\common\Umul8_16.c estimated size: 39

C:\Program Files\Microchip\xc8\v2.32\pic\sources\c90\common\frexp.c
		_ldexp         		CODE           	140A	0000	192
		_frexp         		CODE           	10B0	0000	92

C:\Program Files\Microchip\xc8\v2.32\pic\sources\c90\common\frexp.c estimated size: 284

C:\Program Files\Microchip\xc8\v2.32\pic\sources\c90\common\lwmod.c
		___lwmod       		CODE           	1F02	0000	58

C:\Program Files\Microchip\xc8\v2.32\pic\sources\c90\common\lwmod.c estimated size: 58

C:\Program Files\Microchip\xc8\v2.32\pic\sources\c90\common\awmod.c
		___awmod       		CODE           	0802	0000	89

C:\Program Files\Microchip\xc8\v2.32\pic\sources\c90\common\awmod.c estimated size: 89

shared
		exp@coeff      		STRING         	1006	0000	40
		__stringtab    		STRING         	1000	0000	6
		__initialization		CODE           	07D9	0000	35
		log@coeff      		STRING         	102E	0000	36

shared estimated size: 117

C:\Program Files\Microchip\xc8\v2.32\pic\sources\c90\common\fleq.c
		___fleq        		CODE           	1060	0000	80

C:\Program Files\Microchip\xc8\v2.32\pic\sources\c90\common\fleq.c estimated size: 80

C:\Program Files\Microchip\xc8\v2.32\pic\sources\c90\common\sprcmul.c
		___flmul       		CODE           	02B0	0000	1321

C:\Program Files\Microchip\xc8\v2.32\pic\sources\c90\common\sprcmul.c estimated size: 1321

C:\Program Files\Microchip\xc8\v2.32\pic\sources\c90\common\floor.c
		_floor         		CODE           	134B	0000	191

C:\Program Files\Microchip\xc8\v2.32\pic\sources\c90\common\floor.c estimated size: 191

C:\Program Files\Microchip\xc8\v2.32\pic\sources\c90\common\exp.c
		_exp           		CODE           	0D97	0000	617

C:\Program Files\Microchip\xc8\v2.32\pic\sources\c90\common\exp.c estimated size: 617

C:\Program Files\Microchip\xc8\v2.32\pic\sources\c90\common\sprcdiv.c
		___fldiv       		CODE           	0BBA	0000	477

C:\Program Files\Microchip\xc8\v2.32\pic\sources\c90\common\sprcdiv.c estimated size: 477

./lcd4bit.h
		_show_multidigits		CODE           	085B	0000	402
		_LCD_Command   		CODE           	1F3C	0000	64
		_LCD_Char      		CODE           	1F7C	0000	64
		_LCD_init      		CODE           	1ECC	0000	54

./lcd4bit.h estimated size: 584

C:\Program Files\Microchip\xc8\v2.32\pic\sources\c90\common\lwdiv.c
		___lwdiv       		CODE           	1FBC	0000	68

C:\Program Files\Microchip\xc8\v2.32\pic\sources\c90\common\lwdiv.c estimated size: 68

C:\Program Files\Microchip\xc8\v2.32\pic\sources\c90\common\awdiv.c
		___awdiv       		CODE           	110C	0000	103

C:\Program Files\Microchip\xc8\v2.32\pic\sources\c90\common\awdiv.c estimated size: 103

main.c
		_main          		CODE           	14CA	0000	210

main.c estimated size: 210

C:\Program Files\Microchip\xc8\v2.32\pic\sources\c90\common\fltol.c
		___fltol       		CODE           	1173	0000	122

C:\Program Files\Microchip\xc8\v2.32\pic\sources\c90\common\fltol.c estimated size: 122

