Microchip MPLAB XC8 Compiler V2.32

Linker command line:

-W-3 --edf=C:\Program Files\Microchip\xc8\v2.32\pic\dat\en_msgs.txt -cn \
  -h+dist/default/production\P03.B.DS1307_INTERFACING.X.production.sym \
  --cmf=dist/default/production\P03.B.DS1307_INTERFACING.X.production.cmf \
  -z -Q16F877A -oC:\Users\Naseef\AppData\Local\Temp\xcAs5ck.4 \
  --defsym=__MPLAB_BUILD=1 \
  -Mdist/default/production/P03.B.DS1307_INTERFACING.X.production.map -E1 \
  -ver=XC8 Compiler --acfsm=1493 -ASTACK=0110h-016Fh -pstack=STACK \
  -ACODE=00h-07FFhx4 -ASTRCODE=00h-01FFFh -ASTRING=00h-0FFhx32 \
  -ACONST=00h-0FFhx32 -AENTRY=00h-0FFhx32 -ACOMMON=070h-07Fh \
  -ABANK0=020h-06Fh -ABANK1=0A0h-0EFh -ABANK2=0110h-016Fh \
  -ABANK3=0190h-01EFh -ARAM=020h-06Fh,0A0h-0EFh,0110h-016Fh,0190h-01EFh \
  -AABS1=020h-07Fh,0A0h-0EFh,0110h-016Fh,0190h-01EFh -ASFR0=00h-01Fh \
  -ASFR1=080h-09Fh -ASFR2=0100h-010Fh -ASFR3=0180h-018Fh \
  -ACONFIG=02007h-02007h -DCONFIG=2 -AIDLOC=02000h-02003h -DIDLOC=2 \
  -AEEDATA=00h-0FFh/02100h -peeprom_data=EEDATA -DEEDATA=2 -DCODE=2 \
  -DSTRCODE=2 -DSTRING=2 -DCONST=2 -DENTRY=2 \
  -preset_vec=00h,intentry,init,end_init -ppowerup=CODE -pcinit=CODE \
  -pfunctab=ENTRY -k C:\Users\Naseef\AppData\Local\Temp\xcAs5ck.o \
  dist/default/production\P03.B.DS1307_INTERFACING.X.production.o 

Object code version is 3.11

Machine type is 16F877A



                Name                               Link     Load   Length Selector   Space Scale
C:\Users\Naseef\AppData\Local\Temp\xcAs5ck.o
                end_init                              0        0        3        0       0
                config                             2007     2007        1        0       4
                idloc                              2000     2000        4        0       5
dist/default/production\P03.B.DS1307_INTERFACING.X.production.o
                cinit                               7F5      7F5        B      FEA       0
                config                             2007     2007        1        0       4
                idloc                              2000     2000        4        0       5
                text14                              65A      65A       3C      CB4       0
                text13                              5EB      5EB       35      BD6       0
                text12                              564      564        5      AC8       0
                text11                              58D      58D        C      B1A       0
                text10                              5B6      5B6       16      B6C       0
                text9                               569      569        8      AD2       0
                text8                               583      583        A      B06       0
                text7                               599      599        C      B32       0
                text6                               571      571        9      AE2       0
                text5                               5A5      5A5       11      B4A       0
                text4                               57A      57A        9      AF4       0
                text3                               620      620       3A      C40       0
                text2                               696      696       3C      D2C       0
                text1                               5CC      5CC       1F      B98       0
                maintext                            6D2      6D2      123      DA4       0
                cstackCOMMON                         77       77        6       70       1
                bssCOMMON                            70       70        7       70       1
                strings                               3        3       12        6       0

TOTAL           Name                               Link     Load   Length     Space
        CLASS   STACK          

        CLASS   CODE           
                end_init                              0        0        3         0
                cinit                               7F5      7F5        B         0
                text14                              65A      65A       3C         0
                text13                              5EB      5EB       35         0
                text12                              564      564        5         0
                text11                              58D      58D        C         0
                text10                              5B6      5B6       16         0
                text9                               569      569        8         0
                text8                               583      583        A         0
                text7                               599      599        C         0
                text6                               571      571        9         0
                text5                               5A5      5A5       11         0
                text4                               57A      57A        9         0
                text3                               620      620       3A         0
                text2                               696      696       3C         0
                text1                               5CC      5CC       1F         0
                maintext                            6D2      6D2      123         0

        CLASS   STRCODE        

        CLASS   STRING         
                strings                               3        3       12         0

        CLASS   CONST          

        CLASS   ENTRY          

        CLASS   COMMON         
                cstackCOMMON                         77       77        6         1
                bssCOMMON                            70       70        7         1

        CLASS   BANK0          

        CLASS   BANK1          

        CLASS   BANK2          

        CLASS   BANK3          

        CLASS   RAM            

        CLASS   ABS1           
                abs_s1                               7E       7E        2         1

        CLASS   SFR0           

        CLASS   SFR1           

        CLASS   SFR2           

        CLASS   SFR3           

        CLASS   CONFIG         
                config                             2007     2007        1         4

        CLASS   IDLOC          
                idloc                              2000     2000        4         5

        CLASS   EEDATA         



SEGMENTS        Name                           Load    Length   Top    Selector   Space  Class     Delta

                reset_vec                      000000  000003  000003         0       0  CODE        2
                strings                        000003  000012  000015         6       0  STRING      2
                bssCOMMON                      000070  00000D  00007D        70       1  COMMON      1
                text12                         000564  000005  000569       AC8       0  CODE        2
                text9                          000569  000008  000571       AD2       0  CODE        2
                text6                          000571  000009  00057A       AE2       0  CODE        2
                text4                          00057A  000009  000583       AF4       0  CODE        2
                text8                          000583  00000A  00058D       B06       0  CODE        2
                text11                         00058D  00000C  000599       B1A       0  CODE        2
                text7                          000599  00000C  0005A5       B32       0  CODE        2
                text5                          0005A5  000011  0005B6       B4A       0  CODE        2
                text10                         0005B6  000016  0005CC       B6C       0  CODE        2
                text1                          0005CC  00001F  0005EB       B98       0  CODE        2
                text13                         0005EB  000035  000620       BD6       0  CODE        2
                text3                          000620  00003A  00065A       C40       0  CODE        2
                text14                         00065A  00003C  000696       CB4       0  CODE        2
                text2                          000696  00003C  0006D2       D2C       0  CODE        2
                maintext                       0006D2  000123  0007F5       DA4       0  CODE        2
                cinit                          0007F5  00000B  000800       FEA       0  CODE        2


UNUSED ADDRESS RANGES

        Name                Unused          Largest block    Delta
        BANK0            0020-006F             50           1
        BANK1            00A0-00EF             50           1
        BANK2            0110-016F             60           1
        BANK3            0190-01EF             60           1
        CODE             0015-0563            54F           2
                         0800-1FFF            800
        COMMON           007D-007D              1           1
        CONST            0015-0563            100           2
                         0800-1FFF            100
        EEDATA           2100-21FF            100           2
        ENTRY            0015-0563            100           2
                         0800-1FFF            100
        RAM              0020-006F             50           1
                         00A0-00EF             50
                         0110-016F             60
                         0190-01EF             60
        SFR0             0000-001F             20           1
        SFR1             0080-009F             20           1
        SFR2             0100-010F             10           1
        SFR3             0180-018F             10           1
        STACK            0110-016F             60           1
        STRCODE          0015-0563            54F           2
                         0800-1FFF           1800
        STRING           0015-0563            100           2
                         0800-1FFF            100

                                  Symbol Table

LCD_Char@data            cstackCOMMON 0079
LCD_Command@cmnd         cstackCOMMON 0079
_ACKDT                   (abs)        048D
_ACKEN                   (abs)        048C
_ACKSTAT                 (abs)        048E
_LCD_Char                text2        0696
_LCD_Command             text14       065A
_LCD_init                text13       05EB
_PEN                     (abs)        048A
_PORTB                   (abs)        0006
_RC0                     (abs)        0038
_RC1                     (abs)        0039
_RCEN                    (abs)        048B
_RSEN                    (abs)        0489
_SEN                     (abs)        0488
_SSPADD                  (abs)        0093
_SSPBUF                  (abs)        0013
_SSPCON                  (abs)        0014
_SSPIF                   (abs)        0063
_TRISBbits               (abs)        0086
_TRISC3                  (abs)        043B
_TRISC4                  (abs)        043C
_TRISCbits               (abs)        0087
__Habs1                  abs1         0000
__Hbank0                 bank0        0000
__Hbank1                 bank1        0000
__Hbank2                 bank2        0000
__Hbank3                 bank3        0000
__HbssCOMMON             bssCOMMON    0000
__Hcinit                 cinit        0800
__Hclrtext               clrtext      0000
__Hcode                  code         0000
__Hcommon                common       0000
__Hconfig                config       2008
__HcstackCOMMON          cstackCOMMON 0000
__Heeprom_data           eeprom_data  0000
__Hend_init              end_init     0003
__Hfunctab               functab      0000
__Hidloc                 idloc        2004
__Hinit                  init         0000
__Hintentry              intentry     0000
__Hmaintext              maintext     0000
__Hpowerup               powerup      0000
__Hram                   ram          0000
__Hreset_vec             reset_vec    0000
__Hsfr0                  sfr0         0000
__Hsfr1                  sfr1         0000
__Hsfr2                  sfr2         0000
__Hsfr3                  sfr3         0000
__Hspace_0               (abs)        0800
__Hspace_1               (abs)        007D
__Hspace_2               (abs)        0000
__Hspace_3               (abs)        0000
__Hspace_4               (abs)        400F
__Hstack                 stack        0000
__Hstrings               strings      0000
__Htext                  text         0000
__Labs1                  abs1         0000
__Lbank0                 bank0        0000
__Lbank1                 bank1        0000
__Lbank2                 bank2        0000
__Lbank3                 bank3        0000
__LbssCOMMON             bssCOMMON    0000
__Lcinit                 cinit        07F5
__Lclrtext               clrtext      0000
__Lcode                  code         0000
__Lcommon                common       0000
__Lconfig                config       0000
__LcstackCOMMON          cstackCOMMON 0000
__Leeprom_data           eeprom_data  0000
__Lend_init              end_init     0000
__Lfunctab               functab      0000
__Lidloc                 idloc        0000
__Linit                  init         0000
__Lintentry              intentry     0000
__Lmaintext              maintext     0000
__Lpowerup               powerup      0000
__Lram                   ram          0000
__Lreset_vec             reset_vec    0000
__Lsfr0                  sfr0         0000
__Lsfr1                  sfr1         0000
__Lsfr2                  sfr2         0000
__Lsfr3                  sfr3         0000
__Lspace_0               (abs)        0000
__Lspace_1               (abs)        0000
__Lspace_2               (abs)        0000
__Lspace_3               (abs)        0000
__Lspace_4               (abs)        0000
__Lstack                 stack        0000
__Lstrings               strings      0000
__Ltext                  text         0000
__S0                     (abs)        0800
__S1                     (abs)        007D
__S2                     (abs)        0000
__S3                     (abs)        0000
___int_sp                stack        0000
___latbits               (abs)        0002
___sp                    stack        0000
___stackhi               (abs)        0000
___stacklo               (abs)        0000
__end_of_LCD_Char        text2        06D2
__end_of_LCD_Command     text14       0696
__end_of_LCD_init        text13       0620
__end_of__initialization cinit        07FC
__end_of__stringtab      strings      0009
__end_of_convd           text12       0569
__end_of_convup          text11       0599
__end_of_main            maintext     07F5
__end_of_rtc_int         text10       05CC
__end_of_rtc_nak         text8        058D
__end_of_rtc_read        text7        05A5
__end_of_rtc_read_byte   text3        065A
__end_of_rtc_res         text6        057A
__end_of_rtc_send        text5        05B6
__end_of_rtc_stop        text4        0583
__end_of_show            text1        05EB
__end_of_waitmssp        text9        0571
__initialization         cinit        07F5
__pbssCOMMON             bssCOMMON    0070
__pcstackCOMMON          cstackCOMMON 0077
__pmaintext              maintext     06D2
__pstrings               strings      0003
__ptext1                 text1        05CC
__ptext10                text10       05B6
__ptext11                text11       058D
__ptext12                text12       0564
__ptext13                text13       05EB
__ptext14                text14       065A
__ptext2                 text2        0696
__ptext3                 text3        0620
__ptext4                 text4        057A
__ptext5                 text5        05A5
__ptext6                 text6        0571
__ptext7                 text7        0599
__ptext8                 text8        0583
__ptext9                 text9        0569
__size_of_LCD_Char       (abs)        0000
__size_of_LCD_Command    (abs)        0000
__size_of_LCD_init       (abs)        0000
__size_of_convd          (abs)        0000
__size_of_convup         (abs)        0000
__size_of_main           (abs)        0000
__size_of_rtc_int        (abs)        0000
__size_of_rtc_nak        (abs)        0000
__size_of_rtc_read       (abs)        0000
__size_of_rtc_read_byte  (abs)        0000
__size_of_rtc_res        (abs)        0000
__size_of_rtc_send       (abs)        0000
__size_of_rtc_stop       (abs)        0000
__size_of_show           (abs)        0000
__size_of_waitmssp       (abs)        0000
__stringbase             strings      0008
__stringtab              strings      0003
_convd                   text12       0564
_convup                  text11       058D
_date                    bssCOMMON    0072
_day                     bssCOMMON    0073
_hour                    bssCOMMON    0074
_main                    maintext     06D2
_min                     bssCOMMON    0075
_month                   bssCOMMON    0071
_rtc_int                 text10       05B6
_rtc_nak                 text8        0583
_rtc_read                text7        0599
_rtc_read_byte           text3        0620
_rtc_res                 text6        0571
_rtc_send                text5        05A5
_rtc_stop                text4        057A
_sec                     bssCOMMON    0076
_show                    text1        05CC
_waitmssp                text9        0569
_year                    bssCOMMON    0070
btemp                    (abs)        007E
convd@bcd                cstackCOMMON 0077
convup@bcd               cstackCOMMON 0078
end_of_initialization    cinit        07FC
intlevel0                functab      0000
intlevel1                functab      0000
intlevel2                functab      0000
intlevel3                functab      0000
intlevel4                functab      0000
intlevel5                functab      0000
reset_vec                reset_vec    0000
rtc_read_byte@addr       cstackCOMMON 0079
rtc_read_byte@rec        cstackCOMMON 007A
rtc_send@a               cstackCOMMON 0077
show@s                   cstackCOMMON 007B
start                    init         0000
start_initialization     cinit        07F5
wtemp0                   (abs)        007E


MODULE INFORMATION

Module		Function		Class		Link	Load	Size
main_ds1307.c
		_convup        		CODE           	058D	0000	12
		_rtc_nak       		CODE           	0583	0000	10
		_LCD_Command   		CODE           	065A	0000	60
		_rtc_stop      		CODE           	057A	0000	9
		_main          		CODE           	06D2	0000	291
		_rtc_read      		CODE           	0599	0000	12
		_waitmssp      		CODE           	0569	0000	8
		_rtc_send      		CODE           	05A5	0000	17
		_rtc_read_byte 		CODE           	0620	0000	58
		_LCD_Char      		CODE           	0696	0000	60
		_show          		CODE           	05CC	0000	31
		_LCD_init      		CODE           	05EB	0000	53
		_convd         		CODE           	0564	0000	5
		_rtc_res       		CODE           	0571	0000	9
		_rtc_int       		CODE           	05B6	0000	22

main_ds1307.c estimated size: 657

shared
		__stringtab    		STRING         	0003	0000	6
		__initialization		CODE           	07F5	0000	7

shared estimated size: 13

