Microchip MPLAB XC8 Compiler V2.32

Linker command line:

-W-3 --edf=C:\Program Files\Microchip\xc8\v2.32\pic\dat\en_msgs.txt -cn \
  -h+dist/default/production\P02.TRANSFORMER_WINDING.X.production.sym \
  --cmf=dist/default/production\P02.TRANSFORMER_WINDING.X.production.cmf -z \
  -Q16F877A -oC:\Users\Naseef\AppData\Local\Temp\xcAs6g4.4 \
  --defsym=__MPLAB_BUILD=1 \
  -Mdist/default/production/P02.TRANSFORMER_WINDING.X.production.map -E1 \
  -ver=XC8 Compiler --acfsm=1493 -ASTACK=0110h-016Fh -pstack=STACK \
  -ACODE=00h-07FFhx4 -ASTRCODE=00h-01FFFh -ASTRING=00h-0FFhx32 \
  -ACONST=00h-0FFhx32 -AENTRY=00h-0FFhx32 -ACOMMON=070h-07Fh \
  -ABANK0=020h-06Fh -ABANK1=0A0h-0EFh -ABANK2=0110h-016Fh \
  -ABANK3=0190h-01EFh -ARAM=020h-06Fh,0A0h-0EFh,0110h-016Fh,0190h-01EFh \
  -AABS1=020h-07Fh,0A0h-0EFh,0110h-016Fh,0190h-01EFh -ASFR0=00h-01Fh \
  -ASFR1=080h-09Fh -ASFR2=0100h-010Fh -ASFR3=0180h-018Fh \
  -ACONFIG=02007h-02007h -DCONFIG=2 -AIDLOC=02000h-02003h -DIDLOC=2 \
  -AEEDATA=00h-0FFh/02100h -peeprom_data=EEDATA -DEEDATA=2 -DCODE=2 \
  -DSTRCODE=2 -DSTRING=2 -DCONST=2 -DENTRY=2 \
  -preset_vec=00h,intentry,init,end_init -ppowerup=CODE -pcinit=CODE \
  -pfunctab=ENTRY -k C:\Users\Naseef\AppData\Local\Temp\xcAs6g4.o \
  dist/default/production\P02.TRANSFORMER_WINDING.X.production.o 

Object code version is 3.11

Machine type is 16F877A



                Name                               Link     Load   Length Selector   Space Scale
C:\Users\Naseef\AppData\Local\Temp\xcAs6g4.o
                end_init                              0        0        3        0       0
                config                             2007     2007        1        0       4
                idloc                              2000     2000        4        0       5
dist/default/production\P02.TRANSFORMER_WINDING.X.production.o
                cinit                               7DB      7DB       25      FB6       0
                config                             2007     2007        1        0       4
                idloc                              2000     2000        4        0       5
                text27                              B67      B67       4C     16CE       0
                text26                              A45      A45       1F     148A       0
                text25                              A30      A30       15     1460       0
                text24                              AE8      AE8       3B     15D0       0
                text23                              BB3      BB3       4C     1766       0
                text22                              A88      A88       26     1510       0
                text21                              F6E      F6E       92     1EDC       0
                text20                              263      263      14C      4C6       0
                text19                              19C      19C       C7      338       0
                text18                              9FB      9FB        8     13F6       0
                text17                              E80      E80       72     1D00       0
                text16                              B23      B23       44     1646       0
                text15                              AAE      AAE       3A     155C       0
                text14                              3AF      3AF      194      75E       0
                text13                              543      543      298      A86       0
                text12                              A64      A64       24     14C8       0
                text11                              EF2      EF2       7C     1DE4       0
                text10                               E2       E2       BA      1C4       0
                text9                               BFF      BFF       4E     17FE       0
                text8                               C4D      C4D       54     189A       0
                text7                               CF9      CF9       5C     19F2       0
                text6                               DB2      DB2       67     1B64       0
                text5                                46       46       9C       8C       0
                text4                               E19      E19       67     1C32       0
                text3                               CA1      CA1       58     1942       0
                text2                                 5        5       41        A       0
                text1                               A03      A03        A     1406       0
                maintext                            D55      D55       5D     1AAA       0
                cstackBANK0                          20       20       46       20       1
                cstackCOMMON                         70       70        E       70       1
                inittext                            A1D      A1D       13     143A       0
                dataBANK1                            A0       A0       10       A0       1
                bssBANK1                             B0       B0        5       A0       1
                bssBANK0                             66       66        A       20       1
                stringtext                          800      800      10A       10       0
                strings                             90A      90A       12     1214       0
                idataBANK1                          A0D      A0D       10     141A       0

TOTAL           Name                               Link     Load   Length     Space
        CLASS   STACK          

        CLASS   CODE           
                end_init                              0        0        3         0
                cinit                               7DB      7DB       25         0
                text27                              B67      B67       4C         0
                text26                              A45      A45       1F         0
                text25                              A30      A30       15         0
                text24                              AE8      AE8       3B         0
                text23                              BB3      BB3       4C         0
                text22                              A88      A88       26         0
                text21                              F6E      F6E       92         0
                text20                              263      263      14C         0
                text19                              19C      19C       C7         0
                text18                              9FB      9FB        8         0
                text17                              E80      E80       72         0
                text16                              B23      B23       44         0
                text15                              AAE      AAE       3A         0
                text14                              3AF      3AF      194         0
                text13                              543      543      298         0
                text12                              A64      A64       24         0
                text11                              EF2      EF2       7C         0
                text10                               E2       E2       BA         0
                text9                               BFF      BFF       4E         0
                text8                               C4D      C4D       54         0
                text7                               CF9      CF9       5C         0
                text6                               DB2      DB2       67         0
                text5                                46       46       9C         0
                text4                               E19      E19       67         0
                text3                               CA1      CA1       58         0
                text2                                 5        5       41         0
                text1                               A03      A03        A         0
                maintext                            D55      D55       5D         0
                inittext                            A1D      A1D       13         0
                idataBANK1                          A0D      A0D       10         0

        CLASS   STRCODE        
                stringtext                          800      800      10A         0

        CLASS   STRING         
                strings                             90A      90A       12         0

        CLASS   CONST          

        CLASS   ENTRY          

        CLASS   COMMON         
                cstackCOMMON                         70       70        E         1

        CLASS   BANK0          
                cstackBANK0                          20       20       46         1
                bssBANK0                             66       66        A         1

        CLASS   BANK1          
                dataBANK1                            A0       A0       10         1
                bssBANK1                             B0       B0        5         1

        CLASS   BANK2          

        CLASS   BANK3          

        CLASS   RAM            

        CLASS   ABS1           
                abs_s1                               7E       7E        2         1

        CLASS   SFR0           

        CLASS   SFR1           

        CLASS   SFR2           

        CLASS   SFR3           

        CLASS   CONFIG         
                config                             2007     2007        1         4

        CLASS   IDLOC          
                idloc                              2000     2000        4         5

        CLASS   EEDATA         



SEGMENTS        Name                           Load    Length   Top    Selector   Space  Class     Delta

                reset_vec                      000000  000003  000003         0       0  CODE        2
                text2                          000005  000041  000046         A       0  CODE        2
                cstackBANK0                    000020  000050  000070        20       1  BANK0       1
                cstackCOMMON                   000070  00000E  00007E        70       1  COMMON      1
                text5                          000046  00009C  0000E2        8C       0  CODE        2
                dataBANK1                      0000A0  000015  0000B5        A0       1  BANK1       1
                text10                         0000E2  0000BA  00019C       1C4       0  CODE        2
                text19                         00019C  0000C7  000263       338       0  CODE        2
                text20                         000263  00014C  0003AF       4C6       0  CODE        2
                text14                         0003AF  000194  000543       75E       0  CODE        2
                text13                         000543  000298  0007DB       A86       0  CODE        2
                cinit                          0007DB  000025  000800       FB6       0  CODE        2
                stringtext                     000800  00010A  00090A        10       0  STRCODE     2
                strings                        00090A  000012  00091C      1214       0  STRING      2
                text18                         0009FB  000008  000A03      13F6       0  CODE        2
                text1                          000A03  00000A  000A0D      1406       0  CODE        2
                idataBANK1                     000A0D  000010  000A1D      141A       0  CODE        2
                inittext                       000A1D  000013  000A30      143A       0  CODE        2
                text25                         000A30  000015  000A45      1460       0  CODE        2
                text26                         000A45  00001F  000A64      148A       0  CODE        2
                text12                         000A64  000024  000A88      14C8       0  CODE        2
                text22                         000A88  000026  000AAE      1510       0  CODE        2
                text15                         000AAE  00003A  000AE8      155C       0  CODE        2
                text24                         000AE8  00003B  000B23      15D0       0  CODE        2
                text16                         000B23  000044  000B67      1646       0  CODE        2
                text27                         000B67  00004C  000BB3      16CE       0  CODE        2
                text23                         000BB3  00004C  000BFF      1766       0  CODE        2
                text9                          000BFF  00004E  000C4D      17FE       0  CODE        2
                text8                          000C4D  000054  000CA1      189A       0  CODE        2
                text3                          000CA1  000058  000CF9      1942       0  CODE        2
                text7                          000CF9  00005C  000D55      19F2       0  CODE        2
                maintext                       000D55  00005D  000DB2      1AAA       0  CODE        2
                text6                          000DB2  000067  000E19      1B64       0  CODE        2
                text4                          000E19  000067  000E80      1C32       0  CODE        2
                text17                         000E80  000072  000EF2      1D00       0  CODE        2
                text11                         000EF2  00007C  000F6E      1DE4       0  CODE        2
                text21                         000F6E  000092  001000      1EDC       0  CODE        2


UNUSED ADDRESS RANGES

        Name                Unused          Largest block    Delta
        BANK1            00B5-00EF             3B           1
        BANK2            0110-016F             60           1
        BANK3            0190-01EF             60           1
        CODE             0003-0004              2           2
                         091C-09FA             DF
                         1000-1FFF            800
        CONST            0003-0004              2           2
                         091C-09FA             DF
                         1000-1FFF            100
        EEDATA           2100-21FF            100           2
        ENTRY            0003-0004              2           2
                         091C-09FA             DF
                         1000-1FFF            100
        RAM              00B5-00EF             3B           1
                         0110-016F             60
                         0190-01EF             60
        SFR0             0000-001F             20           1
        SFR1             0080-009F             20           1
        SFR2             0100-010F             10           1
        SFR3             0180-018F             10           1
        STACK            0110-016F             60           1
        STRCODE          0003-0004              2           2
                         091C-09FA             DF
                         1000-1FFF           1000
        STRING           0003-0004              2           2
                         091C-09FA             DF
                         1000-1FFF            100

                                  Symbol Table

?___awdiv                     cstackCOMMON 0070
?___fladd                     cstackCOMMON 0070
?___flsub                     cstackBANK0  0036
?___fltol                     cstackBANK0  0020
?___lwdiv                     cstackCOMMON 0070
?___lwmod                     cstackCOMMON 0070
?___xxtofl                    cstackCOMMON 0070
?_round                       cstackBANK0  003E
?_trunc                       cstackBANK0  002B
LCD_cmd@cmd                   cstackCOMMON 0072
LCD_dat@data                  cstackCOMMON 0072
LCD_num@digit1                cstackBANK0  004E
LCD_num@digit2                cstackBANK0  0050
LCD_num@digit3                cstackBANK0  004C
LCD_num@digit4                cstackBANK0  0048
LCD_num@remainder             cstackBANK0  0054
LCD_num@result                cstackBANK0  004A
LCD_num@result1               cstackBANK0  0052
LCD_num@val                   cstackBANK0  0046
_LCD_cmd                      text27       0B67
_LCD_dat                      text23       0BB3
_LCD_init                     text26       0A45
_LCD_num                      text14       03AF
_PORTC                        (abs)        0007
_PORTD                        (abs)        0008
_RB1                          (abs)        0031
_RB4                          (abs)        0034
_RB7                          (abs)        0037
_RC2                          (abs)        003A
_RC3                          (abs)        003B
_RD0                          (abs)        0040
_RD1                          (abs)        0041
_RD2                          (abs)        0042
_RD3                          (abs)        0043
_RD4                          (abs)        0044
_RD5                          (abs)        0045
_RD6                          (abs)        0046
_RD7                          (abs)        0047
_TRISB                        (abs)        0086
_TRISC                        (abs)        0087
_TRISD                        (abs)        0088
__Habs1                       abs1         0000
__Hbank0                      bank0        0000
__Hbank1                      bank1        0000
__Hbank2                      bank2        0000
__Hbank3                      bank3        0000
__HbssBANK0                   bssBANK0     0000
__HbssBANK1                   bssBANK1     0000
__Hcinit                      cinit        0800
__Hclrtext                    clrtext      0000
__Hcode                       code         0000
__Hcommon                     common       0000
__Hconfig                     config       2008
__HcstackBANK0                cstackBANK0  0000
__HcstackCOMMON               cstackCOMMON 0000
__HdataBANK1                  dataBANK1    0000
__Heeprom_data                eeprom_data  0000
__Hend_init                   end_init     0003
__Hfunctab                    functab      0000
__HidataBANK1                 idataBANK1   0000
__Hidloc                      idloc        2004
__Hinit                       init         0000
__Hinittext                   inittext     0000
__Hintentry                   intentry     0000
__Hmaintext                   maintext     0000
__Hpowerup                    powerup      0000
__Hram                        ram          0000
__Hreset_vec                  reset_vec    0000
__Hsfr0                       sfr0         0000
__Hsfr1                       sfr1         0000
__Hsfr2                       sfr2         0000
__Hsfr3                       sfr3         0000
__Hspace_0                    (abs)        1000
__Hspace_1                    (abs)        00B5
__Hspace_2                    (abs)        0000
__Hspace_3                    (abs)        0000
__Hspace_4                    (abs)        400F
__Hstack                      stack        0000
__Hstrings                    strings      0000
__Hstringtext                 stringtext   0000
__Htext                       text         0000
__Labs1                       abs1         0000
__Lbank0                      bank0        0000
__Lbank1                      bank1        0000
__Lbank2                      bank2        0000
__Lbank3                      bank3        0000
__LbssBANK0                   bssBANK0     0000
__LbssBANK1                   bssBANK1     0000
__Lcinit                      cinit        07DB
__Lclrtext                    clrtext      0000
__Lcode                       code         0000
__Lcommon                     common       0000
__Lconfig                     config       0000
__LcstackBANK0                cstackBANK0  0000
__LcstackCOMMON               cstackCOMMON 0000
__LdataBANK1                  dataBANK1    0000
__Leeprom_data                eeprom_data  0000
__Lend_init                   end_init     0000
__Lfunctab                    functab      0000
__LidataBANK1                 idataBANK1   0000
__Lidloc                      idloc        0000
__Linit                       init         0000
__Linittext                   inittext     0000
__Lintentry                   intentry     0000
__Lmaintext                   maintext     0000
__Lpowerup                    powerup      0000
__Lram                        ram          0000
__Lreset_vec                  reset_vec    0000
__Lsfr0                       sfr0         0000
__Lsfr1                       sfr1         0000
__Lsfr2                       sfr2         0000
__Lsfr3                       sfr3         0000
__Lspace_0                    (abs)        0000
__Lspace_1                    (abs)        0000
__Lspace_2                    (abs)        0000
__Lspace_3                    (abs)        0000
__Lspace_4                    (abs)        0000
__Lstack                      stack        0000
__Lstrings                    strings      0000
__Lstringtext                 stringtext   0000
__Ltext                       text         0000
__S0                          (abs)        1000
__S1                          (abs)        00B5
__S2                          (abs)        0000
__S3                          (abs)        0000
___awdiv                      text4        0E19
___awdiv@counter              cstackCOMMON 0075
___awdiv@dividend             cstackCOMMON 0072
___awdiv@divisor              cstackCOMMON 0070
___awdiv@quotient             cstackCOMMON 0077
___awdiv@sign                 cstackCOMMON 0076
___bmul                       text25       0A30
___bmul@multiplicand          cstackCOMMON 0070
___bmul@multiplier            cstackCOMMON 0073
___bmul@product               cstackCOMMON 0072
___fladd                      text13       0543
___fladd@a                    cstackCOMMON 0074
___fladd@aexp                 cstackCOMMON 0079
___fladd@b                    cstackCOMMON 0070
___fladd@bexp                 cstackCOMMON 007A
___fladd@grs                  cstackCOMMON 007B
___fladd@signs                cstackCOMMON 0078
___fleq                       text9        0BFF
___fleq@ff1                   cstackCOMMON 0070
___fleq@ff2                   cstackCOMMON 0074
___flsub                      text12       0A64
___flsub@a                    cstackBANK0  0036
___flsub@b                    cstackBANK0  003A
___fltol                      text11       0EF2
___fltol@exp1                 cstackBANK0  002A
___fltol@f1                   cstackBANK0  0020
___fltol@sign1                cstackBANK0  0029
___int_sp                     stack        0000
___latbits                    (abs)        0002
___lwdiv                      text16       0B23
___lwdiv@counter              cstackCOMMON 0077
___lwdiv@dividend             cstackCOMMON 0072
___lwdiv@divisor              cstackCOMMON 0070
___lwdiv@quotient             cstackCOMMON 0075
___lwmod                      text15       0AAE
___lwmod@counter              cstackCOMMON 0075
___lwmod@dividend             cstackCOMMON 0072
___lwmod@divisor              cstackCOMMON 0070
___sp                         stack        0000
___stackhi                    (abs)        0000
___stacklo                    (abs)        0000
___xxtofl                     text10       00E2
___xxtofl@arg                 cstackCOMMON 007A
___xxtofl@exp                 cstackCOMMON 0079
___xxtofl@sign                cstackCOMMON 0078
___xxtofl@val                 cstackCOMMON 0070
__end_of_LCD_cmd              text27       0BB3
__end_of_LCD_dat              text23       0BFF
__end_of_LCD_init             text26       0A64
__end_of_LCD_num              text14       0543
__end_of___awdiv              text4        0E80
__end_of___bmul               text25       0A45
__end_of___fladd              text13       07DB
__end_of___fleq               text9        0C4D
__end_of___flsub              text12       0A88
__end_of___fltol              text11       0F6E
__end_of___lwdiv              text16       0B67
__end_of___lwmod              text15       0AE8
__end_of___xxtofl             text10       019C
__end_of__initialization      cinit        07FC
__end_of__stringtab           strings      091C
__end_of_attach_sizes         text24       0B23
__end_of_display_data         text21       1000
__end_of_fetch_sizes          text19       0263
__end_of_frexp                text8        0CA1
__end_of_key                  text20       03AF
__end_of_keyinit              text18       0A03
__end_of_lookuptable          text17       0EF2
__end_of_main                 maintext     0DB2
__end_of_result_display       text5        00E2
__end_of_rotation             text3        0CF9
__end_of_round                text6        0E19
__end_of_show                 text22       0AAE
__end_of_trunc                text7        0D55
__end_of_welcome_text         text2        0046
__end_of_winiding_time_check  text1        0A0D
__initialization              cinit        07DB
__pbssBANK0                   bssBANK0     0066
__pbssBANK1                   bssBANK1     00B0
__pcstackBANK0                cstackBANK0  0020
__pcstackCOMMON               cstackCOMMON 0070
__pdataBANK1                  dataBANK1    00A0
__pidataBANK1                 idataBANK1   0A0D
__pmaintext                   maintext     0D55
__pstrings                    strings      090A
__pstringtext                 stringtext   0800
__ptext1                      text1        0A03
__ptext10                     text10       00E2
__ptext11                     text11       0EF2
__ptext12                     text12       0A64
__ptext13                     text13       0543
__ptext14                     text14       03AF
__ptext15                     text15       0AAE
__ptext16                     text16       0B23
__ptext17                     text17       0E80
__ptext18                     text18       09FB
__ptext19                     text19       019C
__ptext2                      text2        0005
__ptext20                     text20       0263
__ptext21                     text21       0F6E
__ptext22                     text22       0A88
__ptext23                     text23       0BB3
__ptext24                     text24       0AE8
__ptext25                     text25       0A30
__ptext26                     text26       0A45
__ptext27                     text27       0B67
__ptext3                      text3        0CA1
__ptext4                      text4        0E19
__ptext5                      text5        0046
__ptext6                      text6        0DB2
__ptext7                      text7        0CF9
__ptext8                      text8        0C4D
__ptext9                      text9        0BFF
__size_of_LCD_cmd             (abs)        0000
__size_of_LCD_dat             (abs)        0000
__size_of_LCD_init            (abs)        0000
__size_of_LCD_num             (abs)        0000
__size_of___awdiv             (abs)        0000
__size_of___bmul              (abs)        0000
__size_of___fladd             (abs)        0000
__size_of___fleq              (abs)        0000
__size_of___flsub             (abs)        0000
__size_of___fltol             (abs)        0000
__size_of___lwdiv             (abs)        0000
__size_of___lwmod             (abs)        0000
__size_of___xxtofl            (abs)        0000
__size_of_attach_sizes        (abs)        0000
__size_of_display_data        (abs)        0000
__size_of_fetch_sizes         (abs)        0000
__size_of_frexp               (abs)        0000
__size_of_key                 (abs)        0000
__size_of_keyinit             (abs)        0000
__size_of_lookuptable         (abs)        0000
__size_of_main                (abs)        0000
__size_of_result_display      (abs)        0000
__size_of_rotation            (abs)        0000
__size_of_round               (abs)        0000
__size_of_show                (abs)        0000
__size_of_trunc               (abs)        0000
__size_of_welcome_text        (abs)        0000
__size_of_winiding_time_check (abs)        0000
__stringbase                  strings      091C
__stringtab                   strings      090A
_attach_sizes                 text24       0AE8
_b1                           bssBANK0     006C
_b2                           bssBANK0     006B
_bs                           bssBANK1     00B3
_c1                           bssBANK0     006A
_c2                           bssBANK0     0069
_colloc                       bssBANK0     006E
_cs                           bssBANK1     00B2
_display_data                 text21       0F6E
_fetch_sizes                  text19       019C
_frexp                        text8        0C4D
_key                          text20       0263
_keyinit                      text18       09FB
_keypad                       dataBANK1    00A0
_lookuptable                  text17       0E80
_main                         maintext     0D55
_n1                           bssBANK0     0068
_n2                           bssBANK0     0067
_nt                           bssBANK0     0066
_result_display               text5        0046
_result_display$827           cstackBANK0  005B
_result_display$828           cstackBANK0  005F
_rotation                     text3        0CA1
_round                        text6        0DB2
_rowloc                       bssBANK0     006F
_show                         text22       0A88
_trunc                        text7        0CF9
_turn_time                    bssBANK0     006D
_welcome_text                 text2        0005
_winiding_time_check          text1        0A03
btemp                         (abs)        007E
end_of_initialization         cinit        07FC
frexp@eptr                    cstackBANK0  0024
frexp@value                   cstackBANK0  0020
init_fetch0                   inittext     0A1D
init_ram0                     inittext     0A21
intlevel0                     functab      0000
intlevel1                     functab      0000
intlevel2                     functab      0000
intlevel3                     functab      0000
intlevel4                     functab      0000
intlevel5                     functab      0000
main@winding_time             cstackBANK0  0065
reset_vec                     reset_vec    0000
result_display@time           cstackBANK0  0056
rotation@i                    cstackBANK0  0021
rotation@time                 cstackBANK0  0020
round@f                       cstackBANK0  0042
round@x                       cstackBANK0  003E
show@s                        cstackCOMMON 0073
start                         init         0000
start_initialization          cinit        07DB
trunc@expon                   cstackBANK0  0034
trunc@i                       cstackBANK0  0030
trunc@x                       cstackBANK0  002B
winiding_time_check@time      cstackCOMMON 0070
wtemp0                        (abs)        007E


MODULE INFORMATION

Module		Function		Class		Link	Load	Size
C:\Program Files\Microchip\xc8\v2.32\pic\sources\c90\common\Umul8.c
		___bmul        		CODE           	0A30	0000	21

C:\Program Files\Microchip\xc8\v2.32\pic\sources\c90\common\Umul8.c estimated size: 21

C:\Program Files\Microchip\xc8\v2.32\pic\sources\c90\common\sprcadd.c
		___flsub       		CODE           	0A64	0000	36
		___fladd       		CODE           	0543	0000	664

C:\Program Files\Microchip\xc8\v2.32\pic\sources\c90\common\sprcadd.c estimated size: 700

C:\Program Files\Microchip\xc8\v2.32\pic\sources\c90\common\xxtofl.c
		___xxtofl      		CODE           	00E2	0000	186

C:\Program Files\Microchip\xc8\v2.32\pic\sources\c90\common\xxtofl.c estimated size: 186

C:\Program Files\Microchip\xc8\v2.32\pic\sources\c90\common\round.c
		_round         		CODE           	0DB2	0000	103

C:\Program Files\Microchip\xc8\v2.32\pic\sources\c90\common\round.c estimated size: 103

C:\Program Files\Microchip\xc8\v2.32\pic\sources\c90\common\frexp.c
		_frexp         		CODE           	0C4D	0000	84

C:\Program Files\Microchip\xc8\v2.32\pic\sources\c90\common\frexp.c estimated size: 84

C:\Program Files\Microchip\xc8\v2.32\pic\sources\c90\common\lwmod.c
		___lwmod       		CODE           	0AAE	0000	58

C:\Program Files\Microchip\xc8\v2.32\pic\sources\c90\common\lwmod.c estimated size: 58

shared
		__stringtab    		STRING         	090A	0000	18
		__initialization		CODE           	07DB	0000	33

shared estimated size: 51

C:\Program Files\Microchip\xc8\v2.32\pic\sources\c90\common\fleq.c
		___fleq        		CODE           	0BFF	0000	78

C:\Program Files\Microchip\xc8\v2.32\pic\sources\c90\common\fleq.c estimated size: 78

C:\Program Files\Microchip\xc8\v2.32\pic\sources\c90\common\lwdiv.c
		___lwdiv       		CODE           	0B23	0000	68

C:\Program Files\Microchip\xc8\v2.32\pic\sources\c90\common\lwdiv.c estimated size: 68

C:\Program Files\Microchip\xc8\v2.32\pic\sources\c90\common\awdiv.c
		___awdiv       		CODE           	0E19	0000	103

C:\Program Files\Microchip\xc8\v2.32\pic\sources\c90\common\awdiv.c estimated size: 103

main.c
		_lookuptable   		CODE           	0E80	0000	114
		_attach_sizes  		CODE           	0AE8	0000	59
		_display_data  		CODE           	0F6E	0000	146
		_winiding_time_check		CODE           	0A03	0000	10
		_main          		CODE           	0D55	0000	93
		_rotation      		CODE           	0CA1	0000	88
		_keyinit       		CODE           	09FB	0000	8
		_show          		CODE           	0A88	0000	38
		_fetch_sizes   		CODE           	019C	0000	199
		_LCD_init      		CODE           	0A45	0000	31
		_LCD_num       		CODE           	03AF	0000	404
		_key           		CODE           	0263	0000	332
		_result_display		CODE           	0046	0000	156
		_LCD_cmd       		CODE           	0B67	0000	76
		_LCD_dat       		CODE           	0BB3	0000	76
		_welcome_text  		CODE           	0005	0000	65

main.c estimated size: 1895

C:\Program Files\Microchip\xc8\v2.32\pic\sources\c90\common\fltol.c
		___fltol       		CODE           	0EF2	0000	124

C:\Program Files\Microchip\xc8\v2.32\pic\sources\c90\common\fltol.c estimated size: 124

C:\Program Files\Microchip\xc8\v2.32\pic\sources\c90\common\trunc.c
		_trunc         		CODE           	0CF9	0000	92

C:\Program Files\Microchip\xc8\v2.32\pic\sources\c90\common\trunc.c estimated size: 92

