Microchip MPLAB XC8 Compiler V2.32

Linker command line:

-W-3 --edf=C:\Program Files\Microchip\xc8\v2.32\pic\dat\en_msgs.txt -cn \
  -h+dist/default/production\P02.TRANSFORMER_WINDING.X.production.sym \
  --cmf=dist/default/production\P02.TRANSFORMER_WINDING.X.production.cmf -z \
  -Q16F877A -oC:\Users\Naseef\AppData\Local\Temp\xcAs62o.4 \
  --defsym=__MPLAB_BUILD=1 \
  -Mdist/default/production/P02.TRANSFORMER_WINDING.X.production.map -E1 \
  -ver=XC8 Compiler --acfsm=1493 -ASTACK=0110h-016Fh -pstack=STACK \
  -ACODE=00h-07FFhx4 -ASTRCODE=00h-01FFFh -ASTRING=00h-0FFhx32 \
  -ACONST=00h-0FFhx32 -AENTRY=00h-0FFhx32 -ACOMMON=070h-07Fh \
  -ABANK0=020h-06Fh -ABANK1=0A0h-0EFh -ABANK2=0110h-016Fh \
  -ABANK3=0190h-01EFh -ARAM=020h-06Fh,0A0h-0EFh,0110h-016Fh,0190h-01EFh \
  -AABS1=020h-07Fh,0A0h-0EFh,0110h-016Fh,0190h-01EFh -ASFR0=00h-01Fh \
  -ASFR1=080h-09Fh -ASFR2=0100h-010Fh -ASFR3=0180h-018Fh \
  -ACONFIG=02007h-02007h -DCONFIG=2 -AIDLOC=02000h-02003h -DIDLOC=2 \
  -AEEDATA=00h-0FFh/02100h -peeprom_data=EEDATA -DEEDATA=2 -DCODE=2 \
  -DSTRCODE=2 -DSTRING=2 -DCONST=2 -DENTRY=2 \
  -preset_vec=00h,intentry,init,end_init -ppowerup=CODE -pcinit=CODE \
  -pfunctab=ENTRY -k C:\Users\Naseef\AppData\Local\Temp\xcAs62o.o \
  dist/default/production\P02.TRANSFORMER_WINDING.X.production.o 

Object code version is 3.11

Machine type is 16F877A



                Name                               Link     Load   Length Selector   Space Scale
C:\Users\Naseef\AppData\Local\Temp\xcAs62o.o
                end_init                              0        0        3        0       0
                config                             2007     2007        1        0       4
                idloc                              2000     2000        4        0       5
dist/default/production\P02.TRANSFORMER_WINDING.X.production.o
                cinit                               7E0      7E0       20      FC0       0
                config                             2007     2007        1        0       4
                idloc                              2000     2000        4        0       5
                text14                              30E      30E       4C      61C       0
                text13                              29D      29D       1F      53A       0
                text12                              3FF      3FF       67      7FE       0
                text11                              3A6      3A6       59      74C       0
                text10                              288      288       15      510       0
                text9                               2DB      2DB       33      5B6       0
                text8                               35A      35A       4C      6B4       0
                text7                               2BC      2BC       1F      578       0
                text6                               550      550       86      AA0       0
                text5                               694      694      14C      D28       0
                text4                               5D6      5D6       BE      BAC       0
                text3                               254      254        8      4A8       0
                text2                               466      466       74      8CC       0
                text1                               25C      25C        9      4B8       0
                maintext                            4DA      4DA       76      9B4       0
                cstackCOMMON                         70       70        E       70       1
                inittext                            275      275       13      4EA       0
                dataBANK0                            20       20       10       20       1
                bssBANK0                             30       30        E       20       1
                strings                               3        3       CA        6       0
                idataBANK0                          265      265       10      4CA       0

TOTAL           Name                               Link     Load   Length     Space
        CLASS   STACK          

        CLASS   CODE           
                end_init                              0        0        3         0
                cinit                               7E0      7E0       20         0
                text14                              30E      30E       4C         0
                text13                              29D      29D       1F         0
                text12                              3FF      3FF       67         0
                text11                              3A6      3A6       59         0
                text10                              288      288       15         0
                text9                               2DB      2DB       33         0
                text8                               35A      35A       4C         0
                text7                               2BC      2BC       1F         0
                text6                               550      550       86         0
                text5                               694      694      14C         0
                text4                               5D6      5D6       BE         0
                text3                               254      254        8         0
                text2                               466      466       74         0
                text1                               25C      25C        9         0
                maintext                            4DA      4DA       76         0
                inittext                            275      275       13         0
                idataBANK0                          265      265       10         0

        CLASS   STRCODE        

        CLASS   STRING         
                strings                               3        3       CA         0

        CLASS   CONST          

        CLASS   ENTRY          

        CLASS   COMMON         
                cstackCOMMON                         70       70        E         1

        CLASS   BANK0          
                dataBANK0                            20       20       10         1
                bssBANK0                             30       30        E         1

        CLASS   BANK1          

        CLASS   BANK2          

        CLASS   BANK3          

        CLASS   RAM            

        CLASS   ABS1           
                abs_s1                               7E       7E        2         1

        CLASS   SFR0           

        CLASS   SFR1           

        CLASS   SFR2           

        CLASS   SFR3           

        CLASS   CONFIG         
                config                             2007     2007        1         4

        CLASS   IDLOC          
                idloc                              2000     2000        4         5

        CLASS   EEDATA         



SEGMENTS        Name                           Load    Length   Top    Selector   Space  Class     Delta

                reset_vec                      000000  000003  000003         0       0  CODE        2
                strings                        000003  0000CA  0000CD         6       0  STRING      2
                dataBANK0                      000020  00001E  00003E        20       1  BANK0       1
                cstackCOMMON                   000070  00000E  00007E        70       1  COMMON      1
                text3                          000254  000008  00025C       4A8       0  CODE        2
                text1                          00025C  000009  000265       4B8       0  CODE        2
                idataBANK0                     000265  000010  000275       4CA       0  CODE        2
                inittext                       000275  000013  000288       4EA       0  CODE        2
                text10                         000288  000015  00029D       510       0  CODE        2
                text13                         00029D  00001F  0002BC       53A       0  CODE        2
                text7                          0002BC  00001F  0002DB       578       0  CODE        2
                text9                          0002DB  000033  00030E       5B6       0  CODE        2
                text14                         00030E  00004C  00035A       61C       0  CODE        2
                text8                          00035A  00004C  0003A6       6B4       0  CODE        2
                text11                         0003A6  000059  0003FF       74C       0  CODE        2
                text12                         0003FF  000067  000466       7FE       0  CODE        2
                text2                          000466  000074  0004DA       8CC       0  CODE        2
                maintext                       0004DA  000076  000550       9B4       0  CODE        2
                text6                          000550  000086  0005D6       AA0       0  CODE        2
                text4                          0005D6  0000BE  000694       BAC       0  CODE        2
                text5                          000694  00014C  0007E0       D28       0  CODE        2
                cinit                          0007E0  000020  000800       FC0       0  CODE        2


UNUSED ADDRESS RANGES

        Name                Unused          Largest block    Delta
        BANK0            003E-006F             32           1
        BANK1            00A0-00EF             50           1
        BANK2            0110-016F             60           1
        BANK3            0190-01EF             60           1
        CODE             00CD-0253            187           2
                         0800-1FFF            800
        CONST            00CD-0253            100           2
                         0800-1FFF            100
        EEDATA           2100-21FF            100           2
        ENTRY            00CD-0253            100           2
                         0800-1FFF            100
        RAM              003E-006F             32           1
                         00A0-00EF             50
                         0110-016F             60
                         0190-01EF             60
        SFR0             0000-001F             20           1
        SFR1             0080-009F             20           1
        SFR2             0100-010F             10           1
        SFR3             0180-018F             10           1
        STACK            0110-016F             60           1
        STRCODE          00CD-0253            187           2
                         0800-1FFF           1800
        STRING           00CD-0253            100           2
                         0800-1FFF            100

                                  Symbol Table

?___awdiv                     cstackCOMMON 0070
?___awmod                     cstackCOMMON 0070
LCD_cmd@cmd                   cstackCOMMON 0072
LCD_dat@data                  cstackCOMMON 0072
_LCD_cmd                      text14       030E
_LCD_dat                      text8        035A
_LCD_init                     text13       029D
_PORTC                        (abs)        0007
_PORTD                        (abs)        0008
_RB1                          (abs)        0031
_RB2                          (abs)        0032
_RB4                          (abs)        0034
_RC2                          (abs)        003A
_RC3                          (abs)        003B
_RD0                          (abs)        0040
_RD1                          (abs)        0041
_RD2                          (abs)        0042
_RD3                          (abs)        0043
_RD4                          (abs)        0044
_RD5                          (abs)        0045
_RD6                          (abs)        0046
_RD7                          (abs)        0047
_TRISB                        (abs)        0086
_TRISC                        (abs)        0087
_TRISD                        (abs)        0088
__Habs1                       abs1         0000
__Hbank0                      bank0        0000
__Hbank1                      bank1        0000
__Hbank2                      bank2        0000
__Hbank3                      bank3        0000
__HbssBANK0                   bssBANK0     0000
__Hcinit                      cinit        0800
__Hclrtext                    clrtext      0000
__Hcode                       code         0000
__Hcommon                     common       0000
__Hconfig                     config       2008
__HcstackCOMMON               cstackCOMMON 0000
__HdataBANK0                  dataBANK0    0000
__Heeprom_data                eeprom_data  0000
__Hend_init                   end_init     0003
__Hfunctab                    functab      0000
__HidataBANK0                 idataBANK0   0000
__Hidloc                      idloc        2004
__Hinit                       init         0000
__Hinittext                   inittext     0000
__Hintentry                   intentry     0000
__Hmaintext                   maintext     0000
__Hpowerup                    powerup      0000
__Hram                        ram          0000
__Hreset_vec                  reset_vec    0000
__Hsfr0                       sfr0         0000
__Hsfr1                       sfr1         0000
__Hsfr2                       sfr2         0000
__Hsfr3                       sfr3         0000
__Hspace_0                    (abs)        0800
__Hspace_1                    (abs)        007E
__Hspace_2                    (abs)        0000
__Hspace_3                    (abs)        0000
__Hspace_4                    (abs)        400F
__Hstack                      stack        0000
__Hstrings                    strings      0000
__Htext                       text         0000
__Labs1                       abs1         0000
__Lbank0                      bank0        0000
__Lbank1                      bank1        0000
__Lbank2                      bank2        0000
__Lbank3                      bank3        0000
__LbssBANK0                   bssBANK0     0000
__Lcinit                      cinit        07E0
__Lclrtext                    clrtext      0000
__Lcode                       code         0000
__Lcommon                     common       0000
__Lconfig                     config       0000
__LcstackCOMMON               cstackCOMMON 0000
__LdataBANK0                  dataBANK0    0000
__Leeprom_data                eeprom_data  0000
__Lend_init                   end_init     0000
__Lfunctab                    functab      0000
__LidataBANK0                 idataBANK0   0000
__Lidloc                      idloc        0000
__Linit                       init         0000
__Linittext                   inittext     0000
__Lintentry                   intentry     0000
__Lmaintext                   maintext     0000
__Lpowerup                    powerup      0000
__Lram                        ram          0000
__Lreset_vec                  reset_vec    0000
__Lsfr0                       sfr0         0000
__Lsfr1                       sfr1         0000
__Lsfr2                       sfr2         0000
__Lsfr3                       sfr3         0000
__Lspace_0                    (abs)        0000
__Lspace_1                    (abs)        0000
__Lspace_2                    (abs)        0000
__Lspace_3                    (abs)        0000
__Lspace_4                    (abs)        0000
__Lstack                      stack        0000
__Lstrings                    strings      0000
__Ltext                       text         0000
__S0                          (abs)        0800
__S1                          (abs)        007E
__S2                          (abs)        0000
__S3                          (abs)        0000
___awdiv                      text12       03FF
___awdiv@counter              cstackCOMMON 0075
___awdiv@dividend             cstackCOMMON 0072
___awdiv@divisor              cstackCOMMON 0070
___awdiv@quotient             cstackCOMMON 0077
___awdiv@sign                 cstackCOMMON 0076
___awmod                      text11       03A6
___awmod@counter              cstackCOMMON 0075
___awmod@dividend             cstackCOMMON 0072
___awmod@divisor              cstackCOMMON 0070
___awmod@sign                 cstackCOMMON 0076
___bmul                       text10       0288
___bmul@multiplicand          cstackCOMMON 0070
___bmul@multiplier            cstackCOMMON 0073
___bmul@product               cstackCOMMON 0072
___int_sp                     stack        0000
___latbits                    (abs)        0002
___sp                         stack        0000
___stackhi                    (abs)        0000
___stacklo                    (abs)        0000
__end_of_LCD_cmd              text14       035A
__end_of_LCD_dat              text8        03A6
__end_of_LCD_init             text13       02BC
__end_of___awdiv              text12       0466
__end_of___awmod              text11       03FF
__end_of___bmul               text10       029D
__end_of__initialization      cinit        07FC
__end_of__stringtab           strings      0009
__end_of_attach_sizes         text9        030E
__end_of_display_data         text6        05D6
__end_of_fetch_sizes          text4        0694
__end_of_key                  text5        07E0
__end_of_keyinit              text3        025C
__end_of_lookuptable          text2        04DA
__end_of_main                 maintext     0550
__end_of_show                 text7        02DB
__end_of_winiding_time_check  text1        0265
__initialization              cinit        07E0
__pbssBANK0                   bssBANK0     0030
__pcstackCOMMON               cstackCOMMON 0070
__pdataBANK0                  dataBANK0    0020
__pidataBANK0                 idataBANK0   0265
__pmaintext                   maintext     04DA
__pstrings                    strings      0003
__ptext1                      text1        025C
__ptext10                     text10       0288
__ptext11                     text11       03A6
__ptext12                     text12       03FF
__ptext13                     text13       029D
__ptext14                     text14       030E
__ptext2                      text2        0466
__ptext3                      text3        0254
__ptext4                      text4        05D6
__ptext5                      text5        0694
__ptext6                      text6        0550
__ptext7                      text7        02BC
__ptext8                      text8        035A
__ptext9                      text9        02DB
__size_of_LCD_cmd             (abs)        0000
__size_of_LCD_dat             (abs)        0000
__size_of_LCD_init            (abs)        0000
__size_of___awdiv             (abs)        0000
__size_of___awmod             (abs)        0000
__size_of___bmul              (abs)        0000
__size_of_attach_sizes        (abs)        0000
__size_of_display_data        (abs)        0000
__size_of_fetch_sizes         (abs)        0000
__size_of_key                 (abs)        0000
__size_of_keyinit             (abs)        0000
__size_of_lookuptable         (abs)        0000
__size_of_main                (abs)        0000
__size_of_show                (abs)        0000
__size_of_winiding_time_check (abs)        0000
__stringbase                  strings      0008
__stringtab                   strings      0003
_attach_sizes                 text9        02DB
_b1                           bssBANK0     0039
_b2                           bssBANK0     0038
_bs                           bssBANK0     0033
_c1                           bssBANK0     0037
_c2                           bssBANK0     0036
_colloc                       bssBANK0     003C
_cs                           bssBANK0     0032
_display_data                 text6        0550
_fetch_sizes                  text4        05D6
_key                          text5        0694
_keyinit                      text3        0254
_keypad                       dataBANK0    0020
_lookuptable                  text2        0466
_main                         maintext     04DA
_n1                           bssBANK0     0035
_n2                           bssBANK0     0034
_nt                           bssBANK0     0031
_rowloc                       bssBANK0     003D
_show                         text7        02BC
_turn_time                    bssBANK0     003A
_winding_time                 bssBANK0     0030
_winiding_time_check          text1        025C
btemp                         (abs)        007E
end_of_initialization         cinit        07FC
init_fetch0                   inittext     0275
init_ram0                     inittext     0279
intlevel0                     functab      0000
intlevel1                     functab      0000
intlevel2                     functab      0000
intlevel3                     functab      0000
intlevel4                     functab      0000
intlevel5                     functab      0000
main@winding_time0            cstackCOMMON 007D
main@wt                       cstackCOMMON 007C
reset_vec                     reset_vec    0000
show@s                        cstackCOMMON 0074
start                         init         0000
start_initialization          cinit        07E0
wtemp0                        (abs)        007E


MODULE INFORMATION

Module		Function		Class		Link	Load	Size
C:\Program Files\Microchip\xc8\v2.32\pic\sources\c90\common\Umul8.c
		___bmul        		CODE           	0288	0000	21

C:\Program Files\Microchip\xc8\v2.32\pic\sources\c90\common\Umul8.c estimated size: 21

C:\Program Files\Microchip\xc8\v2.32\pic\sources\c90\common\awmod.c
		___awmod       		CODE           	03A6	0000	89

C:\Program Files\Microchip\xc8\v2.32\pic\sources\c90\common\awmod.c estimated size: 89

shared
		__stringtab    		STRING         	0003	0000	6
		__initialization		CODE           	07E0	0000	28

shared estimated size: 34

C:\Program Files\Microchip\xc8\v2.32\pic\sources\c90\common\awdiv.c
		___awdiv       		CODE           	03FF	0000	103

C:\Program Files\Microchip\xc8\v2.32\pic\sources\c90\common\awdiv.c estimated size: 103

main.c
		_lookuptable   		CODE           	0466	0000	116
		_attach_sizes  		CODE           	02DB	0000	51
		_display_data  		CODE           	0550	0000	134
		_winiding_time_check		CODE           	025C	0000	9
		_main          		CODE           	04DA	0000	118
		_keyinit       		CODE           	0254	0000	8
		_show          		CODE           	02BC	0000	31
		_fetch_sizes   		CODE           	05D6	0000	190
		_LCD_init      		CODE           	029D	0000	31
		_key           		CODE           	0694	0000	332
		_LCD_cmd       		CODE           	030E	0000	76
		_LCD_dat       		CODE           	035A	0000	76

main.c estimated size: 1172

