Microchip MPLAB XC8 Compiler V2.32

Linker command line:

-W-3 --edf=C:\Program Files\Microchip\xc8\v2.32\pic\dat\en_msgs.txt -cn \
  -h+dist/default/production\P01A.GPS_INTERFACING_RX__.X.production.sym \
  --cmf=dist/default/production\P01A.GPS_INTERFACING_RX__.X.production.cmf \
  -z -Q16F877A -oC:\Users\Naseef\AppData\Local\Temp\xcAsamc.4 \
  --defsym=__MPLAB_BUILD=1 \
  -Mdist/default/production/P01A.GPS_INTERFACING_RX__.X.production.map -E1 \
  -ver=XC8 Compiler --acfsm=1493 -ASTACK=0110h-016Fh -pstack=STACK \
  -ACODE=00h-07FFhx4 -ASTRCODE=00h-01FFFh -ASTRING=00h-0FFhx32 \
  -ACONST=00h-0FFhx32 -AENTRY=00h-0FFhx32 -ACOMMON=070h-07Fh \
  -ABANK0=020h-06Fh -ABANK1=0A0h-0EFh -ABANK2=0110h-016Fh \
  -ABANK3=0190h-01EFh -ARAM=020h-06Fh,0A0h-0EFh,0110h-016Fh,0190h-01EFh \
  -AABS1=020h-07Fh,0A0h-0EFh,0110h-016Fh,0190h-01EFh -ASFR0=00h-01Fh \
  -ASFR1=080h-09Fh -ASFR2=0100h-010Fh -ASFR3=0180h-018Fh \
  -ACONFIG=02007h-02007h -DCONFIG=2 -AIDLOC=02000h-02003h -DIDLOC=2 \
  -AEEDATA=00h-0FFh/02100h -peeprom_data=EEDATA -DEEDATA=2 -DCODE=2 \
  -DSTRCODE=2 -DSTRING=2 -DCONST=2 -DENTRY=2 \
  -preset_vec=00h,intentry=04h,init,end_init -ppowerup=CODE -pcinit=CODE \
  -pfunctab=ENTRY -k C:\Users\Naseef\AppData\Local\Temp\xcAsamc.o \
  dist/default/production\P01A.GPS_INTERFACING_RX__.X.production.o 

Object code version is 3.11

Machine type is 16F877A



                Name                               Link     Load   Length Selector   Space Scale
C:\Users\Naseef\AppData\Local\Temp\xcAsamc.o
                end_init                             12       12        3        8       0
                reset_vec                             0        0        3        0       0
                config                             2007     2007        1        0       4
                idloc                              2000     2000        4        0       5
dist/default/production\P01A.GPS_INTERFACING_RX__.X.production.o
                cinit                                15       15       1B        8       0
                intentry                              4        4        E        8       0
                config                             2007     2007        1        0       4
                idloc                              2000     2000        4        0       5
                text9                               109      109       2A        8       0
                text8                               1BA      1BA       20        8       0
                text7                               19A      19A       20        8       0
                text6                                30       30       9A        8       0
                text5                               178      178       22        8       0
                text4                               1DA      1DA       1E        8       0
                text3                               21B      21B        C      436       0
                text2                               156      156       22        8       0
                text1                               133      133       23        8       0
                maintext                             CA       CA       3F        8       0
                cstackBANK0                          32       32        8       20       1
                cstackCOMMON                         70       70        D       70       1
                clrtext                             227      227        8      436       0
                inittext                            1F8      1F8       13        8       0
                dataBANK0                            3A       3A        7       20       1
                bssBANK0                             20       20       12       20       1
                bssCOMMON                            7D       7D        1       70       1
                strings                             20B      20B       10      416       0
                idataBANK0                          22F      22F        7      436       0

TOTAL           Name                               Link     Load   Length     Space
        CLASS   STACK          

        CLASS   CODE           
                end_init                             12       12        3         0
                cinit                                15       15       1B         0
                intentry                              4        4        E         0
                reset_vec                             0        0        3         0
                text9                               109      109       2A         0
                text8                               1BA      1BA       20         0
                text7                               19A      19A       20         0
                text6                                30       30       9A         0
                text5                               178      178       22         0
                text4                               1DA      1DA       1E         0
                text3                               21B      21B        C         0
                text2                               156      156       22         0
                text1                               133      133       23         0
                maintext                             CA       CA       3F         0
                clrtext                             227      227        8         0
                inittext                            1F8      1F8       13         0
                idataBANK0                          22F      22F        7         0

        CLASS   STRCODE        

        CLASS   STRING         
                strings                             20B      20B       10         0

        CLASS   CONST          

        CLASS   ENTRY          

        CLASS   COMMON         
                cstackCOMMON                         70       70        D         1
                bssCOMMON                            7D       7D        1         1

        CLASS   BANK0          
                cstackBANK0                          32       32        8         1
                dataBANK0                            3A       3A        7         1
                bssBANK0                             20       20       12         1

        CLASS   BANK1          

        CLASS   BANK2          

        CLASS   BANK3          

        CLASS   RAM            

        CLASS   ABS1           
                abs_s1                               7E       7E        2         1

        CLASS   SFR0           

        CLASS   SFR1           

        CLASS   SFR2           

        CLASS   SFR3           

        CLASS   CONFIG         
                config                             2007     2007        1         4

        CLASS   IDLOC          
                idloc                              2000     2000        4         5

        CLASS   EEDATA         



SEGMENTS        Name                           Load    Length   Top    Selector   Space  Class     Delta

                reset_vec                      000000  000003  000003         0       0  CODE        2
                intentry                       000004  000207  00020B         8       0  CODE        2
                bssBANK0                       000020  000021  000041        20       1  BANK0       1
                cstackCOMMON                   000070  00000E  00007E        70       1  COMMON      1
                strings                        00020B  000010  00021B       416       0  STRING      2
                text3                          00021B  00001B  000236       436       0  CODE        2


UNUSED ADDRESS RANGES

        Name                Unused          Largest block    Delta
        BANK0            0041-006F             2F           1
        BANK1            00A0-00EF             50           1
        BANK2            0110-016F             60           1
        BANK3            0190-01EF             60           1
        CODE             0003-0003              1           2
                         0236-1FFF            800
        CONST            0003-0003              1           2
                         0236-1FFF            100
        EEDATA           2100-21FF            100           2
        ENTRY            0003-0003              1           2
                         0236-1FFF            100
        RAM              0041-006F             2F           1
                         00A0-00EF             50
                         0110-016F             60
                         0190-01EF             60
        SFR0             0000-001F             20           1
        SFR1             0080-009F             20           1
        SFR2             0100-010F             10           1
        SFR3             0180-018F             10           1
        STACK            0110-016F             60           1
        STRCODE          0003-0003              1           2
                         0236-1FFF           1DCA
        STRING           0003-0003              1           2
                         0236-1FFF            100

                                  Symbol Table

?_strcmp                 cstackCOMMON 0070
LCD_command@cmd          cstackBANK0  0032
LCD_command@i            cstackBANK0  0033
LCD_data@data            cstackBANK0  0032
LCD_data@i               cstackBANK0  0033
_INTCON                  (abs)        000B
_LCD_command             text5        0178
_LCD_data                text2        0156
_LCD_init                text4        01DA
_PIE1                    (abs)        008C
_PORTD                   (abs)        0008
_RC0                     (abs)        0038
_RC1                     (abs)        0039
_RC2                     (abs)        003A
_RC3                     (abs)        003B
_RCIE                    (abs)        0465
_RCIF                    (abs)        0065
_RCREG                   (abs)        001A
_RCSTA                   (abs)        0018
_SPBRG                   (abs)        0099
_TRISC0                  (abs)        0438
_TRISC1                  (abs)        0439
_TRISC2                  (abs)        043A
_TRISC3                  (abs)        043B
_TRISC4                  (abs)        043C
_TRISD                   (abs)        0088
__Habs1                  abs1         0000
__Hbank0                 bank0        0000
__Hbank1                 bank1        0000
__Hbank2                 bank2        0000
__Hbank3                 bank3        0000
__HbssBANK0              bssBANK0     0000
__HbssCOMMON             bssCOMMON    0000
__Hcinit                 cinit        0030
__Hclrtext               clrtext      0000
__Hcode                  code         0000
__Hcommon                common       0000
__Hconfig                config       2008
__HcstackBANK0           cstackBANK0  0000
__HcstackCOMMON          cstackCOMMON 0000
__HdataBANK0             dataBANK0    0000
__Heeprom_data           eeprom_data  0000
__Hend_init              end_init     0015
__Hfunctab               functab      0000
__HidataBANK0            idataBANK0   0000
__Hidloc                 idloc        2004
__Hinit                  init         0012
__Hinittext              inittext     0000
__Hintentry              intentry     0012
__Hmaintext              maintext     0000
__Hpowerup               powerup      0000
__Hram                   ram          0000
__Hreset_vec             reset_vec    0003
__Hsfr0                  sfr0         0000
__Hsfr1                  sfr1         0000
__Hsfr2                  sfr2         0000
__Hsfr3                  sfr3         0000
__Hspace_0               (abs)        0236
__Hspace_1               (abs)        007E
__Hspace_2               (abs)        0000
__Hspace_3               (abs)        0000
__Hspace_4               (abs)        400F
__Hstack                 stack        0000
__Hstrings               strings      0000
__Htext                  text         0000
__Labs1                  abs1         0000
__Lbank0                 bank0        0000
__Lbank1                 bank1        0000
__Lbank2                 bank2        0000
__Lbank3                 bank3        0000
__LbssBANK0              bssBANK0     0000
__LbssCOMMON             bssCOMMON    0000
__Lcinit                 cinit        0015
__Lclrtext               clrtext      0000
__Lcode                  code         0000
__Lcommon                common       0000
__Lconfig                config       0000
__LcstackBANK0           cstackBANK0  0000
__LcstackCOMMON          cstackCOMMON 0000
__LdataBANK0             dataBANK0    0000
__Leeprom_data           eeprom_data  0000
__Lend_init              end_init     0012
__Lfunctab               functab      0000
__LidataBANK0            idataBANK0   0000
__Lidloc                 idloc        0000
__Linit                  init         0012
__Linittext              inittext     0000
__Lintentry              intentry     0004
__Lmaintext              maintext     0000
__Lpowerup               powerup      0000
__Lram                   ram          0000
__Lreset_vec             reset_vec    0000
__Lsfr0                  sfr0         0000
__Lsfr1                  sfr1         0000
__Lsfr2                  sfr2         0000
__Lsfr3                  sfr3         0000
__Lspace_0               (abs)        0000
__Lspace_1               (abs)        0000
__Lspace_2               (abs)        0000
__Lspace_3               (abs)        0000
__Lspace_4               (abs)        0000
__Lstack                 stack        0000
__Lstrings               strings      0000
__Ltext                  text         0000
__S0                     (abs)        0236
__S1                     (abs)        007E
__S2                     (abs)        0000
__S3                     (abs)        0000
___int_sp                stack        0000
___latbits               (abs)        0002
___sp                    stack        0000
___stackhi               (abs)        0000
___stacklo               (abs)        0000
__end_of_LCD_command     text5        019A
__end_of_LCD_data        text2        0178
__end_of_LCD_init        text4        01F8
__end_of__initialization cinit        002C
__end_of__stringtab      strings      0211
__end_of_main            maintext     0109
__end_of_ser             text6        00CA
__end_of_serial_init     text3        0227
__end_of_show            text1        0156
__end_of_strcmp          text9        0133
__end_ofi1_LCD_command   text8        01DA
__end_ofi1_LCD_data      text7        01BA
__initialization         cinit        0015
__pbssBANK0              bssBANK0     0020
__pbssCOMMON             bssCOMMON    007D
__pcstackBANK0           cstackBANK0  0032
__pcstackCOMMON          cstackCOMMON 0070
__pdataBANK0             dataBANK0    003A
__pidataBANK0            idataBANK0   022F
__pintentry              intentry     0004
__pmaintext              maintext     00CA
__pstrings               strings      020B
__ptext1                 text1        0133
__ptext2                 text2        0156
__ptext3                 text3        021B
__ptext4                 text4        01DA
__ptext5                 text5        0178
__ptext6                 text6        0030
__ptext7                 text7        019A
__ptext8                 text8        01BA
__ptext9                 text9        0109
__size_of_LCD_command    (abs)        0000
__size_of_LCD_data       (abs)        0000
__size_of_LCD_init       (abs)        0000
__size_of_main           (abs)        0000
__size_of_ser            (abs)        0000
__size_of_serial_init    (abs)        0000
__size_of_show           (abs)        0000
__size_of_strcmp         (abs)        0000
__size_ofi1_LCD_command  (abs)        0000
__size_ofi1_LCD_data     (abs)        0000
__stringbase             strings      0210
__stringtab              strings      020B
_checkgps                bssBANK0     0029
_f                       bssCOMMON    007D
_gpsdat                  bssBANK0     0020
_h                       bssBANK0     0027
_main                    maintext     00CA
_msggps                  bssBANK0     002A
_name1gps                dataBANK0    003A
_namegps                 bssBANK0     002B
_ser                     text6        0030
_serial_init             text3        021B
_show                    text1        0133
_strcmp                  text9        0109
btemp                    (abs)        007E
clear_ram0               clrtext      0227
end_of_initialization    cinit        002C
i1LCD_command@cmd        cstackCOMMON 0070
i1LCD_command@i          cstackCOMMON 0071
i1LCD_data@data          cstackCOMMON 0070
i1LCD_data@i             cstackCOMMON 0071
i1_LCD_command           text8        01BA
i1_LCD_data              text7        019A
init_fetch0              inittext     01F8
init_ram0                inittext     01FC
interrupt_function       intentry     0004
intlevel0                functab      0000
intlevel1                functab      0000
intlevel2                functab      0000
intlevel3                functab      0000
intlevel4                functab      0000
intlevel5                functab      0000
reset_vec                reset_vec    0000
saved_w                  (abs)        007E
show@s                   cstackBANK0  0036
start                    init         0012
start_initialization     cinit        0015
strcmp@r                 cstackCOMMON 0075
strcmp@s1                cstackCOMMON 0076
strcmp@s2                cstackCOMMON 0070
wtemp0                   (abs)        007E


MODULE INFORMATION

Module		Function		Class		Link	Load	Size
C:\Program Files\Microchip\xc8\v2.32\pic\sources\c90\common\strcmp.c
		_strcmp        		CODE           	0109	0000	42

C:\Program Files\Microchip\xc8\v2.32\pic\sources\c90\common\strcmp.c estimated size: 42

shared
		__stringtab    		STRING         	020B	0000	6
		i1_LCD_command 		CODE           	01BA	0000	32
		__initialization		CODE           	0015	0000	23
		i1_LCD_data    		CODE           	019A	0000	32

shared estimated size: 93

main.c
		_main          		CODE           	00CA	0000	63
		_ser           		CODE           	0030	0000	154
		_show          		CODE           	0133	0000	35
		_LCD_init      		CODE           	01DA	0000	30
		_serial_init   		CODE           	021B	0000	12
		_LCD_command   		CODE           	0178	0000	34
		_LCD_data      		CODE           	0156	0000	34

main.c estimated size: 362

