Microchip MPLAB XC8 Compiler V2.32

Linker command line:

-W-3 --edf=C:\Program Files\Microchip\xc8\v2.32\pic\dat\en_msgs.txt -cn \
  -h+dist/default/production\P03._DATA_RECORDER.production.sym \
  --cmf=dist/default/production\P03._DATA_RECORDER.production.cmf -z \
  -Q16F877A -oC:\Users\Naseef\AppData\Local\Temp\xcAsas8.4 \
  --defsym=__MPLAB_BUILD=1 \
  -Mdist/default/production/P03._DATA_RECORDER.production.map -E1 \
  -ver=XC8 Compiler --acfsm=1493 -ASTACK=0110h-016Fh -pstack=STACK \
  -ACODE=00h-07FFhx4 -ASTRCODE=00h-01FFFh -ASTRING=00h-0FFhx32 \
  -ACONST=00h-0FFhx32 -AENTRY=00h-0FFhx32 -ACOMMON=070h-07Fh \
  -ABANK0=020h-06Fh -ABANK1=0A0h-0EFh -ABANK2=0110h-016Fh \
  -ABANK3=0190h-01EFh -ARAM=020h-06Fh,0A0h-0EFh,0110h-016Fh,0190h-01EFh \
  -AABS1=020h-07Fh,0A0h-0EFh,0110h-016Fh,0190h-01EFh -ASFR0=00h-01Fh \
  -ASFR1=080h-09Fh -ASFR2=0100h-010Fh -ASFR3=0180h-018Fh \
  -ACONFIG=02007h-02007h -DCONFIG=2 -AIDLOC=02000h-02003h -DIDLOC=2 \
  -AEEDATA=00h-0FFh/02100h -peeprom_data=EEDATA -DEEDATA=2 -DCODE=2 \
  -DSTRCODE=2 -DSTRING=2 -DCONST=2 -DENTRY=2 \
  -preset_vec=00h,intentry,init,end_init -ppowerup=CODE -pcinit=CODE \
  -pfunctab=ENTRY -k C:\Users\Naseef\AppData\Local\Temp\xcAsas8.o \
  dist/default/production\P03._DATA_RECORDER.production.o 

Object code version is 3.11

Machine type is 16F877A



                Name                               Link     Load   Length Selector   Space Scale
C:\Users\Naseef\AppData\Local\Temp\xcAsas8.o
                end_init                              0        0        3        0       0
                config                             2007     2007        1        0       4
                idloc                              2000     2000        4        0       5
dist/default/production\P03._DATA_RECORDER.production.o
                cinit                               7E7      7E7       19      FCE       0
                config                             2007     2007        1        0       4
                idloc                              2000     2000        4        0       5
                text36                              EC7      EC7       64     1D8E       0
                text35                              D2D      D2D       40     1A5A       0
                text34                              C83      C83       36     1906       0
                text33                              D6D      D6D       40     1ADA       0
                text32                               CF       CF       9D      19E       0
                text31                              E33      E33       46     1C66       0
                text30                              DEF      DEF       44     1BDE       0
                text29                              CB9      CB9       3A     1972       0
                text28                              BE1      BE1        F     17C2       0
                text27                              16C      16C       BF      2D8       0
                text26                              BB1      BB1        B     1762       0
                text25                              F92      F92       6E     1F24       0
                text24                              C62      C62       21     18C4       0
                text23                              DAD      DAD       42     1B5A       0
                text22                              C29      C29       1A     1852       0
                text21                              C43      C43       1F     1886       0
                text20                              F2B      F2B       67     1E56       0
                text19                                6        6       59        C       0
                text18                              4C3      4C3      192      986       0
                text17                              655      655      192      CAA       0
                text16                              22B      22B       D6      456       0
                text15                              C01      C01       12     1802       0
                text14                              B85      B85        8     170A       0
                text13                              BA7      BA7        A     174E       0
                text12                              BBC      BBC        C     1778       0
                text11                              B95      B95        9     172A       0
                text10                              BF0      BF0       11     17E0       0
                text9                               B9E      B9E        9     173C       0
                text8                               CF3      CF3       3A     19E6       0
                text7                               E79      E79       4E     1CF2       0
                text6                               C13      C13       16     1826       0
                text5                               B80      B80        5     1700       0
                text4                               BC8      BC8        C     1790       0
                text3                               301      301       E1      602       0
                text2                               3E2      3E2       E1      7C4       0
                text1                               BD4      BD4        D     17A8       0
                maintext                             5F       5F       70       BE       0
                cstackBANK0                          20       20       26       20       1
                cstackCOMMON                         70       70        E       70       1
                clrtext                             B8D      B8D        8     171A       0
                dataBANK0                            6B       6B        2       20       1
                bssBANK0                             46       46       25       20       1
                strings                             800      800       12     1000       0
                idataBANK0                            4        4        2        8       0

TOTAL           Name                               Link     Load   Length     Space
        CLASS   STACK          

        CLASS   CODE           
                end_init                              0        0        3         0
                cinit                               7E7      7E7       19         0
                text36                              EC7      EC7       64         0
                text35                              D2D      D2D       40         0
                text34                              C83      C83       36         0
                text33                              D6D      D6D       40         0
                text32                               CF       CF       9D         0
                text31                              E33      E33       46         0
                text30                              DEF      DEF       44         0
                text29                              CB9      CB9       3A         0
                text28                              BE1      BE1        F         0
                text27                              16C      16C       BF         0
                text26                              BB1      BB1        B         0
                text25                              F92      F92       6E         0
                text24                              C62      C62       21         0
                text23                              DAD      DAD       42         0
                text22                              C29      C29       1A         0
                text21                              C43      C43       1F         0
                text20                              F2B      F2B       67         0
                text19                                6        6       59         0
                text18                              4C3      4C3      192         0
                text17                              655      655      192         0
                text16                              22B      22B       D6         0
                text15                              C01      C01       12         0
                text14                              B85      B85        8         0
                text13                              BA7      BA7        A         0
                text12                              BBC      BBC        C         0
                text11                              B95      B95        9         0
                text10                              BF0      BF0       11         0
                text9                               B9E      B9E        9         0
                text8                               CF3      CF3       3A         0
                text7                               E79      E79       4E         0
                text6                               C13      C13       16         0
                text5                               B80      B80        5         0
                text4                               BC8      BC8        C         0
                text3                               301      301       E1         0
                text2                               3E2      3E2       E1         0
                text1                               BD4      BD4        D         0
                maintext                             5F       5F       70         0
                clrtext                             B8D      B8D        8         0
                idataBANK0                            4        4        2         0

        CLASS   STRCODE        

        CLASS   STRING         
                strings                             800      800       12         0

        CLASS   CONST          

        CLASS   ENTRY          

        CLASS   COMMON         
                cstackCOMMON                         70       70        E         1

        CLASS   BANK0          
                cstackBANK0                          20       20       26         1
                dataBANK0                            6B       6B        2         1
                bssBANK0                             46       46       25         1

        CLASS   BANK1          

        CLASS   BANK2          

        CLASS   BANK3          

        CLASS   RAM            

        CLASS   ABS1           
                abs_s1                               7E       7E        2         1

        CLASS   SFR0           

        CLASS   SFR1           

        CLASS   SFR2           

        CLASS   SFR3           

        CLASS   CONFIG         
                config                             2007     2007        1         4

        CLASS   IDLOC          
                idloc                              2000     2000        4         5

        CLASS   EEDATA         



SEGMENTS        Name                           Load    Length   Top    Selector   Space  Class     Delta

                reset_vec                      000000  000003  000003         0       0  CODE        2
                idataBANK0                     000004  000002  000006         8       0  CODE        2
                text19                         000006  000059  00005F         C       0  CODE        2
                cstackBANK0                    000020  00004D  00006D        20       1  BANK0       1
                cstackCOMMON                   000070  00000E  00007E        70       1  COMMON      1
                maintext                       00005F  000070  0000CF        BE       0  CODE        2
                text32                         0000CF  00009D  00016C       19E       0  CODE        2
                text27                         00016C  0000BF  00022B       2D8       0  CODE        2
                text16                         00022B  0000D6  000301       456       0  CODE        2
                text3                          000301  0000E1  0003E2       602       0  CODE        2
                text2                          0003E2  0000E1  0004C3       7C4       0  CODE        2
                text18                         0004C3  000192  000655       986       0  CODE        2
                text17                         000655  000192  0007E7       CAA       0  CODE        2
                cinit                          0007E7  000019  000800       FCE       0  CODE        2
                strings                        000800  000012  000812      1000       0  STRING      2
                text5                          000B80  000005  000B85      1700       0  CODE        2
                text14                         000B85  000008  000B8D      170A       0  CODE        2
                clrtext                        000B8D  000008  000B95      171A       0  CODE        2
                text11                         000B95  000009  000B9E      172A       0  CODE        2
                text9                          000B9E  000009  000BA7      173C       0  CODE        2
                text13                         000BA7  00000A  000BB1      174E       0  CODE        2
                text26                         000BB1  00000B  000BBC      1762       0  CODE        2
                text12                         000BBC  00000C  000BC8      1778       0  CODE        2
                text4                          000BC8  00000C  000BD4      1790       0  CODE        2
                text1                          000BD4  00000D  000BE1      17A8       0  CODE        2
                text28                         000BE1  00000F  000BF0      17C2       0  CODE        2
                text10                         000BF0  000011  000C01      17E0       0  CODE        2
                text15                         000C01  000012  000C13      1802       0  CODE        2
                text6                          000C13  000016  000C29      1826       0  CODE        2
                text22                         000C29  00001A  000C43      1852       0  CODE        2
                text21                         000C43  00001F  000C62      1886       0  CODE        2
                text24                         000C62  000021  000C83      18C4       0  CODE        2
                text34                         000C83  000036  000CB9      1906       0  CODE        2
                text29                         000CB9  00003A  000CF3      1972       0  CODE        2
                text8                          000CF3  00003A  000D2D      19E6       0  CODE        2
                text35                         000D2D  000040  000D6D      1A5A       0  CODE        2
                text33                         000D6D  000040  000DAD      1ADA       0  CODE        2
                text23                         000DAD  000042  000DEF      1B5A       0  CODE        2
                text30                         000DEF  000044  000E33      1BDE       0  CODE        2
                text31                         000E33  000046  000E79      1C66       0  CODE        2
                text7                          000E79  00004E  000EC7      1CF2       0  CODE        2
                text36                         000EC7  000064  000F2B      1D8E       0  CODE        2
                text20                         000F2B  000067  000F92      1E56       0  CODE        2
                text25                         000F92  00006E  001000      1F24       0  CODE        2


UNUSED ADDRESS RANGES

        Name                Unused          Largest block    Delta
        BANK0            006D-006F              3           1
        BANK1            00A0-00EF             50           1
        BANK2            0110-016F             60           1
        BANK3            0190-01EF             60           1
        CODE             0003-0003              1           2
                         0812-0B7F            36E
                         1000-1FFF            800
        CONST            0003-0003              1           2
                         0812-0B7F            100
                         1000-1FFF            100
        EEDATA           2100-21FF            100           2
        ENTRY            0003-0003              1           2
                         0812-0B7F            100
                         1000-1FFF            100
        RAM              006D-006F              3           1
                         00A0-00EF             50
                         0110-016F             60
                         0190-01EF             60
        SFR0             0000-001F             20           1
        SFR1             0080-009F             20           1
        SFR2             0100-010F             10           1
        SFR3             0180-018F             10           1
        STACK            0110-016F             60           1
        STRCODE          0003-0003              1           2
                         0812-0B7F            36E
                         1000-1FFF           1000
        STRING           0003-0003              1           2
                         0812-0B7F            100
                         1000-1FFF            100

                                  Symbol Table

?___aldiv                      cstackBANK0  0020
?___awdiv                      cstackCOMMON 0070
?___awmod                      cstackCOMMON 0070
?___lmul                       cstackCOMMON 0070
?___lwdiv                      cstackCOMMON 0070
?___lwmod                      cstackCOMMON 0070
LCD_Char@data                  cstackCOMMON 0072
LCD_Command@cmnd               cstackCOMMON 0072
LCD_num@digit1                 cstackBANK0  0032
LCD_num@digit2                 cstackBANK0  0034
LCD_num@digit3                 cstackBANK0  0036
LCD_num@remainder              cstackBANK0  003C
LCD_num@result                 cstackBANK0  0038
LCD_num@result1                cstackBANK0  003A
LCD_num@val                    cstackBANK0  002E
ReadData@i                     cstackCOMMON 0072
ReadData@j                     cstackCOMMON 0073
_ACKDT                         (abs)        048D
_ACKEN                         (abs)        048C
_ACKSTAT                       (abs)        048E
_ADCON0                        (abs)        001F
_ADCON1                        (abs)        009F
_ADC_Init                      text36       0EC7
_ADRESH                        (abs)        001E
_ADRESL                        (abs)        009E
_AV                            bssBANK0     0046
_Check                         bssBANK0     006A
_CheckResponse                 text24       0C62
_GO_nDONE                      (abs)        00FA
_LCD_Char                      text33       0D6D
_LCD_Command                   text35       0D2D
_LCD_init                      text34       0C83
_LCD_num                       text27       016C
_PEN                           (abs)        048A
_PORTB                         (abs)        0006
_PORTDbits                     (abs)        0008
_RC0                           (abs)        0038
_RC1                           (abs)        0039
_RCEN                          (abs)        048B
_RCIF                          (abs)        0065
_RCREG                         (abs)        001A
_RCSTA                         (abs)        0018
_RH                            bssBANK0     005A
_RH_byte1                      bssBANK0     0067
_RH_byte2                      bssBANK0     0066
_RSEN                          (abs)        0489
_ReadData                      text23       0DAD
_SEN                           (abs)        0488
_SPBRG                         (abs)        0099
_SSPADD                        (abs)        0093
_SSPBUF                        (abs)        0013
_SSPCON                        (abs)        0014
_SSPIF                         (abs)        0063
_StartSignal                   text22       0C29
_Sum                           bssBANK0     0058
_TRISBbits                     (abs)        0086
_TRISC3                        (abs)        043B
_TRISC4                        (abs)        043C
_TRISCbits                     (abs)        0087
_TRISDbits                     (abs)        0088
_TXIF                          (abs)        0064
_TXREG                         (abs)        0019
_TXSTA                         (abs)        0098
_T_byte1                       bssBANK0     0069
_T_byte2                       bssBANK0     0068
_Temp                          bssBANK0     005C
__Habs1                        abs1         0000
__Hbank0                       bank0        0000
__Hbank1                       bank1        0000
__Hbank2                       bank2        0000
__Hbank3                       bank3        0000
__HbssBANK0                    bssBANK0     0000
__Hcinit                       cinit        0800
__Hclrtext                     clrtext      0000
__Hcode                        code         0000
__Hcommon                      common       0000
__Hconfig                      config       2008
__HcstackBANK0                 cstackBANK0  0000
__HcstackCOMMON                cstackCOMMON 0000
__HdataBANK0                   dataBANK0    0000
__Heeprom_data                 eeprom_data  0000
__Hend_init                    end_init     0003
__Hfunctab                     functab      0000
__HidataBANK0                  idataBANK0   0000
__Hidloc                       idloc        2004
__Hinit                        init         0000
__Hintentry                    intentry     0000
__Hmaintext                    maintext     0000
__Hpowerup                     powerup      0000
__Hram                         ram          0000
__Hreset_vec                   reset_vec    0000
__Hsfr0                        sfr0         0000
__Hsfr1                        sfr1         0000
__Hsfr2                        sfr2         0000
__Hsfr3                        sfr3         0000
__Hspace_0                     (abs)        1000
__Hspace_1                     (abs)        007E
__Hspace_2                     (abs)        0000
__Hspace_3                     (abs)        0000
__Hspace_4                     (abs)        400F
__Hstack                       stack        0000
__Hstrings                     strings      0000
__Htext                        text         0000
__Labs1                        abs1         0000
__Lbank0                       bank0        0000
__Lbank1                       bank1        0000
__Lbank2                       bank2        0000
__Lbank3                       bank3        0000
__LbssBANK0                    bssBANK0     0000
__Lcinit                       cinit        07E7
__Lclrtext                     clrtext      0000
__Lcode                        code         0000
__Lcommon                      common       0000
__Lconfig                      config       0000
__LcstackBANK0                 cstackBANK0  0000
__LcstackCOMMON                cstackCOMMON 0000
__LdataBANK0                   dataBANK0    0000
__Leeprom_data                 eeprom_data  0000
__Lend_init                    end_init     0000
__Lfunctab                     functab      0000
__LidataBANK0                  idataBANK0   0000
__Lidloc                       idloc        0000
__Linit                        init         0000
__Lintentry                    intentry     0000
__Lmaintext                    maintext     0000
__Lpowerup                     powerup      0000
__Lram                         ram          0000
__Lreset_vec                   reset_vec    0000
__Lsfr0                        sfr0         0000
__Lsfr1                        sfr1         0000
__Lsfr2                        sfr2         0000
__Lsfr3                        sfr3         0000
__Lspace_0                     (abs)        0000
__Lspace_1                     (abs)        0000
__Lspace_2                     (abs)        0000
__Lspace_3                     (abs)        0000
__Lspace_4                     (abs)        0000
__Lstack                       stack        0000
__Lstrings                     strings      0000
__Ltext                        text         0000
__S0                           (abs)        1000
__S1                           (abs)        007E
__S2                           (abs)        0000
__S3                           (abs)        0000
___aldiv                       text32       00CF
___aldiv@counter               cstackBANK0  0028
___aldiv@dividend              cstackBANK0  0024
___aldiv@divisor               cstackBANK0  0020
___aldiv@quotient              cstackBANK0  002A
___aldiv@sign                  cstackBANK0  0029
___awdiv                       text20       0F2B
___awdiv@counter               cstackCOMMON 0075
___awdiv@dividend              cstackCOMMON 0072
___awdiv@divisor               cstackCOMMON 0070
___awdiv@quotient              cstackCOMMON 0077
___awdiv@sign                  cstackCOMMON 0076
___awmod                       text19       0006
___awmod@counter               cstackCOMMON 0075
___awmod@dividend              cstackCOMMON 0072
___awmod@divisor               cstackCOMMON 0070
___awmod@sign                  cstackCOMMON 0076
___int_sp                      stack        0000
___latbits                     (abs)        0002
___lmul                        text31       0E33
___lmul@multiplicand           cstackCOMMON 0074
___lmul@multiplier             cstackCOMMON 0070
___lmul@product                cstackCOMMON 0079
___lwdiv                       text30       0DEF
___lwdiv@counter               cstackCOMMON 0077
___lwdiv@dividend              cstackCOMMON 0072
___lwdiv@divisor               cstackCOMMON 0070
___lwdiv@quotient              cstackCOMMON 0075
___lwmod                       text29       0CB9
___lwmod@counter               cstackCOMMON 0075
___lwmod@dividend              cstackCOMMON 0072
___lwmod@divisor               cstackCOMMON 0070
___sp                          stack        0000
___stackhi                     (abs)        0000
___stacklo                     (abs)        0000
__end_of_ADC_Init              text36       0F2B
__end_of_CheckResponse         text24       0C83
__end_of_LCD_Char              text33       0DAD
__end_of_LCD_Command           text35       0D6D
__end_of_LCD_init              text34       0CB9
__end_of_LCD_num               text27       022B
__end_of_ReadData              text23       0DEF
__end_of_StartSignal           text22       0C43
__end_of___aldiv               text32       016C
__end_of___awdiv               text20       0F92
__end_of___awmod               text19       005F
__end_of___lmul                text31       0E79
__end_of___lwdiv               text30       0E33
__end_of___lwmod               text29       0CF3
__end_of__initialization       cinit        07FC
__end_of__stringtab            strings      0806
__end_of_convd                 text5        0B85
__end_of_convup                text4        0BD4
__end_of_intdigits_chardigits  text28       0BF0
__end_of_main                  maintext     00CF
__end_of_print_analogvoltages  text25       1000
__end_of_print_dht11data       text16       0301
__end_of_print_serialnumber    text15       0C13
__end_of_rtc_getdata           text7        0EC7
__end_of_rtc_int               text6        0C29
__end_of_rtc_lcd_data          text3        03E2
__end_of_rtc_nak               text13       0BB1
__end_of_rtc_read              text12       0BC8
__end_of_rtc_read_byte         text8        0D2D
__end_of_rtc_res               text11       0B9E
__end_of_rtc_send              text10       0C01
__end_of_rtc_stop              text9        0BA7
__end_of_rtc_terminal_data     text2        04C3
__end_of_ser_int               text1        0BE1
__end_of_show                  text21       0C62
__end_of_show_multidigits      text18       0655
__end_of_tx                    text26       0BBC
__end_of_tx_sn                 text17       07E7
__end_of_waitmssp              text14       0B8D
__initialization               cinit        07E7
__pbssBANK0                    bssBANK0     0046
__pcstackBANK0                 cstackBANK0  0020
__pcstackCOMMON                cstackCOMMON 0070
__pdataBANK0                   dataBANK0    006B
__pidataBANK0                  idataBANK0   0004
__pmaintext                    maintext     005F
__pstrings                     strings      0800
__ptext1                       text1        0BD4
__ptext10                      text10       0BF0
__ptext11                      text11       0B95
__ptext12                      text12       0BBC
__ptext13                      text13       0BA7
__ptext14                      text14       0B85
__ptext15                      text15       0C01
__ptext16                      text16       022B
__ptext17                      text17       0655
__ptext18                      text18       04C3
__ptext19                      text19       0006
__ptext2                       text2        03E2
__ptext20                      text20       0F2B
__ptext21                      text21       0C43
__ptext22                      text22       0C29
__ptext23                      text23       0DAD
__ptext24                      text24       0C62
__ptext25                      text25       0F92
__ptext26                      text26       0BB1
__ptext27                      text27       016C
__ptext28                      text28       0BE1
__ptext29                      text29       0CB9
__ptext3                       text3        0301
__ptext30                      text30       0DEF
__ptext31                      text31       0E33
__ptext32                      text32       00CF
__ptext33                      text33       0D6D
__ptext34                      text34       0C83
__ptext35                      text35       0D2D
__ptext36                      text36       0EC7
__ptext4                       text4        0BC8
__ptext5                       text5        0B80
__ptext6                       text6        0C13
__ptext7                       text7        0E79
__ptext8                       text8        0CF3
__ptext9                       text9        0B9E
__size_of_ADC_Init             (abs)        0000
__size_of_CheckResponse        (abs)        0000
__size_of_LCD_Char             (abs)        0000
__size_of_LCD_Command          (abs)        0000
__size_of_LCD_init             (abs)        0000
__size_of_LCD_num              (abs)        0000
__size_of_ReadData             (abs)        0000
__size_of_StartSignal          (abs)        0000
__size_of___aldiv              (abs)        0000
__size_of___awdiv              (abs)        0000
__size_of___awmod              (abs)        0000
__size_of___lmul               (abs)        0000
__size_of___lwdiv              (abs)        0000
__size_of___lwmod              (abs)        0000
__size_of_convd                (abs)        0000
__size_of_convup               (abs)        0000
__size_of_intdigits_chardigits (abs)        0000
__size_of_main                 (abs)        0000
__size_of_print_analogvoltages (abs)        0000
__size_of_print_dht11data      (abs)        0000
__size_of_print_serialnumber   (abs)        0000
__size_of_rtc_getdata          (abs)        0000
__size_of_rtc_int              (abs)        0000
__size_of_rtc_lcd_data         (abs)        0000
__size_of_rtc_nak              (abs)        0000
__size_of_rtc_read             (abs)        0000
__size_of_rtc_read_byte        (abs)        0000
__size_of_rtc_res              (abs)        0000
__size_of_rtc_send             (abs)        0000
__size_of_rtc_stop             (abs)        0000
__size_of_rtc_terminal_data    (abs)        0000
__size_of_ser_int              (abs)        0000
__size_of_show                 (abs)        0000
__size_of_show_multidigits     (abs)        0000
__size_of_tx                   (abs)        0000
__size_of_tx_sn                (abs)        0000
__size_of_waitmssp             (abs)        0000
__stringbase                   strings      0805
__stringtab                    strings      0800
_avv                           bssBANK0     0051
_convd                         text5        0B80
_convup                        text4        0BC8
_date                          bssBANK0     0060
_day                           bssBANK0     0061
_hour                          bssBANK0     0062
_intdigits_chardigits          text28       0BE1
_main                          maintext     005F
_min                           bssBANK0     0063
_month                         bssBANK0     005F
_print_analogvoltages          text25       0F92
_print_dht11data               text16       022B
_print_serialnumber            text15       0C01
_rtc_getdata                   text7        0E79
_rtc_int                       text6        0C13
_rtc_lcd_data                  text3        0301
_rtc_nak                       text13       0BA7
_rtc_read                      text12       0BBC
_rtc_read_byte                 text8        0CF3
_rtc_res                       text11       0B95
_rtc_send                      text10       0BF0
_rtc_stop                      text9        0B9E
_rtc_terminal_data             text2        03E2
_sec                           bssBANK0     0064
_ser_int                       text1        0BD4
_show                          text21       0C43
_show_multidigits              text18       04C3
_sn                            dataBANK0    006B
_tx                            text26       0BB1
_tx_sn                         text17       0655
_waitmssp                      text14       0B85
_year                          bssBANK0     005E
btemp                          (abs)        007E
clear_ram0                     clrtext      0B8D
convd@bcd                      cstackCOMMON 0070
convup@bcd                     cstackCOMMON 0071
end_of_initialization          cinit        07FC
intdigits_chardigits@a         cstackCOMMON 0070
intdigits_chardigits@b         cstackCOMMON 0072
intdigits_chardigits@c         cstackCOMMON 0074
intlevel0                      functab      0000
intlevel1                      functab      0000
intlevel2                      functab      0000
intlevel3                      functab      0000
intlevel4                      functab      0000
intlevel5                      functab      0000
print_analogvoltages@i         cstackBANK0  0041
print_analogvoltages@j         cstackBANK0  0042
reset_vec                      reset_vec    0000
rtc_read_byte@addr             cstackCOMMON 0072
rtc_read_byte@rec              cstackCOMMON 0073
rtc_send@a                     cstackCOMMON 0070
show@s                         cstackCOMMON 0074
show_multidigits@digit1        cstackBANK0  0026
show_multidigits@digit2        cstackBANK0  0028
show_multidigits@digit3        cstackBANK0  0024
show_multidigits@digit4        cstackBANK0  0020
show_multidigits@remainder     cstackBANK0  002C
show_multidigits@result        cstackBANK0  0022
show_multidigits@result1       cstackBANK0  002A
show_multidigits@val           cstackCOMMON 0079
start                          init         0000
start_initialization           cinit        07E7
tx@a                           cstackCOMMON 0070
tx_sn@digit1                   cstackBANK0  0026
tx_sn@digit2                   cstackBANK0  0028
tx_sn@digit3                   cstackBANK0  0024
tx_sn@digit4                   cstackBANK0  0020
tx_sn@remainder                cstackBANK0  002C
tx_sn@result                   cstackBANK0  0022
tx_sn@result1                  cstackBANK0  002A
tx_sn@val                      cstackCOMMON 0079
wtemp0                         (abs)        007E


MODULE INFORMATION

Module		Function		Class		Link	Load	Size
C:\Program Files\Microchip\xc8\v2.32\pic\sources\c90\common\Umul32.c
		___lmul        		CODE           	0E33	0000	70

C:\Program Files\Microchip\xc8\v2.32\pic\sources\c90\common\Umul32.c estimated size: 70

./ds1307.h
		_convup        		CODE           	0BC8	0000	12
		_rtc_nak       		CODE           	0BA7	0000	10
		_rtc_stop      		CODE           	0B9E	0000	9
		_rtc_read      		CODE           	0BBC	0000	12
		_waitmssp      		CODE           	0B85	0000	8
		_rtc_send      		CODE           	0BF0	0000	17
		_rtc_read_byte 		CODE           	0CF3	0000	58
		_convd         		CODE           	0B80	0000	5
		_rtc_res       		CODE           	0B95	0000	9
		_rtc_int       		CODE           	0C13	0000	22

./ds1307.h estimated size: 162

./uart.h
		_ser_int       		CODE           	0BD4	0000	13
		_tx_sn         		CODE           	0655	0000	402
		_tx            		CODE           	0BB1	0000	11

./uart.h estimated size: 426

./dht11.h
		_CheckResponse 		CODE           	0C62	0000	33
		_StartSignal   		CODE           	0C29	0000	26
		_ReadData      		CODE           	0DAD	0000	66

./dht11.h estimated size: 125

C:\Program Files\Microchip\xc8\v2.32\pic\sources\c90\common\lwmod.c
		___lwmod       		CODE           	0CB9	0000	58

C:\Program Files\Microchip\xc8\v2.32\pic\sources\c90\common\lwmod.c estimated size: 58

C:\Program Files\Microchip\xc8\v2.32\pic\sources\c90\common\awmod.c
		___awmod       		CODE           	0006	0000	89

C:\Program Files\Microchip\xc8\v2.32\pic\sources\c90\common\awmod.c estimated size: 89

shared
		__stringtab    		STRING         	0800	0000	6
		__initialization		CODE           	07E7	0000	21

shared estimated size: 27

./lcd4bit.h
		_show_multidigits		CODE           	04C3	0000	402
		_LCD_Command   		CODE           	0D2D	0000	64
		_intdigits_chardigits		CODE           	0BE1	0000	15
		_LCD_Char      		CODE           	0D6D	0000	64
		_show          		CODE           	0C43	0000	31
		_LCD_init      		CODE           	0C83	0000	54
		_LCD_num       		CODE           	016C	0000	191

./lcd4bit.h estimated size: 821

C:\Program Files\Microchip\xc8\v2.32\pic\sources\c90\common\lwdiv.c
		___lwdiv       		CODE           	0DEF	0000	68

C:\Program Files\Microchip\xc8\v2.32\pic\sources\c90\common\lwdiv.c estimated size: 68

C:\Program Files\Microchip\xc8\v2.32\pic\sources\c90\common\awdiv.c
		___awdiv       		CODE           	0F2B	0000	103

C:\Program Files\Microchip\xc8\v2.32\pic\sources\c90\common\awdiv.c estimated size: 103

main.c
		_print_serialnumber		CODE           	0C01	0000	18
		_main          		CODE           	005F	0000	112
		_rtc_getdata   		CODE           	0E79	0000	78
		_rtc_terminal_data		CODE           	03E2	0000	225
		_print_dht11data		CODE           	022B	0000	214
		_rtc_lcd_data  		CODE           	0301	0000	225
		_print_analogvoltages		CODE           	0F92	0000	110
		_ADC_Init      		CODE           	0EC7	0000	100

main.c estimated size: 1082

C:\Program Files\Microchip\xc8\v2.32\pic\sources\c90\common\aldiv.c
		___aldiv       		CODE           	00CF	0000	157

C:\Program Files\Microchip\xc8\v2.32\pic\sources\c90\common\aldiv.c estimated size: 157

