Microchip MPLAB XC8 Compiler V2.32

Linker command line:

-W-3 --edf=C:\Program Files\Microchip\xc8\v2.32\pic\dat\en_msgs.txt -cn \
  -h+dist/default/production\P03._DATA_RECORDER.production.sym \
  --cmf=dist/default/production\P03._DATA_RECORDER.production.cmf -z \
  -Q16F877A -oC:\Users\Naseef\AppData\Local\Temp\xcAs7lo.5 \
  --defsym=__MPLAB_BUILD=1 \
  -Mdist/default/production/P03._DATA_RECORDER.production.map -E1 \
  -ver=XC8 Compiler --acfsm=1493 -ASTACK=0110h-016Fh -pstack=STACK \
  -ACODE=00h-07FFhx4 -ASTRCODE=00h-01FFFh -ASTRING=00h-0FFhx32 \
  -ACONST=00h-0FFhx32 -AENTRY=00h-0FFhx32 -ACOMMON=070h-07Fh \
  -ABANK0=020h-06Fh -ABANK1=0A0h-0EFh -ABANK2=0110h-016Fh \
  -ABANK3=0190h-01EFh -ARAM=020h-06Fh,0A0h-0EFh,0110h-016Fh,0190h-01EFh \
  -AABS1=020h-07Fh,0A0h-0EFh,0110h-016Fh,0190h-01EFh -ASFR0=00h-01Fh \
  -ASFR1=080h-09Fh -ASFR2=0100h-010Fh -ASFR3=0180h-018Fh \
  -ACONFIG=02007h-02007h -DCONFIG=2 -AIDLOC=02000h-02003h -DIDLOC=2 \
  -AEEDATA=00h-0FFh/02100h -peeprom_data=EEDATA -DEEDATA=2 -DCODE=2 \
  -DSTRCODE=2 -DSTRING=2 -DCONST=2 -DENTRY=2 \
  -preset_vec=00h,intentry,init,end_init -ppowerup=CODE -pcinit=CODE \
  -pfunctab=ENTRY -k C:\Users\Naseef\AppData\Local\Temp\xcAs7lo.o \
  dist/default/production\P03._DATA_RECORDER.production.o 

Object code version is 3.11

Machine type is 16F877A



                Name                               Link     Load   Length Selector   Space Scale
C:\Users\Naseef\AppData\Local\Temp\xcAs7lo.o
                end_init                              0        0        3        0       0
                config                             2007     2007        1        0       4
                idloc                              2000     2000        4        0       5
dist/default/production\P03._DATA_RECORDER.production.o
                cinit                               7C6      7C6       3A      F8C       0
                config                             2007     2007        1        0       4
                idloc                              2000     2000        4        0       5
                text52                              809      809       6C     1012       0
                text51                             1540     1540       40     2A80       0
                text50                             1421     1421       36     2842       0
                text49                              8E3      8E3       9D     11C6       0
                text48                             1733     1733       66     2E66       0
                text47                             1646     1646       46     2C8C       0
                text46                              29D      29D      529      53A       0
                text45                             1580     1580       40     2B00       0
                text44                             13E1     13E1       1F     27C2       0
                text43                             1799     1799       67     2F32       0
                text42                             16DA     16DA       59     2DB4       0
                text41                             1602     1602       44     2C04       0
                text40                             1457     1457       3A     28AE       0
                text39                              E6E      E6E      192     1CDC       0
                text38                             1505     1505       3B     2A0A       0
                text37                             1291     1291        8     2522       0
                text36                             12CD     12CD        A     259A       0
                text35                             12EC     12EC        C     25D8       0
                text34                             12A9     12A9        9     2552       0
                text33                             132C     132C       11     2658       0
                text32                             12B2     12B2        9     2564       0
                text31                             1491     1491       3A     2922       0
                text30                              A3F      A3F       C9     147E       0
                text29                             1360     1360       16     26C0       0
                text28                             12E1     12E1        B     25C2       0
                text27                              10B      10B      192      216       0
                text26                             13A6     13A6       1D     274C       0
                text25                             131D     131D        F     263A       0
                text24                              980      980       BF     1300       0
                text23                              875      875       6E     10EA       0
                text22                             1400     1400       21     2800       0
                text21                             15C0     15C0       42     2B80       0
                text20                             138C     138C       1A     2718       0
                text19                              BD6      BD6       D6     17AC       0
                text18                             134E     134E       12     269C       0
                text17                             1299     1299        8     2532       0
                text16                             12D7     12D7        A     25AE       0
                text15                             12F8     12F8        C     25F0       0
                text14                             12BB     12BB        9     2576       0
                text13                             133D     133D       11     267A       0
                text12                             12C4     12C4        9     2588       0
                text11                             14CB     14CB       3A     2996       0
                text10                             168C     168C       4E     2D18       0
                text9                              1376     1376       16     26EC       0
                text8                              128C     128C        5     2518       0
                text7                              1304     1304        C     2608       0
                text6                               CAC      CAC       E1     1958       0
                text5                               D8D      D8D       E1     1B1A       0
                text4                              1310     1310        D     2620       0
                text3                               800      800        9      F8C       0
                text2                              13C3     13C3       1E     2786       0
                text1                               B08      B08       CE     1610       0
                maintext                              7        7      104        E       0
                cstackBANK0                          47       47       26       20       1
                cstackCOMMON                         70       70        E       70       1
                clrtext                            12A1     12A1        8     2542       0
                bssBANK3                            190      190        B      190       1
                dataBANK1                            ED       ED        2       A0       1
                bssBANK1                             A0       A0       4D       A0       1
                dataBANK0                            6D       6D        2       20       1
                bssBANK0                             20       20       27       20       1
                strings                            1000     1000       68     2000       0
                idataBANK1                            3        3        2        0       0
                idataBANK0                            5        5        2        A       0

TOTAL           Name                               Link     Load   Length     Space
        CLASS   STACK          

        CLASS   CODE           
                end_init                              0        0        3         0
                cinit                               7C6      7C6       3A         0
                text52                              809      809       6C         0
                text51                             1540     1540       40         0
                text50                             1421     1421       36         0
                text49                              8E3      8E3       9D         0
                text48                             1733     1733       66         0
                text47                             1646     1646       46         0
                text46                              29D      29D      529         0
                text45                             1580     1580       40         0
                text44                             13E1     13E1       1F         0
                text43                             1799     1799       67         0
                text42                             16DA     16DA       59         0
                text41                             1602     1602       44         0
                text40                             1457     1457       3A         0
                text39                              E6E      E6E      192         0
                text38                             1505     1505       3B         0
                text37                             1291     1291        8         0
                text36                             12CD     12CD        A         0
                text35                             12EC     12EC        C         0
                text34                             12A9     12A9        9         0
                text33                             132C     132C       11         0
                text32                             12B2     12B2        9         0
                text31                             1491     1491       3A         0
                text30                              A3F      A3F       C9         0
                text29                             1360     1360       16         0
                text28                             12E1     12E1        B         0
                text27                              10B      10B      192         0
                text26                             13A6     13A6       1D         0
                text25                             131D     131D        F         0
                text24                              980      980       BF         0
                text23                              875      875       6E         0
                text22                             1400     1400       21         0
                text21                             15C0     15C0       42         0
                text20                             138C     138C       1A         0
                text19                              BD6      BD6       D6         0
                text18                             134E     134E       12         0
                text17                             1299     1299        8         0
                text16                             12D7     12D7        A         0
                text15                             12F8     12F8        C         0
                text14                             12BB     12BB        9         0
                text13                             133D     133D       11         0
                text12                             12C4     12C4        9         0
                text11                             14CB     14CB       3A         0
                text10                             168C     168C       4E         0
                text9                              1376     1376       16         0
                text8                              128C     128C        5         0
                text7                              1304     1304        C         0
                text6                               CAC      CAC       E1         0
                text5                               D8D      D8D       E1         0
                text4                              1310     1310        D         0
                text3                               800      800        9         0
                text2                              13C3     13C3       1E         0
                text1                               B08      B08       CE         0
                maintext                              7        7      104         0
                clrtext                            12A1     12A1        8         0
                idataBANK1                            3        3        2         0
                idataBANK0                            5        5        2         0

        CLASS   STRCODE        

        CLASS   STRING         
                strings                            1000     1000       68         0

        CLASS   CONST          

        CLASS   ENTRY          

        CLASS   COMMON         
                cstackCOMMON                         70       70        E         1

        CLASS   BANK0          
                cstackBANK0                          47       47       26         1
                dataBANK0                            6D       6D        2         1
                bssBANK0                             20       20       27         1

        CLASS   BANK1          
                dataBANK1                            ED       ED        2         1
                bssBANK1                             A0       A0       4D         1

        CLASS   BANK2          

        CLASS   BANK3          
                bssBANK3                            190      190        B         1

        CLASS   RAM            

        CLASS   ABS1           
                abs_s1                               7E       7E        2         1

        CLASS   SFR0           

        CLASS   SFR1           

        CLASS   SFR2           

        CLASS   SFR3           

        CLASS   CONFIG         
                config                             2007     2007        1         4

        CLASS   IDLOC          
                idloc                              2000     2000        4         5

        CLASS   EEDATA         



SEGMENTS        Name                           Load    Length   Top    Selector   Space  Class     Delta

                reset_vec                      000000  000005  000005         0       0  CODE        2
                idataBANK0                     000005  000002  000007         A       0  CODE        2
                maintext                       000007  000104  00010B         E       0  CODE        2
                bssBANK0                       000020  00004F  00006F        20       1  BANK0       1
                cstackCOMMON                   000070  00000E  00007E        70       1  COMMON      1
                bssBANK1                       0000A0  00004F  0000EF        A0       1  BANK1       1
                bssBANK3                       000190  00000B  00019B       190       1  BANK3       1
                text27                         00010B  000192  00029D       216       0  CODE        2
                text46                         00029D  000529  0007C6       53A       0  CODE        2
                cinit                          0007C6  000043  000809       F8C       0  CODE        2
                text52                         000809  00006C  000875      1012       0  CODE        2
                text23                         000875  00006E  0008E3      10EA       0  CODE        2
                text49                         0008E3  00009D  000980      11C6       0  CODE        2
                text24                         000980  0000BF  000A3F      1300       0  CODE        2
                text30                         000A3F  0000C9  000B08      147E       0  CODE        2
                text1                          000B08  0000CE  000BD6      1610       0  CODE        2
                text19                         000BD6  0000D6  000CAC      17AC       0  CODE        2
                text6                          000CAC  0000E1  000D8D      1958       0  CODE        2
                text5                          000D8D  0000E1  000E6E      1B1A       0  CODE        2
                text39                         000E6E  000192  001000      1CDC       0  CODE        2
                strings                        001000  000068  001068      2000       0  STRING      2
                text8                          00128C  000005  001291      2518       0  CODE        2
                text37                         001291  000008  001299      2522       0  CODE        2
                text17                         001299  000008  0012A1      2532       0  CODE        2
                clrtext                        0012A1  000008  0012A9      2542       0  CODE        2
                text34                         0012A9  000009  0012B2      2552       0  CODE        2
                text32                         0012B2  000009  0012BB      2564       0  CODE        2
                text14                         0012BB  000009  0012C4      2576       0  CODE        2
                text12                         0012C4  000009  0012CD      2588       0  CODE        2
                text36                         0012CD  00000A  0012D7      259A       0  CODE        2
                text16                         0012D7  00000A  0012E1      25AE       0  CODE        2
                text28                         0012E1  00000B  0012EC      25C2       0  CODE        2
                text35                         0012EC  00000C  0012F8      25D8       0  CODE        2
                text15                         0012F8  00000C  001304      25F0       0  CODE        2
                text7                          001304  00000C  001310      2608       0  CODE        2
                text4                          001310  00000D  00131D      2620       0  CODE        2
                text25                         00131D  00000F  00132C      263A       0  CODE        2
                text33                         00132C  000011  00133D      2658       0  CODE        2
                text13                         00133D  000011  00134E      267A       0  CODE        2
                text18                         00134E  000012  001360      269C       0  CODE        2
                text29                         001360  000016  001376      26C0       0  CODE        2
                text9                          001376  000016  00138C      26EC       0  CODE        2
                text20                         00138C  00001A  0013A6      2718       0  CODE        2
                text26                         0013A6  00001D  0013C3      274C       0  CODE        2
                text2                          0013C3  00001E  0013E1      2786       0  CODE        2
                text44                         0013E1  00001F  001400      27C2       0  CODE        2
                text22                         001400  000021  001421      2800       0  CODE        2
                text50                         001421  000036  001457      2842       0  CODE        2
                text40                         001457  00003A  001491      28AE       0  CODE        2
                text31                         001491  00003A  0014CB      2922       0  CODE        2
                text11                         0014CB  00003A  001505      2996       0  CODE        2
                text38                         001505  00003B  001540      2A0A       0  CODE        2
                text51                         001540  000040  001580      2A80       0  CODE        2
                text45                         001580  000040  0015C0      2B00       0  CODE        2
                text21                         0015C0  000042  001602      2B80       0  CODE        2
                text41                         001602  000044  001646      2C04       0  CODE        2
                text47                         001646  000046  00168C      2C8C       0  CODE        2
                text10                         00168C  00004E  0016DA      2D18       0  CODE        2
                text42                         0016DA  000059  001733      2DB4       0  CODE        2
                text48                         001733  000066  001799      2E66       0  CODE        2
                text43                         001799  000067  001800      2F32       0  CODE        2


UNUSED ADDRESS RANGES

        Name                Unused          Largest block    Delta
        BANK0            006F-006F              1           1
        BANK1            00EF-00EF              1           1
        BANK2            0110-016F             60           1
        BANK3            019B-01EF             55           1
        CODE             1068-128B            224           2
                         1800-1FFF            800
        CONST            1068-128B            100           2
                         1800-1FFF            100
        EEDATA           2100-21FF            100           2
        ENTRY            1068-128B            100           2
                         1800-1FFF            100
        RAM              006F-006F              1           1
                         00EF-00EF              1
                         0110-016F             60
                         019B-01EF             55
        SFR0             0000-001F             20           1
        SFR1             0080-009F             20           1
        SFR2             0100-010F             10           1
        SFR3             0180-018F             10           1
        STACK            0110-016F             60           1
        STRCODE          1068-128B            224           2
                         1800-1FFF            800
        STRING           1068-128B            100           2
                         1800-1FFF            100

                                  Symbol Table

?___aldiv                        cstackBANK0  0047
?___awdiv                        cstackCOMMON 0070
?___awmod                        cstackCOMMON 0070
?___lldiv                        cstackCOMMON 0070
?___lmul                         cstackCOMMON 0070
?___lwdiv                        cstackCOMMON 0070
?___lwmod                        cstackCOMMON 0070
LCD_Char@data                    cstackCOMMON 0072
LCD_Command@cmnd                 cstackCOMMON 0072
LCD_num@digit1                   cstackBANK0  0059
LCD_num@digit2                   cstackBANK0  005B
LCD_num@digit3                   cstackBANK0  005D
LCD_num@remainder                cstackBANK0  0063
LCD_num@result                   cstackBANK0  005F
LCD_num@result1                  cstackBANK0  0061
LCD_num@val                      cstackBANK0  0055
ReadData@i                       cstackCOMMON 0072
ReadData@j                       cstackCOMMON 0073
_ACKDT                           (abs)        048D
_ACKEN                           (abs)        048C
_ACKSTAT                         (abs)        048E
_ADCON0                          (abs)        001F
_ADCON1                          (abs)        009F
_ADC_Init                        text52       0809
_ADRESH                          (abs)        001E
_ADRESL                          (abs)        009E
_AV                              bssBANK3     0190
_Check                           bssBANK0     0042
_CheckResponse                   text22       1400
_GO_nDONE                        (abs)        00FA
_LCD_Char                        text45       1580
_LCD_Command                     text51       1540
_LCD_init                        text50       1421
_LCD_num                         text24       0980
_PEN                             (abs)        048A
_PORTB                           (abs)        0006
_PORTDbits                       (abs)        0008
_RC0                             (abs)        0038
_RC1                             (abs)        0039
_RCEN                            (abs)        048B
_RCIF                            (abs)        0065
_RCREG                           (abs)        001A
_RCSTA                           (abs)        0018
_RH                              bssBANK0     0032
_RH_byte1                        bssBANK0     003F
_RH_byte2                        bssBANK0     003E
_RSEN                            (abs)        0489
_ReadData                        text21       15C0
_SEN                             (abs)        0488
_SPBRG                           (abs)        0099
_SSPADD                          (abs)        0093
_SSPBUF                          (abs)        0013
_SSPCON                          (abs)        0014
_SSPIF                           (abs)        0063
_StartSignal                     text20       138C
_Sum                             bssBANK0     0030
_TRISBbits                       (abs)        0086
_TRISC3                          (abs)        043B
_TRISC4                          (abs)        043C
_TRISCbits                       (abs)        0087
_TRISDbits                       (abs)        0088
_TXIF                            (abs)        0064
_TXREG                           (abs)        0019
_TXSTA                           (abs)        0098
_T_byte1                         bssBANK0     0041
_T_byte2                         bssBANK0     0040
_Temp                            bssBANK0     0034
__Habs1                          abs1         0000
__Hbank0                         bank0        0000
__Hbank1                         bank1        0000
__Hbank2                         bank2        0000
__Hbank3                         bank3        0000
__HbssBANK0                      bssBANK0     0000
__HbssBANK1                      bssBANK1     0000
__HbssBANK3                      bssBANK3     0000
__Hcinit                         cinit        0800
__Hclrtext                       clrtext      0000
__Hcode                          code         0000
__Hcommon                        common       0000
__Hconfig                        config       2008
__HcstackBANK0                   cstackBANK0  0000
__HcstackCOMMON                  cstackCOMMON 0000
__HdataBANK0                     dataBANK0    0000
__HdataBANK1                     dataBANK1    0000
__Heeprom_data                   eeprom_data  0000
__Hend_init                      end_init     0003
__Hfunctab                       functab      0000
__HidataBANK0                    idataBANK0   0000
__HidataBANK1                    idataBANK1   0000
__Hidloc                         idloc        2004
__Hinit                          init         0000
__Hintentry                      intentry     0000
__Hmaintext                      maintext     0000
__Hpowerup                       powerup      0000
__Hram                           ram          0000
__Hreset_vec                     reset_vec    0000
__Hsfr0                          sfr0         0000
__Hsfr1                          sfr1         0000
__Hsfr2                          sfr2         0000
__Hsfr3                          sfr3         0000
__Hspace_0                       (abs)        1800
__Hspace_1                       (abs)        019B
__Hspace_2                       (abs)        0000
__Hspace_3                       (abs)        0000
__Hspace_4                       (abs)        400F
__Hstack                         stack        0000
__Hstrings                       strings      0000
__Htext                          text         0000
__Labs1                          abs1         0000
__Lbank0                         bank0        0000
__Lbank1                         bank1        0000
__Lbank2                         bank2        0000
__Lbank3                         bank3        0000
__LbssBANK0                      bssBANK0     0000
__LbssBANK1                      bssBANK1     0000
__LbssBANK3                      bssBANK3     0000
__Lcinit                         cinit        07C6
__Lclrtext                       clrtext      0000
__Lcode                          code         0000
__Lcommon                        common       0000
__Lconfig                        config       0000
__LcstackBANK0                   cstackBANK0  0000
__LcstackCOMMON                  cstackCOMMON 0000
__LdataBANK0                     dataBANK0    0000
__LdataBANK1                     dataBANK1    0000
__Leeprom_data                   eeprom_data  0000
__Lend_init                      end_init     0000
__Lfunctab                       functab      0000
__LidataBANK0                    idataBANK0   0000
__LidataBANK1                    idataBANK1   0000
__Lidloc                         idloc        0000
__Linit                          init         0000
__Lintentry                      intentry     0000
__Lmaintext                      maintext     0000
__Lpowerup                       powerup      0000
__Lram                           ram          0000
__Lreset_vec                     reset_vec    0000
__Lsfr0                          sfr0         0000
__Lsfr1                          sfr1         0000
__Lsfr2                          sfr2         0000
__Lsfr3                          sfr3         0000
__Lspace_0                       (abs)        0000
__Lspace_1                       (abs)        0000
__Lspace_2                       (abs)        0000
__Lspace_3                       (abs)        0000
__Lspace_4                       (abs)        0000
__Lstack                         stack        0000
__Lstrings                       strings      0000
__Ltext                          text         0000
__S0                             (abs)        1800
__S1                             (abs)        019B
__S2                             (abs)        0000
__S3                             (abs)        0000
___aldiv                         text49       08E3
___aldiv@counter                 cstackBANK0  004F
___aldiv@dividend                cstackBANK0  004B
___aldiv@divisor                 cstackBANK0  0047
___aldiv@quotient                cstackBANK0  0051
___aldiv@sign                    cstackBANK0  0050
___awdiv                         text43       1799
___awdiv@counter                 cstackCOMMON 0075
___awdiv@dividend                cstackCOMMON 0072
___awdiv@divisor                 cstackCOMMON 0070
___awdiv@quotient                cstackCOMMON 0077
___awdiv@sign                    cstackCOMMON 0076
___awmod                         text42       16DA
___awmod@counter                 cstackCOMMON 0075
___awmod@dividend                cstackCOMMON 0072
___awmod@divisor                 cstackCOMMON 0070
___awmod@sign                    cstackCOMMON 0076
___int_sp                        stack        0000
___latbits                       (abs)        0002
___lldiv                         text48       1733
___lldiv@counter                 cstackCOMMON 007D
___lldiv@dividend                cstackCOMMON 0074
___lldiv@divisor                 cstackCOMMON 0070
___lldiv@quotient                cstackCOMMON 0079
___lmul                          text47       1646
___lmul@multiplicand             cstackCOMMON 0074
___lmul@multiplier               cstackCOMMON 0070
___lmul@product                  cstackCOMMON 0079
___lwdiv                         text41       1602
___lwdiv@counter                 cstackCOMMON 0077
___lwdiv@dividend                cstackCOMMON 0072
___lwdiv@divisor                 cstackCOMMON 0070
___lwdiv@quotient                cstackCOMMON 0075
___lwmod                         text40       1457
___lwmod@counter                 cstackCOMMON 0075
___lwmod@dividend                cstackCOMMON 0072
___lwmod@divisor                 cstackCOMMON 0070
___sp                            stack        0000
___stackhi                       (abs)        0000
___stacklo                       (abs)        0000
__end_of_ADC_Init                text52       0875
__end_of_CheckResponse           text22       1421
__end_of_LCD_Char                text45       15C0
__end_of_LCD_Command             text51       1580
__end_of_LCD_init                text50       1457
__end_of_LCD_num                 text24       0A3F
__end_of_ReadData                text21       1602
__end_of_StartSignal             text20       13A6
__end_of___aldiv                 text49       0980
__end_of___awdiv                 text43       1800
__end_of___awmod                 text42       1733
__end_of___lldiv                 text48       1799
__end_of___lmul                  text47       168C
__end_of___lwdiv                 text41       1646
__end_of___lwmod                 text40       1491
__end_of__initialization         cinit        07FC
__end_of__stringtab              strings      1006
__end_of_actual_pressure         text46       07C6
__end_of_bmp280_displaydata      text38       1540
__end_of_bmp280_getdata          text30       0B08
__end_of_bmp280_init             text29       1376
__end_of_bmp280_nak              text36       12D7
__end_of_bmp280_read             text35       12F8
__end_of_bmp280_read_byte        text31       14CB
__end_of_bmp280_restart          text34       12B2
__end_of_bmp280_send             text33       133D
__end_of_bmp280_send_byte        text2        13E1
__end_of_bmp280_start            text3        0809
__end_of_bmp280_stop             text32       12BB
__end_of_bmp280_terminaldata     text26       13C3
__end_of_bmp280_waitmssp         text37       1299
__end_of_convd                   text8        1291
__end_of_convup                  text7        1310
__end_of_intdigits_chardigits    text25       132C
__end_of_main                    maintext     010B
__end_of_print_analogvoltages    text23       08E3
__end_of_print_dht11data         text19       0CAC
__end_of_print_serialnumber      text18       1360
__end_of_rtc_getdata             text10       16DA
__end_of_rtc_int                 text9        138C
__end_of_rtc_lcd_data            text6        0D8D
__end_of_rtc_nak                 text16       12E1
__end_of_rtc_read                text15       1304
__end_of_rtc_read_byte           text11       1505
__end_of_rtc_res                 text14       12C4
__end_of_rtc_send                text13       134E
__end_of_rtc_stop                text12       12CD
__end_of_rtc_terminal_data       text5        0E6E
__end_of_ser_int                 text4        131D
__end_of_show                    text44       1400
__end_of_show_multidigits        text39       1000
__end_of_tx                      text28       12EC
__end_of_tx_sn                   text27       029D
__end_of_uncompensated_pressure  text1        0BD6
__end_of_waitmssp                text17       12A1
__end_ofexp@coeff                strings      102E
__end_oflog@coeff                strings      1052
__initialization                 cinit        07C6
__pbssBANK0                      bssBANK0     0020
__pbssBANK1                      bssBANK1     00A0
__pbssBANK3                      bssBANK3     0190
__pcstackBANK0                   cstackBANK0  0047
__pcstackCOMMON                  cstackCOMMON 0070
__pdataBANK0                     dataBANK0    006D
__pdataBANK1                     dataBANK1    00ED
__pidataBANK0                    idataBANK0   0005
__pidataBANK1                    idataBANK1   0003
__pmaintext                      maintext     0007
__pstrings                       strings      1000
__ptext1                         text1        0B08
__ptext10                        text10       168C
__ptext11                        text11       14CB
__ptext12                        text12       12C4
__ptext13                        text13       133D
__ptext14                        text14       12BB
__ptext15                        text15       12F8
__ptext16                        text16       12D7
__ptext17                        text17       1299
__ptext18                        text18       134E
__ptext19                        text19       0BD6
__ptext2                         text2        13C3
__ptext20                        text20       138C
__ptext21                        text21       15C0
__ptext22                        text22       1400
__ptext23                        text23       0875
__ptext24                        text24       0980
__ptext25                        text25       131D
__ptext26                        text26       13A6
__ptext27                        text27       010B
__ptext28                        text28       12E1
__ptext29                        text29       1360
__ptext3                         text3        0800
__ptext30                        text30       0A3F
__ptext31                        text31       1491
__ptext32                        text32       12B2
__ptext33                        text33       132C
__ptext34                        text34       12A9
__ptext35                        text35       12EC
__ptext36                        text36       12CD
__ptext37                        text37       1291
__ptext38                        text38       1505
__ptext39                        text39       0E6E
__ptext4                         text4        1310
__ptext40                        text40       1457
__ptext41                        text41       1602
__ptext42                        text42       16DA
__ptext43                        text43       1799
__ptext44                        text44       13E1
__ptext45                        text45       1580
__ptext46                        text46       029D
__ptext47                        text47       1646
__ptext48                        text48       1733
__ptext49                        text49       08E3
__ptext5                         text5        0D8D
__ptext50                        text50       1421
__ptext51                        text51       1540
__ptext52                        text52       0809
__ptext6                         text6        0CAC
__ptext7                         text7        1304
__ptext8                         text8        128C
__ptext9                         text9        1376
__size_of_ADC_Init               (abs)        0000
__size_of_CheckResponse          (abs)        0000
__size_of_LCD_Char               (abs)        0000
__size_of_LCD_Command            (abs)        0000
__size_of_LCD_init               (abs)        0000
__size_of_LCD_num                (abs)        0000
__size_of_ReadData               (abs)        0000
__size_of_StartSignal            (abs)        0000
__size_of___aldiv                (abs)        0000
__size_of___awdiv                (abs)        0000
__size_of___awmod                (abs)        0000
__size_of___lldiv                (abs)        0000
__size_of___lmul                 (abs)        0000
__size_of___lwdiv                (abs)        0000
__size_of___lwmod                (abs)        0000
__size_of_actual_pressure        (abs)        0000
__size_of_bmp280_displaydata     (abs)        0000
__size_of_bmp280_getdata         (abs)        0000
__size_of_bmp280_init            (abs)        0000
__size_of_bmp280_nak             (abs)        0000
__size_of_bmp280_read            (abs)        0000
__size_of_bmp280_read_byte       (abs)        0000
__size_of_bmp280_restart         (abs)        0000
__size_of_bmp280_send            (abs)        0000
__size_of_bmp280_send_byte       (abs)        0000
__size_of_bmp280_start           (abs)        0000
__size_of_bmp280_stop            (abs)        0000
__size_of_bmp280_terminaldata    (abs)        0000
__size_of_bmp280_waitmssp        (abs)        0000
__size_of_convd                  (abs)        0000
__size_of_convup                 (abs)        0000
__size_of_intdigits_chardigits   (abs)        0000
__size_of_main                   (abs)        0000
__size_of_print_analogvoltages   (abs)        0000
__size_of_print_dht11data        (abs)        0000
__size_of_print_serialnumber     (abs)        0000
__size_of_rtc_getdata            (abs)        0000
__size_of_rtc_int                (abs)        0000
__size_of_rtc_lcd_data           (abs)        0000
__size_of_rtc_nak                (abs)        0000
__size_of_rtc_read               (abs)        0000
__size_of_rtc_read_byte          (abs)        0000
__size_of_rtc_res                (abs)        0000
__size_of_rtc_send               (abs)        0000
__size_of_rtc_stop               (abs)        0000
__size_of_rtc_terminal_data      (abs)        0000
__size_of_ser_int                (abs)        0000
__size_of_show                   (abs)        0000
__size_of_show_multidigits       (abs)        0000
__size_of_tx                     (abs)        0000
__size_of_tx_sn                  (abs)        0000
__size_of_uncompensated_pressure (abs)        0000
__size_of_waitmssp               (abs)        0000
__stringbase                     strings      1005
__stringtab                      strings      1000
_aa                              bssBANK1     00D8
_ab                              bssBANK1     00D4
_ac                              bssBANK1     00D0
_ac1                             bssBANK1     00E7
_ac2                             bssBANK1     00E5
_ac3                             bssBANK1     00E3
_ac4                             bssBANK1     00E1
_actual_pressure                 text46       029D
_actual_pressure$1207            cstackBANK0  0063
_ad                              bssBANK1     00CC
_ae                              bssBANK1     00C8
_af                              bssBANK1     00C4
_altitude                        bssBANK0     002C
_avv                             bssBANK1     00DC
_b0                              bssBANK1     00C0
_b1                              bssBANK1     00BC
_b2                              bssBANK1     00B8
_b3                              bssBANK1     00B4
_b4                              bssBANK1     00A4
_b5                              bssBANK1     00B0
_b6                              bssBANK0     0028
_b7                              bssBANK1     00A0
_bmp280_displaydata              text38       1505
_bmp280_getdata                  text30       0A3F
_bmp280_init                     text29       1360
_bmp280_nak                      text36       12CD
_bmp280_read                     text35       12EC
_bmp280_read_byte                text31       1491
_bmp280_restart                  text34       12A9
_bmp280_send                     text33       132C
_bmp280_send_byte                text2        13C3
_bmp280_start                    text3        0800
_bmp280_stop                     text32       12B2
_bmp280_terminaldata             text26       13A6
_bmp280_waitmssp                 text37       1291
_convd                           text8        128C
_convup                          text7        1304
_date                            bssBANK0     0038
_day                             bssBANK0     0039
_errno                           bssBANK1     00DF
_hour                            bssBANK0     003A
_hpa                             bssBANK0     002E
_intdigits_chardigits            text25       131D
_main                            maintext     0007
_min                             bssBANK0     003B
_month                           bssBANK0     0037
_oss                             dataBANK0    006D
_p                               bssBANK0     0043
_print_analogvoltages            text23       0875
_print_dht11data                 text19       0BD6
_print_serialnumber              text18       134E
_rtc_getdata                     text10       168C
_rtc_int                         text9        1376
_rtc_lcd_data                    text6        0CAC
_rtc_nak                         text16       12D7
_rtc_read                        text15       12F8
_rtc_read_byte                   text11       14CB
_rtc_res                         text14       12BB
_rtc_send                        text13       133D
_rtc_stop                        text12       12C4
_rtc_terminal_data               text5        0D8D
_sec                             bssBANK0     003C
_ser_int                         text4        1310
_show                            text44       13E1
_show_multidigits                text39       0E6E
_sn                              dataBANK1    00ED
_tx                              text28       12E1
_tx_sn                           text27       010B
_uncompensated_pressure          text1        0B08
_up                              bssBANK1     00AC
_waitmssp                        text17       1299
_x1                              bssBANK0     0024
_x2                              bssBANK0     0020
_x3                              bssBANK1     00A8
_year                            bssBANK0     0036
bmp280_read_byte@addr            cstackCOMMON 0072
bmp280_read_byte@rec             cstackCOMMON 0073
bmp280_send@dat                  cstackCOMMON 0070
bmp280_send_byte@addr            cstackCOMMON 0072
bmp280_send_byte@count           cstackCOMMON 0071
btemp                            (abs)        007E
clear_ram0                       clrtext      12A1
convd@bcd                        cstackCOMMON 0070
convup@bcd                       cstackCOMMON 0071
end_of_initialization            cinit        07FC
exp@coeff                        strings      1006
intdigits_chardigits@a           cstackCOMMON 0070
intdigits_chardigits@b           cstackCOMMON 0072
intdigits_chardigits@c           cstackCOMMON 0074
intlevel0                        functab      0000
intlevel1                        functab      0000
intlevel2                        functab      0000
intlevel3                        functab      0000
intlevel4                        functab      0000
intlevel5                        functab      0000
log@coeff                        strings      102E
print_analogvoltages@i           cstackBANK0  0068
print_analogvoltages@j           cstackBANK0  0069
reset_vec                        reset_vec    0000
rtc_read_byte@addr               cstackCOMMON 0072
rtc_read_byte@rec                cstackCOMMON 0073
rtc_send@a                       cstackCOMMON 0070
show@s                           cstackCOMMON 0074
show_multidigits@digit1          cstackBANK0  004D
show_multidigits@digit2          cstackBANK0  004F
show_multidigits@digit3          cstackBANK0  004B
show_multidigits@digit4          cstackBANK0  0047
show_multidigits@remainder       cstackBANK0  0053
show_multidigits@result          cstackBANK0  0049
show_multidigits@result1         cstackBANK0  0051
show_multidigits@val             cstackCOMMON 0079
start                            init         0000
start_initialization             cinit        07C6
tx@a                             cstackCOMMON 0070
tx_sn@digit1                     cstackBANK0  004D
tx_sn@digit2                     cstackBANK0  004F
tx_sn@digit3                     cstackBANK0  004B
tx_sn@digit4                     cstackBANK0  0047
tx_sn@remainder                  cstackBANK0  0053
tx_sn@result                     cstackBANK0  0049
tx_sn@result1                    cstackBANK0  0051
tx_sn@val                        cstackCOMMON 0079
uncompensated_pressure@ff6       cstackBANK0  0054
uncompensated_pressure@ff7       cstackBANK0  0058
uncompensated_pressure@ff8       cstackBANK0  005C
wtemp0                           (abs)        007E


MODULE INFORMATION

Module		Function		Class		Link	Load	Size
C:\Program Files\Microchip\xc8\v2.32\pic\sources\c90\common\Umul32.c
		___lmul        		CODE           	1646	0000	70

C:\Program Files\Microchip\xc8\v2.32\pic\sources\c90\common\Umul32.c estimated size: 70

uart.h
		_ser_int       		CODE           	1310	0000	13
		_tx_sn         		CODE           	010B	0000	402
		_tx            		CODE           	12E1	0000	11

uart.h estimated size: 426

bmp280.h
		_bmp280_nak    		CODE           	12CD	0000	10
		_bmp280_read   		CODE           	12EC	0000	12
		_bmp280_send   		CODE           	132C	0000	17
		_bmp280_init   		CODE           	1360	0000	22
		_bmp280_stop   		CODE           	12B2	0000	9
		_bmp280_start  		CODE           	0800	0000	9
		_bmp280_read_byte		CODE           	1491	0000	58
		_bmp280_send_byte		CODE           	13C3	0000	30
		_bmp280_restart		CODE           	12A9	0000	9
		_bmp280_waitmssp		CODE           	1291	0000	8

bmp280.h estimated size: 184

ds1307.h
		_convup        		CODE           	1304	0000	12
		_rtc_nak       		CODE           	12D7	0000	10
		_rtc_stop      		CODE           	12C4	0000	9
		_rtc_read      		CODE           	12F8	0000	12
		_waitmssp      		CODE           	1299	0000	8
		_rtc_send      		CODE           	133D	0000	17
		_rtc_read_byte 		CODE           	14CB	0000	58
		_convd         		CODE           	128C	0000	5
		_rtc_res       		CODE           	12BB	0000	9
		_rtc_int       		CODE           	1376	0000	22

ds1307.h estimated size: 162

C:\Program Files\Microchip\xc8\v2.32\pic\sources\c90\common\lwmod.c
		___lwmod       		CODE           	1457	0000	58

C:\Program Files\Microchip\xc8\v2.32\pic\sources\c90\common\lwmod.c estimated size: 58

lcd4bit.h
		_show_multidigits		CODE           	0E6E	0000	402
		_LCD_Command   		CODE           	1540	0000	64
		_intdigits_chardigits		CODE           	131D	0000	15
		_LCD_Char      		CODE           	1580	0000	64
		_show          		CODE           	13E1	0000	31
		_LCD_init      		CODE           	1421	0000	54
		_LCD_num       		CODE           	0980	0000	191

lcd4bit.h estimated size: 821

C:\Program Files\Microchip\xc8\v2.32\pic\sources\c90\common\awmod.c
		___awmod       		CODE           	16DA	0000	89

C:\Program Files\Microchip\xc8\v2.32\pic\sources\c90\common\awmod.c estimated size: 89

shared
		exp@coeff      		STRING         	1006	0000	40
		__stringtab    		STRING         	1000	0000	6
		__initialization		CODE           	07C6	0000	54
		log@coeff      		STRING         	102E	0000	36

shared estimated size: 136

C:\Program Files\Microchip\xc8\v2.32\pic\sources\c90\common\lwdiv.c
		___lwdiv       		CODE           	1602	0000	68

C:\Program Files\Microchip\xc8\v2.32\pic\sources\c90\common\lwdiv.c estimated size: 68

dht11.h
		_CheckResponse 		CODE           	1400	0000	33
		_StartSignal   		CODE           	138C	0000	26
		_ReadData      		CODE           	15C0	0000	66

dht11.h estimated size: 125

C:\Program Files\Microchip\xc8\v2.32\pic\sources\c90\common\awdiv.c
		___awdiv       		CODE           	1799	0000	103

C:\Program Files\Microchip\xc8\v2.32\pic\sources\c90\common\awdiv.c estimated size: 103

main.c
		_actual_pressure		CODE           	029D	0000	1321
		_print_serialnumber		CODE           	134E	0000	18
		_main          		CODE           	0007	0000	260
		_uncompensated_pressure		CODE           	0B08	0000	206
		_bmp280_getdata		CODE           	0A3F	0000	201
		_bmp280_displaydata		CODE           	1505	0000	59
		_rtc_getdata   		CODE           	168C	0000	78
		_rtc_terminal_data		CODE           	0D8D	0000	225
		_print_dht11data		CODE           	0BD6	0000	214
		_rtc_lcd_data  		CODE           	0CAC	0000	225
		_print_analogvoltages		CODE           	0875	0000	110
		_bmp280_terminaldata		CODE           	13A6	0000	29
		_ADC_Init      		CODE           	0809	0000	108

main.c estimated size: 3054

C:\Program Files\Microchip\xc8\v2.32\pic\sources\c90\common\aldiv.c
		___aldiv       		CODE           	08E3	0000	157

C:\Program Files\Microchip\xc8\v2.32\pic\sources\c90\common\aldiv.c estimated size: 157

C:\Program Files\Microchip\xc8\v2.32\pic\sources\c90\common\__lldiv.c
		___lldiv       		CODE           	1733	0000	102

C:\Program Files\Microchip\xc8\v2.32\pic\sources\c90\common\__lldiv.c estimated size: 102

