Microchip MPLAB XC8 Compiler V2.32

Linker command line:

-W-3 --edf=C:\Program Files\Microchip\xc8\v2.32\pic\dat\en_msgs.txt -cn \
  -h+dist/default/production\P03._DATA_RECORDER.production.sym \
  --cmf=dist/default/production\P03._DATA_RECORDER.production.cmf -z \
  -Q16F877A -oC:\Users\Naseef\AppData\Local\Temp\xcAs2nc.4 \
  --defsym=__MPLAB_BUILD=1 \
  -Mdist/default/production/P03._DATA_RECORDER.production.map -E1 \
  -ver=XC8 Compiler --acfsm=1493 -ASTACK=0110h-016Fh -pstack=STACK \
  -ACODE=00h-07FFhx4 -ASTRCODE=00h-01FFFh -ASTRING=00h-0FFhx32 \
  -ACONST=00h-0FFhx32 -AENTRY=00h-0FFhx32 -ACOMMON=070h-07Fh \
  -ABANK0=020h-06Fh -ABANK1=0A0h-0EFh -ABANK2=0110h-016Fh \
  -ABANK3=0190h-01EFh -ARAM=020h-06Fh,0A0h-0EFh,0110h-016Fh,0190h-01EFh \
  -AABS1=020h-07Fh,0A0h-0EFh,0110h-016Fh,0190h-01EFh -ASFR0=00h-01Fh \
  -ASFR1=080h-09Fh -ASFR2=0100h-010Fh -ASFR3=0180h-018Fh \
  -ACONFIG=02007h-02007h -DCONFIG=2 -AIDLOC=02000h-02003h -DIDLOC=2 \
  -AEEDATA=00h-0FFh/02100h -peeprom_data=EEDATA -DEEDATA=2 -DCODE=2 \
  -DSTRCODE=2 -DSTRING=2 -DCONST=2 -DENTRY=2 \
  -preset_vec=00h,intentry,init,end_init -ppowerup=CODE -pcinit=CODE \
  -pfunctab=ENTRY -k C:\Users\Naseef\AppData\Local\Temp\xcAs2nc.o \
  dist/default/production\P03._DATA_RECORDER.production.o 

Object code version is 3.11

Machine type is 16F877A



                Name                               Link     Load   Length Selector   Space Scale
C:\Users\Naseef\AppData\Local\Temp\xcAs2nc.o
                end_init                              0        0        3        0       0
                config                             2007     2007        1        0       4
                idloc                              2000     2000        4        0       5
dist/default/production\P03._DATA_RECORDER.production.o
                cinit                               7E7      7E7       19      FCE       0
                config                             2007     2007        1        0       4
                idloc                              2000     2000        4        0       5
                text19                              1AB      1AB       64      356       0
                text18                                6        6       40        C       0
                text17                              F98      F98       2E     1F30       0
                text16                               46       46       40       8C       0
                text15                              276      276       9D      4EC       0
                text14                              10C      10C       46      218       0
                text13                               C8       C8       44      190       0
                text12                              FC6      FC6       3A     1F8C       0
                text11                              F50      F50        F     1EA0       0
                text10                              313      313       BF      626       0
                text9                               F5F      F5F       1A     1EBE       0
                text8                               F79      F79       1F     1EF2       0
                text7                                86       86       42      10C       0
                text6                               F43      F43        D     1E86       0
                text5                               20F      20F       67      41E       0
                text4                               152      152       59      2A4       0
                text3                               4C3      4C3      192      986       0
                text2                               F38      F38        B     1E70       0
                text1                               655      655      192      CAA       0
                maintext                            3D2      3D2       F1      7A4       0
                cstackBANK0                          20       20       23       20       1
                cstackCOMMON                         70       70        E       70       1
                clrtext                             F30      F30        8     1E60       0
                dataBANK0                            56       56        2       20       1
                bssBANK0                             43       43       13       20       1
                strings                             800      800        8     1000       0
                idataBANK0                            4        4        2        8       0

TOTAL           Name                               Link     Load   Length     Space
        CLASS   STACK          

        CLASS   CODE           
                end_init                              0        0        3         0
                cinit                               7E7      7E7       19         0
                text19                              1AB      1AB       64         0
                text18                                6        6       40         0
                text17                              F98      F98       2E         0
                text16                               46       46       40         0
                text15                              276      276       9D         0
                text14                              10C      10C       46         0
                text13                               C8       C8       44         0
                text12                              FC6      FC6       3A         0
                text11                              F50      F50        F         0
                text10                              313      313       BF         0
                text9                               F5F      F5F       1A         0
                text8                               F79      F79       1F         0
                text7                                86       86       42         0
                text6                               F43      F43        D         0
                text5                               20F      20F       67         0
                text4                               152      152       59         0
                text3                               4C3      4C3      192         0
                text2                               F38      F38        B         0
                text1                               655      655      192         0
                maintext                            3D2      3D2       F1         0
                clrtext                             F30      F30        8         0
                idataBANK0                            4        4        2         0

        CLASS   STRCODE        

        CLASS   STRING         
                strings                             800      800        8         0

        CLASS   CONST          

        CLASS   ENTRY          

        CLASS   COMMON         
                cstackCOMMON                         70       70        E         1

        CLASS   BANK0          
                cstackBANK0                          20       20       23         1
                dataBANK0                            56       56        2         1
                bssBANK0                             43       43       13         1

        CLASS   BANK1          

        CLASS   BANK2          

        CLASS   BANK3          

        CLASS   RAM            

        CLASS   ABS1           
                abs_s1                               7E       7E        2         1

        CLASS   SFR0           

        CLASS   SFR1           

        CLASS   SFR2           

        CLASS   SFR3           

        CLASS   CONFIG         
                config                             2007     2007        1         4

        CLASS   IDLOC          
                idloc                              2000     2000        4         5

        CLASS   EEDATA         



SEGMENTS        Name                           Load    Length   Top    Selector   Space  Class     Delta

                reset_vec                      000000  000003  000003         0       0  CODE        2
                idataBANK0                     000004  000002  000006         8       0  CODE        2
                text18                         000006  000040  000046         C       0  CODE        2
                cstackBANK0                    000020  000038  000058        20       1  BANK0       1
                cstackCOMMON                   000070  00000E  00007E        70       1  COMMON      1
                text16                         000046  000040  000086        8C       0  CODE        2
                text7                          000086  000042  0000C8       10C       0  CODE        2
                text13                         0000C8  000044  00010C       190       0  CODE        2
                text14                         00010C  000046  000152       218       0  CODE        2
                text4                          000152  000059  0001AB       2A4       0  CODE        2
                text19                         0001AB  000064  00020F       356       0  CODE        2
                text5                          00020F  000067  000276       41E       0  CODE        2
                text15                         000276  00009D  000313       4EC       0  CODE        2
                text10                         000313  0000BF  0003D2       626       0  CODE        2
                maintext                       0003D2  0000F1  0004C3       7A4       0  CODE        2
                text3                          0004C3  000192  000655       986       0  CODE        2
                text1                          000655  000192  0007E7       CAA       0  CODE        2
                cinit                          0007E7  000019  000800       FCE       0  CODE        2
                strings                        000800  000008  000808      1000       0  STRING      2
                clrtext                        000F30  000008  000F38      1E60       0  CODE        2
                text2                          000F38  00000B  000F43      1E70       0  CODE        2
                text6                          000F43  00000D  000F50      1E86       0  CODE        2
                text11                         000F50  00000F  000F5F      1EA0       0  CODE        2
                text9                          000F5F  00001A  000F79      1EBE       0  CODE        2
                text8                          000F79  00001F  000F98      1EF2       0  CODE        2
                text17                         000F98  00002E  000FC6      1F30       0  CODE        2
                text12                         000FC6  00003A  001000      1F8C       0  CODE        2


UNUSED ADDRESS RANGES

        Name                Unused          Largest block    Delta
        BANK0            0058-006F             18           1
        BANK1            00A0-00EF             50           1
        BANK2            0110-016F             60           1
        BANK3            0190-01EF             60           1
        CODE             0003-0003              1           2
                         0808-0F2F            728
                         1000-1FFF            800
        CONST            0003-0003              1           2
                         0808-0F2F            100
                         1000-1FFF            100
        EEDATA           2100-21FF            100           2
        ENTRY            0003-0003              1           2
                         0808-0F2F            100
                         1000-1FFF            100
        RAM              0058-006F             18           1
                         00A0-00EF             50
                         0110-016F             60
                         0190-01EF             60
        SFR0             0000-001F             20           1
        SFR1             0080-009F             20           1
        SFR2             0100-010F             10           1
        SFR3             0180-018F             10           1
        STACK            0110-016F             60           1
        STRCODE          0003-0003              1           2
                         0808-0F2F            728
                         1000-1FFF           1000
        STRING           0003-0003              1           2
                         0808-0F2F            100
                         1000-1FFF            100

                                  Symbol Table

?___aldiv                      cstackBANK0  0020
?___awdiv                      cstackCOMMON 0070
?___awmod                      cstackCOMMON 0070
?___lmul                       cstackCOMMON 0070
?___lwdiv                      cstackCOMMON 0070
?___lwmod                      cstackCOMMON 0070
LCD_Char@data                  cstackCOMMON 0072
LCD_Command@cmnd               cstackCOMMON 0072
LCD_num@digit1                 cstackBANK0  0032
LCD_num@digit2                 cstackBANK0  0034
LCD_num@digit3                 cstackBANK0  0036
LCD_num@remainder              cstackBANK0  003C
LCD_num@result                 cstackBANK0  0038
LCD_num@result1                cstackBANK0  003A
LCD_num@val                    cstackBANK0  002E
_ADCON0                        (abs)        001F
_ADCON1                        (abs)        009F
_ADC_Init                      text19       01AB
_ADRESH                        (abs)        001E
_ADRESL                        (abs)        009E
_AV                            bssBANK0     0043
_GO_nDONE                      (abs)        00FA
_Humidity                      bssBANK0     0055
_LCD_Char                      text16       0046
_LCD_Command                   text18       0006
_LCD_init                      text17       0F98
_LCD_num                       text10       0313
_PORTB                         (abs)        0006
_PORTDbits                     (abs)        0008
_RC0                           (abs)        0038
_RC1                           (abs)        0039
_RCIF                          (abs)        0065
_RCREG                         (abs)        001A
_RCSTA                         (abs)        0018
_RH_byte_1                     bssBANK0     0053
_RH_byte_2                     bssBANK0     0052
_SPBRG                         (abs)        0099
_Summation                     bssBANK0     004E
_TRISB                         (abs)        0086
_TRISC                         (abs)        0087
_TRISDbits                     (abs)        0088
_TXIF                          (abs)        0064
_TXREG                         (abs)        0019
_TXSTA                         (abs)        0098
_Temp                          bssBANK0     0054
_Temp_byte_1                   bssBANK0     0051
_Temp_byte_2                   bssBANK0     0050
__Habs1                        abs1         0000
__Hbank0                       bank0        0000
__Hbank1                       bank1        0000
__Hbank2                       bank2        0000
__Hbank3                       bank3        0000
__HbssBANK0                    bssBANK0     0000
__Hcinit                       cinit        0800
__Hclrtext                     clrtext      0000
__Hcode                        code         0000
__Hcommon                      common       0000
__Hconfig                      config       2008
__HcstackBANK0                 cstackBANK0  0000
__HcstackCOMMON                cstackCOMMON 0000
__HdataBANK0                   dataBANK0    0000
__Heeprom_data                 eeprom_data  0000
__Hend_init                    end_init     0003
__Hfunctab                     functab      0000
__HidataBANK0                  idataBANK0   0000
__Hidloc                       idloc        2004
__Hinit                        init         0000
__Hintentry                    intentry     0000
__Hmaintext                    maintext     0000
__Hpowerup                     powerup      0000
__Hram                         ram          0000
__Hreset_vec                   reset_vec    0000
__Hsfr0                        sfr0         0000
__Hsfr1                        sfr1         0000
__Hsfr2                        sfr2         0000
__Hsfr3                        sfr3         0000
__Hspace_0                     (abs)        1000
__Hspace_1                     (abs)        007E
__Hspace_2                     (abs)        0000
__Hspace_3                     (abs)        0000
__Hspace_4                     (abs)        400F
__Hstack                       stack        0000
__Hstrings                     strings      0000
__Htext                        text         0000
__Labs1                        abs1         0000
__Lbank0                       bank0        0000
__Lbank1                       bank1        0000
__Lbank2                       bank2        0000
__Lbank3                       bank3        0000
__LbssBANK0                    bssBANK0     0000
__Lcinit                       cinit        07E7
__Lclrtext                     clrtext      0000
__Lcode                        code         0000
__Lcommon                      common       0000
__Lconfig                      config       0000
__LcstackBANK0                 cstackBANK0  0000
__LcstackCOMMON                cstackCOMMON 0000
__LdataBANK0                   dataBANK0    0000
__Leeprom_data                 eeprom_data  0000
__Lend_init                    end_init     0000
__Lfunctab                     functab      0000
__LidataBANK0                  idataBANK0   0000
__Lidloc                       idloc        0000
__Linit                        init         0000
__Lintentry                    intentry     0000
__Lmaintext                    maintext     0000
__Lpowerup                     powerup      0000
__Lram                         ram          0000
__Lreset_vec                   reset_vec    0000
__Lsfr0                        sfr0         0000
__Lsfr1                        sfr1         0000
__Lsfr2                        sfr2         0000
__Lsfr3                        sfr3         0000
__Lspace_0                     (abs)        0000
__Lspace_1                     (abs)        0000
__Lspace_2                     (abs)        0000
__Lspace_3                     (abs)        0000
__Lspace_4                     (abs)        0000
__Lstack                       stack        0000
__Lstrings                     strings      0000
__Ltext                        text         0000
__S0                           (abs)        1000
__S1                           (abs)        007E
__S2                           (abs)        0000
__S3                           (abs)        0000
___aldiv                       text15       0276
___aldiv@counter               cstackBANK0  0028
___aldiv@dividend              cstackBANK0  0024
___aldiv@divisor               cstackBANK0  0020
___aldiv@quotient              cstackBANK0  002A
___aldiv@sign                  cstackBANK0  0029
___awdiv                       text5        020F
___awdiv@counter               cstackCOMMON 0075
___awdiv@dividend              cstackCOMMON 0072
___awdiv@divisor               cstackCOMMON 0070
___awdiv@quotient              cstackCOMMON 0077
___awdiv@sign                  cstackCOMMON 0076
___awmod                       text4        0152
___awmod@counter               cstackCOMMON 0075
___awmod@dividend              cstackCOMMON 0072
___awmod@divisor               cstackCOMMON 0070
___awmod@sign                  cstackCOMMON 0076
___int_sp                      stack        0000
___latbits                     (abs)        0002
___lmul                        text14       010C
___lmul@multiplicand           cstackCOMMON 0074
___lmul@multiplier             cstackCOMMON 0070
___lmul@product                cstackCOMMON 0079
___lwdiv                       text13       00C8
___lwdiv@counter               cstackCOMMON 0077
___lwdiv@dividend              cstackCOMMON 0072
___lwdiv@divisor               cstackCOMMON 0070
___lwdiv@quotient              cstackCOMMON 0075
___lwmod                       text12       0FC6
___lwmod@counter               cstackCOMMON 0075
___lwmod@dividend              cstackCOMMON 0072
___lwmod@divisor               cstackCOMMON 0070
___sp                          stack        0000
___stackhi                     (abs)        0000
___stacklo                     (abs)        0000
__end_of_ADC_Init              text19       020F
__end_of_LCD_Char              text16       0086
__end_of_LCD_Command           text18       0046
__end_of_LCD_init              text17       0FC6
__end_of_LCD_num               text10       03D2
__end_of___aldiv               text15       0313
__end_of___awdiv               text5        0276
__end_of___awmod               text4        01AB
__end_of___lmul                text14       0152
__end_of___lwdiv               text13       010C
__end_of___lwmod               text12       1000
__end_of__initialization       cinit        07FC
__end_of__stringtab            strings      0806
__end_of_dht11_init            text9        0F79
__end_of_find_response         text8        0F98
__end_of_intdigits_chardigits  text11       0F5F
__end_of_main                  maintext     04C3
__end_of_read_dht11            text7        00C8
__end_of_ser_int               text6        0F50
__end_of_show_multidigits      text3        0655
__end_of_tx                    text2        0F43
__end_of_tx_sn                 text1        07E7
__initialization               cinit        07E7
__pbssBANK0                    bssBANK0     0043
__pcstackBANK0                 cstackBANK0  0020
__pcstackCOMMON                cstackCOMMON 0070
__pdataBANK0                   dataBANK0    0056
__pidataBANK0                  idataBANK0   0004
__pmaintext                    maintext     03D2
__pstrings                     strings      0800
__ptext1                       text1        0655
__ptext10                      text10       0313
__ptext11                      text11       0F50
__ptext12                      text12       0FC6
__ptext13                      text13       00C8
__ptext14                      text14       010C
__ptext15                      text15       0276
__ptext16                      text16       0046
__ptext17                      text17       0F98
__ptext18                      text18       0006
__ptext19                      text19       01AB
__ptext2                       text2        0F38
__ptext3                       text3        04C3
__ptext4                       text4        0152
__ptext5                       text5        020F
__ptext6                       text6        0F43
__ptext7                       text7        0086
__ptext8                       text8        0F79
__ptext9                       text9        0F5F
__size_of_ADC_Init             (abs)        0000
__size_of_LCD_Char             (abs)        0000
__size_of_LCD_Command          (abs)        0000
__size_of_LCD_init             (abs)        0000
__size_of_LCD_num              (abs)        0000
__size_of___aldiv              (abs)        0000
__size_of___awdiv              (abs)        0000
__size_of___awmod              (abs)        0000
__size_of___lmul               (abs)        0000
__size_of___lwdiv              (abs)        0000
__size_of___lwmod              (abs)        0000
__size_of_dht11_init           (abs)        0000
__size_of_find_response        (abs)        0000
__size_of_intdigits_chardigits (abs)        0000
__size_of_main                 (abs)        0000
__size_of_read_dht11           (abs)        0000
__size_of_ser_int              (abs)        0000
__size_of_show_multidigits     (abs)        0000
__size_of_tx                   (abs)        0000
__size_of_tx_sn                (abs)        0000
__stringbase                   strings      0805
__stringtab                    strings      0800
_avv                           bssBANK0     004B
_check_bit                     bssBANK0     004F
_dht11_init                    text9        0F5F
_find_response                 text8        0F79
_intdigits_chardigits          text11       0F50
_main                          maintext     03D2
_read_dht11                    text7        0086
_ser_int                       text6        0F43
_show_multidigits              text3        04C3
_sn                            dataBANK0    0056
_tx                            text2        0F38
_tx_sn                         text1        0655
btemp                          (abs)        007E
clear_ram0                     clrtext      0F30
end_of_initialization          cinit        07FC
intdigits_chardigits@a         cstackCOMMON 0070
intdigits_chardigits@b         cstackCOMMON 0072
intdigits_chardigits@c         cstackCOMMON 0074
intlevel0                      functab      0000
intlevel1                      functab      0000
intlevel2                      functab      0000
intlevel3                      functab      0000
intlevel4                      functab      0000
intlevel5                      functab      0000
main@i                         cstackBANK0  0041
main@j                         cstackBANK0  0042
read_dht11@data                cstackCOMMON 0072
read_dht11@for_count           cstackCOMMON 0073
reset_vec                      reset_vec    0000
show_multidigits@digit1        cstackBANK0  0026
show_multidigits@digit2        cstackBANK0  0028
show_multidigits@digit3        cstackBANK0  0024
show_multidigits@digit4        cstackBANK0  0020
show_multidigits@remainder     cstackBANK0  002C
show_multidigits@result        cstackBANK0  0022
show_multidigits@result1       cstackBANK0  002A
show_multidigits@val           cstackCOMMON 0079
start                          init         0000
start_initialization           cinit        07E7
tx@a                           cstackCOMMON 0070
tx_sn@digit1                   cstackBANK0  0026
tx_sn@digit2                   cstackBANK0  0028
tx_sn@digit3                   cstackBANK0  0024
tx_sn@digit4                   cstackBANK0  0020
tx_sn@remainder                cstackBANK0  002C
tx_sn@result                   cstackBANK0  0022
tx_sn@result1                  cstackBANK0  002A
tx_sn@val                      cstackCOMMON 0079
wtemp0                         (abs)        007E


MODULE INFORMATION

Module		Function		Class		Link	Load	Size
C:\Program Files\Microchip\xc8\v2.32\pic\sources\c90\common\Umul32.c
		___lmul        		CODE           	010C	0000	70

C:\Program Files\Microchip\xc8\v2.32\pic\sources\c90\common\Umul32.c estimated size: 70

./uart.h
		_ser_int       		CODE           	0F43	0000	13
		_tx_sn         		CODE           	0655	0000	402
		_tx            		CODE           	0F38	0000	11

./uart.h estimated size: 426

./dht11.h
		_read_dht11    		CODE           	0086	0000	66
		_find_response 		CODE           	0F79	0000	31
		_dht11_init    		CODE           	0F5F	0000	26

./dht11.h estimated size: 123

C:\Program Files\Microchip\xc8\v2.32\pic\sources\c90\common\lwmod.c
		___lwmod       		CODE           	0FC6	0000	58

C:\Program Files\Microchip\xc8\v2.32\pic\sources\c90\common\lwmod.c estimated size: 58

C:\Program Files\Microchip\xc8\v2.32\pic\sources\c90\common\awmod.c
		___awmod       		CODE           	0152	0000	89

C:\Program Files\Microchip\xc8\v2.32\pic\sources\c90\common\awmod.c estimated size: 89

shared
		__stringtab    		STRING         	0800	0000	6
		__initialization		CODE           	07E7	0000	21

shared estimated size: 27

./lcd4bit.h
		_show_multidigits		CODE           	04C3	0000	402
		_LCD_Command   		CODE           	0006	0000	64
		_intdigits_chardigits		CODE           	0F50	0000	15
		_LCD_Char      		CODE           	0046	0000	64
		_LCD_init      		CODE           	0F98	0000	46
		_LCD_num       		CODE           	0313	0000	191

./lcd4bit.h estimated size: 782

C:\Program Files\Microchip\xc8\v2.32\pic\sources\c90\common\lwdiv.c
		___lwdiv       		CODE           	00C8	0000	68

C:\Program Files\Microchip\xc8\v2.32\pic\sources\c90\common\lwdiv.c estimated size: 68

C:\Program Files\Microchip\xc8\v2.32\pic\sources\c90\common\awdiv.c
		___awdiv       		CODE           	020F	0000	103

C:\Program Files\Microchip\xc8\v2.32\pic\sources\c90\common\awdiv.c estimated size: 103

main.c
		_main          		CODE           	03D2	0000	241
		_ADC_Init      		CODE           	01AB	0000	100

main.c estimated size: 341

C:\Program Files\Microchip\xc8\v2.32\pic\sources\c90\common\aldiv.c
		___aldiv       		CODE           	0276	0000	157

C:\Program Files\Microchip\xc8\v2.32\pic\sources\c90\common\aldiv.c estimated size: 157

