Microchip MPLAB XC8 Compiler V2.32

Linker command line:

-W-3 --edf=C:\Program Files\Microchip\xc8\v2.32\pic\dat\en_msgs.txt -cn \
  -h+dist/default/production\P03._DATA_RECORDER.production.sym \
  --cmf=dist/default/production\P03._DATA_RECORDER.production.cmf -z \
  -Q16F877A -oC:\Users\Naseef\AppData\Local\Temp\xcAsalg.4 \
  --defsym=__MPLAB_BUILD=1 \
  -Mdist/default/production/P03._DATA_RECORDER.production.map -E1 \
  -ver=XC8 Compiler --acfsm=1493 -ASTACK=0110h-016Fh -pstack=STACK \
  -ACODE=00h-07FFhx4 -ASTRCODE=00h-01FFFh -ASTRING=00h-0FFhx32 \
  -ACONST=00h-0FFhx32 -AENTRY=00h-0FFhx32 -ACOMMON=070h-07Fh \
  -ABANK0=020h-06Fh -ABANK1=0A0h-0EFh -ABANK2=0110h-016Fh \
  -ABANK3=0190h-01EFh -ARAM=020h-06Fh,0A0h-0EFh,0110h-016Fh,0190h-01EFh \
  -AABS1=020h-07Fh,0A0h-0EFh,0110h-016Fh,0190h-01EFh -ASFR0=00h-01Fh \
  -ASFR1=080h-09Fh -ASFR2=0100h-010Fh -ASFR3=0180h-018Fh \
  -ACONFIG=02007h-02007h -DCONFIG=2 -AIDLOC=02000h-02003h -DIDLOC=2 \
  -AEEDATA=00h-0FFh/02100h -peeprom_data=EEDATA -DEEDATA=2 -DCODE=2 \
  -DSTRCODE=2 -DSTRING=2 -DCONST=2 -DENTRY=2 \
  -preset_vec=00h,intentry,init,end_init -ppowerup=CODE -pcinit=CODE \
  -pfunctab=ENTRY -k C:\Users\Naseef\AppData\Local\Temp\xcAsalg.o \
  dist/default/production\P03._DATA_RECORDER.production.o 

Object code version is 3.11

Machine type is 16F877A



                Name                               Link     Load   Length Selector   Space Scale
C:\Users\Naseef\AppData\Local\Temp\xcAsalg.o
                end_init                              0        0        3        0       0
                config                             2007     2007        1        0       4
                idloc                              2000     2000        4        0       5
dist/default/production\P03._DATA_RECORDER.production.o
                cinit                               7E7      7E7       19      FCE       0
                config                             2007     2007        1        0       4
                idloc                              2000     2000        4        0       5
                text23                               CF       CF       64      19E       0
                text22                              F3C      F3C       40     1E78       0
                text21                              E9B      E9B       2E     1D36       0
                text20                              E76      E76       25     1CEC       0
                text19                              EC9      EC9       39     1D92       0
                text18                              F7C      F7C       40     1EF8       0
                text17                              E57      E57       1F     1CAE       0
                text16                                A        A       26       14       0
                text15                              3FD      3FD       C6      7FA       0
                text14                              2A1      2A1       9D      542       0
                text13                               30       30       46       60       0
                text12                              FBC      FBC       44     1F78       0
                text11                              F02      F02       3A     1E04       0
                text10                              E36      E36        F     1C6C       0
                text9                               33E      33E       BF      67C       0
                text8                               E1E      E1E        B     1C3C       0
                text7                               19A      19A       6E      334       0
                text6                               133      133       67      266       0
                text5                                76       76       59       EC       0
                text4                               4C3      4C3      192      986       0
                text3                               E45      E45       12     1C8A       0
                text2                               E29      E29        D     1C52       0
                text1                               655      655      192      CAA       0
                maintext                            208      208       99      410       0
                cstackBANK0                          20       20       26       20       1
                cstackCOMMON                         70       70        E       70       1
                clrtext                             E16      E16        8     1C2C       0
                dataBANK0                            58       58        2       20       1
                bssBANK0                             46       46       12       20       1
                strings                             800      800       2F     1000       0
                idataBANK0                            8        8        2       10       0

TOTAL           Name                               Link     Load   Length     Space
        CLASS   STACK          

        CLASS   CODE           
                end_init                              0        0        3         0
                cinit                               7E7      7E7       19         0
                text23                               CF       CF       64         0
                text22                              F3C      F3C       40         0
                text21                              E9B      E9B       2E         0
                text20                              E76      E76       25         0
                text19                              EC9      EC9       39         0
                text18                              F7C      F7C       40         0
                text17                              E57      E57       1F         0
                text16                                A        A       26         0
                text15                              3FD      3FD       C6         0
                text14                              2A1      2A1       9D         0
                text13                               30       30       46         0
                text12                              FBC      FBC       44         0
                text11                              F02      F02       3A         0
                text10                              E36      E36        F         0
                text9                               33E      33E       BF         0
                text8                               E1E      E1E        B         0
                text7                               19A      19A       6E         0
                text6                               133      133       67         0
                text5                                76       76       59         0
                text4                               4C3      4C3      192         0
                text3                               E45      E45       12         0
                text2                               E29      E29        D         0
                text1                               655      655      192         0
                maintext                            208      208       99         0
                clrtext                             E16      E16        8         0
                idataBANK0                            8        8        2         0

        CLASS   STRCODE        

        CLASS   STRING         
                strings                             800      800       2F         0

        CLASS   CONST          

        CLASS   ENTRY          

        CLASS   COMMON         
                cstackCOMMON                         70       70        E         1

        CLASS   BANK0          
                cstackBANK0                          20       20       26         1
                dataBANK0                            58       58        2         1
                bssBANK0                             46       46       12         1

        CLASS   BANK1          

        CLASS   BANK2          

        CLASS   BANK3          

        CLASS   RAM            

        CLASS   ABS1           
                abs_s1                               7E       7E        2         1

        CLASS   SFR0           

        CLASS   SFR1           

        CLASS   SFR2           

        CLASS   SFR3           

        CLASS   CONFIG         
                config                             2007     2007        1         4

        CLASS   IDLOC          
                idloc                              2000     2000        4         5

        CLASS   EEDATA         



SEGMENTS        Name                           Load    Length   Top    Selector   Space  Class     Delta

                reset_vec                      000000  000003  000003         0       0  CODE        2
                idataBANK0                     000008  000002  00000A        10       0  CODE        2
                text16                         00000A  000026  000030        14       0  CODE        2
                cstackBANK0                    000020  00003A  00005A        20       1  BANK0       1
                text13                         000030  000046  000076        60       0  CODE        2
                cstackCOMMON                   000070  00000E  00007E        70       1  COMMON      1
                text5                          000076  000059  0000CF        EC       0  CODE        2
                text23                         0000CF  000064  000133       19E       0  CODE        2
                text6                          000133  000067  00019A       266       0  CODE        2
                text7                          00019A  00006E  000208       334       0  CODE        2
                maintext                       000208  000099  0002A1       410       0  CODE        2
                text14                         0002A1  00009D  00033E       542       0  CODE        2
                text9                          00033E  0000BF  0003FD       67C       0  CODE        2
                text15                         0003FD  0000C6  0004C3       7FA       0  CODE        2
                text4                          0004C3  000192  000655       986       0  CODE        2
                text1                          000655  000192  0007E7       CAA       0  CODE        2
                cinit                          0007E7  000019  000800       FCE       0  CODE        2
                strings                        000800  00002F  00082F      1000       0  STRING      2
                clrtext                        000E16  000008  000E1E      1C2C       0  CODE        2
                text8                          000E1E  00000B  000E29      1C3C       0  CODE        2
                text2                          000E29  00000D  000E36      1C52       0  CODE        2
                text10                         000E36  00000F  000E45      1C6C       0  CODE        2
                text3                          000E45  000012  000E57      1C8A       0  CODE        2
                text17                         000E57  00001F  000E76      1CAE       0  CODE        2
                text20                         000E76  000025  000E9B      1CEC       0  CODE        2
                text21                         000E9B  00002E  000EC9      1D36       0  CODE        2
                text19                         000EC9  000039  000F02      1D92       0  CODE        2
                text11                         000F02  00003A  000F3C      1E04       0  CODE        2
                text22                         000F3C  000040  000F7C      1E78       0  CODE        2
                text18                         000F7C  000040  000FBC      1EF8       0  CODE        2
                text12                         000FBC  000044  001000      1F78       0  CODE        2


UNUSED ADDRESS RANGES

        Name                Unused          Largest block    Delta
        BANK0            005A-006F             16           1
        BANK1            00A0-00EF             50           1
        BANK2            0110-016F             60           1
        BANK3            0190-01EF             60           1
        CODE             0003-0007              5           2
                         082F-0E15            5E7
                         1000-1FFF            800
        CONST            0003-0007              5           2
                         082F-0E15            100
                         1000-1FFF            100
        EEDATA           2100-21FF            100           2
        ENTRY            0003-0007              5           2
                         082F-0E15            100
                         1000-1FFF            100
        RAM              005A-006F             16           1
                         00A0-00EF             50
                         0110-016F             60
                         0190-01EF             60
        SFR0             0000-001F             20           1
        SFR1             0080-009F             20           1
        SFR2             0100-010F             10           1
        SFR3             0180-018F             10           1
        STACK            0110-016F             60           1
        STRCODE          0003-0007              5           2
                         082F-0E15            5E7
                         1000-1FFF           1000
        STRING           0003-0007              5           2
                         082F-0E15            100
                         1000-1FFF            100

                                  Symbol Table

?___aldiv                      cstackBANK0  0020
?___awdiv                      cstackCOMMON 0070
?___awmod                      cstackCOMMON 0070
?___lmul                       cstackCOMMON 0070
?___lwdiv                      cstackCOMMON 0070
?___lwmod                      cstackCOMMON 0070
?___wmul                       cstackCOMMON 0070
LCD_Char@data                  cstackCOMMON 0072
LCD_Command@cmnd               cstackCOMMON 0072
LCD_num@digit1                 cstackBANK0  0032
LCD_num@digit2                 cstackBANK0  0034
LCD_num@digit3                 cstackBANK0  0036
LCD_num@remainder              cstackBANK0  003C
LCD_num@result                 cstackBANK0  0038
LCD_num@result1                cstackBANK0  003A
LCD_num@val                    cstackBANK0  002E
_ADCON0                        (abs)        001F
_ADCON1                        (abs)        009F
_ADC_Init                      text23       00CF
_ADRESH                        (abs)        001E
_ADRESL                        (abs)        009E
_AV                            bssBANK0     0046
_GO_nDONE                      (abs)        00FA
_LCD_Char                      text18       0F7C
_LCD_Command                   text22       0F3C
_LCD_init                      text21       0E9B
_LCD_num                       text9        033E
_PORTB                         (abs)        0006
_PORTDbits                     (abs)        0008
_RC0                           (abs)        0038
_RC1                           (abs)        0039
_RCIF                          (abs)        0065
_RCREG                         (abs)        001A
_RCSTA                         (abs)        0018
_SPBRG                         (abs)        0099
_TRISB                         (abs)        0086
_TRISC                         (abs)        0087
_TRISDbits                     (abs)        0088
_TXIF                          (abs)        0064
_TXREG                         (abs)        0019
_TXSTA                         (abs)        0098
__Habs1                        abs1         0000
__Hbank0                       bank0        0000
__Hbank1                       bank1        0000
__Hbank2                       bank2        0000
__Hbank3                       bank3        0000
__HbssBANK0                    bssBANK0     0000
__Hcinit                       cinit        0800
__Hclrtext                     clrtext      0000
__Hcode                        code         0000
__Hcommon                      common       0000
__Hconfig                      config       2008
__HcstackBANK0                 cstackBANK0  0000
__HcstackCOMMON                cstackCOMMON 0000
__HdataBANK0                   dataBANK0    0000
__Heeprom_data                 eeprom_data  0000
__Hend_init                    end_init     0003
__Hfunctab                     functab      0000
__HidataBANK0                  idataBANK0   0000
__Hidloc                       idloc        2004
__Hinit                        init         0000
__Hintentry                    intentry     0000
__Hmaintext                    maintext     0000
__Hpowerup                     powerup      0000
__Hram                         ram          0000
__Hreset_vec                   reset_vec    0000
__Hsfr0                        sfr0         0000
__Hsfr1                        sfr1         0000
__Hsfr2                        sfr2         0000
__Hsfr3                        sfr3         0000
__Hspace_0                     (abs)        1000
__Hspace_1                     (abs)        007E
__Hspace_2                     (abs)        0000
__Hspace_3                     (abs)        0000
__Hspace_4                     (abs)        400F
__Hstack                       stack        0000
__Hstrings                     strings      0000
__Htext                        text         0000
__Labs1                        abs1         0000
__Lbank0                       bank0        0000
__Lbank1                       bank1        0000
__Lbank2                       bank2        0000
__Lbank3                       bank3        0000
__LbssBANK0                    bssBANK0     0000
__Lcinit                       cinit        07E7
__Lclrtext                     clrtext      0000
__Lcode                        code         0000
__Lcommon                      common       0000
__Lconfig                      config       0000
__LcstackBANK0                 cstackBANK0  0000
__LcstackCOMMON                cstackCOMMON 0000
__LdataBANK0                   dataBANK0    0000
__Leeprom_data                 eeprom_data  0000
__Lend_init                    end_init     0000
__Lfunctab                     functab      0000
__LidataBANK0                  idataBANK0   0000
__Lidloc                       idloc        0000
__Linit                        init         0000
__Lintentry                    intentry     0000
__Lmaintext                    maintext     0000
__Lpowerup                     powerup      0000
__Lram                         ram          0000
__Lreset_vec                   reset_vec    0000
__Lsfr0                        sfr0         0000
__Lsfr1                        sfr1         0000
__Lsfr2                        sfr2         0000
__Lsfr3                        sfr3         0000
__Lspace_0                     (abs)        0000
__Lspace_1                     (abs)        0000
__Lspace_2                     (abs)        0000
__Lspace_3                     (abs)        0000
__Lspace_4                     (abs)        0000
__Lstack                       stack        0000
__Lstrings                     strings      0000
__Ltext                        text         0000
__S0                           (abs)        1000
__S1                           (abs)        007E
__S2                           (abs)        0000
__S3                           (abs)        0000
___aldiv                       text14       02A1
___aldiv@counter               cstackBANK0  0028
___aldiv@dividend              cstackBANK0  0024
___aldiv@divisor               cstackBANK0  0020
___aldiv@quotient              cstackBANK0  002A
___aldiv@sign                  cstackBANK0  0029
___awdiv                       text6        0133
___awdiv@counter               cstackCOMMON 0075
___awdiv@dividend              cstackCOMMON 0072
___awdiv@divisor               cstackCOMMON 0070
___awdiv@quotient              cstackCOMMON 0077
___awdiv@sign                  cstackCOMMON 0076
___awmod                       text5        0076
___awmod@counter               cstackCOMMON 0075
___awmod@dividend              cstackCOMMON 0072
___awmod@divisor               cstackCOMMON 0070
___awmod@sign                  cstackCOMMON 0076
___int_sp                      stack        0000
___latbits                     (abs)        0002
___lmul                        text13       0030
___lmul@multiplicand           cstackCOMMON 0074
___lmul@multiplier             cstackCOMMON 0070
___lmul@product                cstackCOMMON 0079
___lwdiv                       text12       0FBC
___lwdiv@counter               cstackCOMMON 0077
___lwdiv@dividend              cstackCOMMON 0072
___lwdiv@divisor               cstackCOMMON 0070
___lwdiv@quotient              cstackCOMMON 0075
___lwmod                       text11       0F02
___lwmod@counter               cstackCOMMON 0075
___lwmod@dividend              cstackCOMMON 0072
___lwmod@divisor               cstackCOMMON 0070
___sp                          stack        0000
___stackhi                     (abs)        0000
___stacklo                     (abs)        0000
___wmul                        text20       0E76
___wmul@multiplicand           cstackCOMMON 0072
___wmul@multiplier             cstackCOMMON 0070
___wmul@product                cstackCOMMON 0074
__end_of_ADC_Init              text23       0133
__end_of_LCD_Char              text18       0FBC
__end_of_LCD_Command           text22       0F7C
__end_of_LCD_init              text21       0EC9
__end_of_LCD_num               text9        03FD
__end_of___aldiv               text14       033E
__end_of___awdiv               text6        019A
__end_of___awmod               text5        00CF
__end_of___lmul                text13       0076
__end_of___lwdiv               text12       1000
__end_of___lwmod               text11       0F3C
__end_of___wmul                text20       0E9B
__end_of__initialization       cinit        07FC
__end_of__stringtab            strings      0806
__end_of_dht22_read            text15       04C3
__end_of_dht22_read_byte       text19       0F02
__end_of_intdigits_chardigits  text10       0E45
__end_of_main                  maintext     02A1
__end_of_print_analogvoltages  text7        0208
__end_of_print_serialnumber    text3        0E57
__end_of_problem               text16       0030
__end_of_ser_int               text2        0E36
__end_of_show                  text17       0E76
__end_of_show_multidigits      text1        07E7
__end_of_tx                    text8        0E29
__end_of_tx_sn                 text4        0655
__initialization               cinit        07E7
__pbssBANK0                    bssBANK0     0046
__pcstackBANK0                 cstackBANK0  0020
__pcstackCOMMON                cstackCOMMON 0070
__pdataBANK0                   dataBANK0    0058
__pidataBANK0                  idataBANK0   0008
__pmaintext                    maintext     0208
__pstrings                     strings      0800
__ptext1                       text1        0655
__ptext10                      text10       0E36
__ptext11                      text11       0F02
__ptext12                      text12       0FBC
__ptext13                      text13       0030
__ptext14                      text14       02A1
__ptext15                      text15       03FD
__ptext16                      text16       000A
__ptext17                      text17       0E57
__ptext18                      text18       0F7C
__ptext19                      text19       0EC9
__ptext2                       text2        0E29
__ptext20                      text20       0E76
__ptext21                      text21       0E9B
__ptext22                      text22       0F3C
__ptext23                      text23       00CF
__ptext3                       text3        0E45
__ptext4                       text4        04C3
__ptext5                       text5        0076
__ptext6                       text6        0133
__ptext7                       text7        019A
__ptext8                       text8        0E1E
__ptext9                       text9        033E
__size_of_ADC_Init             (abs)        0000
__size_of_LCD_Char             (abs)        0000
__size_of_LCD_Command          (abs)        0000
__size_of_LCD_init             (abs)        0000
__size_of_LCD_num              (abs)        0000
__size_of___aldiv              (abs)        0000
__size_of___awdiv              (abs)        0000
__size_of___awmod              (abs)        0000
__size_of___lmul               (abs)        0000
__size_of___lwdiv              (abs)        0000
__size_of___lwmod              (abs)        0000
__size_of___wmul               (abs)        0000
__size_of_dht22_read           (abs)        0000
__size_of_dht22_read_byte      (abs)        0000
__size_of_intdigits_chardigits (abs)        0000
__size_of_main                 (abs)        0000
__size_of_print_analogvoltages (abs)        0000
__size_of_print_serialnumber   (abs)        0000
__size_of_problem              (abs)        0000
__size_of_ser_int              (abs)        0000
__size_of_show                 (abs)        0000
__size_of_show_multidigits     (abs)        0000
__size_of_tx                   (abs)        0000
__size_of_tx_sn                (abs)        0000
__stringbase                   strings      0805
__stringtab                    strings      0800
_avv                           bssBANK0     0051
_dht22_read                    text15       03FD
_dht22_read_byte               text19       0EC9
_humidity                      bssBANK0     0056
_intdigits_chardigits          text10       0E36
_main                          maintext     0208
_print_analogvoltages          text7        019A
_print_serialnumber            text3        0E45
_problem                       text16       000A
_ser_int                       text2        0E29
_show                          text17       0E57
_show_multidigits              text1        0655
_sn                            dataBANK0    0058
_temperature                   bssBANK0     0054
_tx                            text8        0E1E
_tx_sn                         text4        04C3
btemp                          (abs)        007E
clear_ram0                     clrtext      0E16
dht22_read@dht22_humi          cstackCOMMON 007D
dht22_read@dht22_temp          cstackCOMMON 0076
dht22_read_byte@dht22_byte     cstackCOMMON 0073
dht22_read_byte@i              cstackCOMMON 0074
end_of_initialization          cinit        07FC
intdigits_chardigits@a         cstackCOMMON 0070
intdigits_chardigits@b         cstackCOMMON 0072
intdigits_chardigits@c         cstackCOMMON 0074
intlevel0                      functab      0000
intlevel1                      functab      0000
intlevel2                      functab      0000
intlevel3                      functab      0000
intlevel4                      functab      0000
intlevel5                      functab      0000
print_analogvoltages@i         cstackBANK0  0041
print_analogvoltages@j         cstackBANK0  0042
problem@a                      cstackCOMMON 0075
reset_vec                      reset_vec    0000
show@s                         cstackCOMMON 0074
show_multidigits@digit1        cstackBANK0  0026
show_multidigits@digit2        cstackBANK0  0028
show_multidigits@digit3        cstackBANK0  0024
show_multidigits@digit4        cstackBANK0  0020
show_multidigits@remainder     cstackBANK0  002C
show_multidigits@result        cstackBANK0  0022
show_multidigits@result1       cstackBANK0  002A
show_multidigits@val           cstackCOMMON 0079
start                          init         0000
start_initialization           cinit        07E7
tx@a                           cstackCOMMON 0070
tx_sn@digit1                   cstackBANK0  0026
tx_sn@digit2                   cstackBANK0  0028
tx_sn@digit3                   cstackBANK0  0024
tx_sn@digit4                   cstackBANK0  0020
tx_sn@remainder                cstackBANK0  002C
tx_sn@result                   cstackBANK0  0022
tx_sn@result1                  cstackBANK0  002A
tx_sn@val                      cstackCOMMON 0079
wtemp0                         (abs)        007E


MODULE INFORMATION

Module		Function		Class		Link	Load	Size
C:\Program Files\Microchip\xc8\v2.32\pic\sources\c90\common\Umul32.c
		___lmul        		CODE           	0030	0000	70

C:\Program Files\Microchip\xc8\v2.32\pic\sources\c90\common\Umul32.c estimated size: 70

./uart.h
		_ser_int       		CODE           	0E29	0000	13
		_tx_sn         		CODE           	04C3	0000	402
		_tx            		CODE           	0E1E	0000	11

./uart.h estimated size: 426

./dht11.h
		_problem       		CODE           	000A	0000	38
		_dht22_read    		CODE           	03FD	0000	198
		_dht22_read_byte		CODE           	0EC9	0000	57

./dht11.h estimated size: 293

C:\Program Files\Microchip\xc8\v2.32\pic\sources\c90\common\lwmod.c
		___lwmod       		CODE           	0F02	0000	58

C:\Program Files\Microchip\xc8\v2.32\pic\sources\c90\common\lwmod.c estimated size: 58

C:\Program Files\Microchip\xc8\v2.32\pic\sources\c90\common\awmod.c
		___awmod       		CODE           	0076	0000	89

C:\Program Files\Microchip\xc8\v2.32\pic\sources\c90\common\awmod.c estimated size: 89

shared
		__stringtab    		STRING         	0800	0000	6
		__initialization		CODE           	07E7	0000	21

shared estimated size: 27

./lcd4bit.h
		_show_multidigits		CODE           	0655	0000	402
		_LCD_Command   		CODE           	0F3C	0000	64
		_intdigits_chardigits		CODE           	0E36	0000	15
		_LCD_Char      		CODE           	0F7C	0000	64
		_show          		CODE           	0E57	0000	31
		_LCD_init      		CODE           	0E9B	0000	46
		_LCD_num       		CODE           	033E	0000	191

./lcd4bit.h estimated size: 813

C:\Program Files\Microchip\xc8\v2.32\pic\sources\c90\common\lwdiv.c
		___lwdiv       		CODE           	0FBC	0000	68

C:\Program Files\Microchip\xc8\v2.32\pic\sources\c90\common\lwdiv.c estimated size: 68

C:\Program Files\Microchip\xc8\v2.32\pic\sources\c90\common\awdiv.c
		___awdiv       		CODE           	0133	0000	103

C:\Program Files\Microchip\xc8\v2.32\pic\sources\c90\common\awdiv.c estimated size: 103

C:\Program Files\Microchip\xc8\v2.32\pic\sources\c90\common\Umul16.c
		___wmul        		CODE           	0E76	0000	37

C:\Program Files\Microchip\xc8\v2.32\pic\sources\c90\common\Umul16.c estimated size: 37

main.c
		_print_serialnumber		CODE           	0E45	0000	18
		_main          		CODE           	0208	0000	153
		_print_analogvoltages		CODE           	019A	0000	110
		_ADC_Init      		CODE           	00CF	0000	100

main.c estimated size: 381

C:\Program Files\Microchip\xc8\v2.32\pic\sources\c90\common\aldiv.c
		___aldiv       		CODE           	02A1	0000	157

C:\Program Files\Microchip\xc8\v2.32\pic\sources\c90\common\aldiv.c estimated size: 157

