Microchip MPLAB XC8 Compiler V2.32

Linker command line:

-W-3 --edf=C:\Program Files\Microchip\xc8\v2.32\pic\dat\en_msgs.txt -cn \
  -h+dist/default/production\P03._DATA_RECORDER.production.sym \
  --cmf=dist/default/production\P03._DATA_RECORDER.production.cmf -z \
  -Q16F877A -oC:\Users\Naseef\AppData\Local\Temp\xcAs790.4 \
  --defsym=__MPLAB_BUILD=1 \
  -Mdist/default/production/P03._DATA_RECORDER.production.map -E1 \
  -ver=XC8 Compiler --acfsm=1493 -ASTACK=0110h-016Fh -pstack=STACK \
  -ACODE=00h-07FFhx4 -ASTRCODE=00h-01FFFh -ASTRING=00h-0FFhx32 \
  -ACONST=00h-0FFhx32 -AENTRY=00h-0FFhx32 -ACOMMON=070h-07Fh \
  -ABANK0=020h-06Fh -ABANK1=0A0h-0EFh -ABANK2=0110h-016Fh \
  -ABANK3=0190h-01EFh -ARAM=020h-06Fh,0A0h-0EFh,0110h-016Fh,0190h-01EFh \
  -AABS1=020h-07Fh,0A0h-0EFh,0110h-016Fh,0190h-01EFh -ASFR0=00h-01Fh \
  -ASFR1=080h-09Fh -ASFR2=0100h-010Fh -ASFR3=0180h-018Fh \
  -ACONFIG=02007h-02007h -DCONFIG=2 -AIDLOC=02000h-02003h -DIDLOC=2 \
  -AEEDATA=00h-0FFh/02100h -peeprom_data=EEDATA -DEEDATA=2 -DCODE=2 \
  -DSTRCODE=2 -DSTRING=2 -DCONST=2 -DENTRY=2 \
  -preset_vec=00h,intentry,init,end_init -ppowerup=CODE -pcinit=CODE \
  -pfunctab=ENTRY -k C:\Users\Naseef\AppData\Local\Temp\xcAs790.o \
  dist/default/production\P03._DATA_RECORDER.production.o 

Object code version is 3.11

Machine type is 16F877A



                Name                               Link     Load   Length Selector   Space Scale
C:\Users\Naseef\AppData\Local\Temp\xcAs790.o
                end_init                              0        0        3        0       0
                config                             2007     2007        1        0       4
                idloc                              2000     2000        4        0       5
dist/default/production\P03._DATA_RECORDER.production.o
                cinit                               7E7      7E7       19      FCE       0
                config                             2007     2007        1        0       4
                idloc                              2000     2000        4        0       5
                text22                               F4       F4       64      1E8       0
                text21                              EB5      EB5       21     1D6A       0
                text20                              F3E      F3E       40     1E7C       0
                text19                              ED6      ED6       2E     1DAC       0
                text18                              FBE      FBE       42     1F7C       0
                text17                              E7C      E7C       1A     1CF8       0
                text16                              F7E      F7E       40     1EFC       0
                text15                              22D      22D       9D      45A       0
                text14                               55       55       46       AA       0
                text13                               11       11       44       22       0
                text12                              F04      F04       3A     1E08       0
                text11                              E5B      E5B        F     1CB6       0
                text10                              2CA      2CA       BF      594       0
                text9                               E50      E50        B     1CA0       0
                text8                               1BF      1BF       6E      37E       0
                text7                               158      158       67      2B0       0
                text6                                9B       9B       59      136       0
                text5                               4C3      4C3      192      986       0
                text4                               E6A      E6A       12     1CD4       0
                text3                                 4        4        D        8       0
                text2                               E96      E96       1F     1D2C       0
                text1                               655      655      192      CAA       0
                maintext                            389      389      13A      712       0
                cstackBANK0                          20       20       2B       20       1
                cstackCOMMON                         70       70        E       70       1
                clrtext                             E48      E48        8     1C90       0
                dataBANK0                            69       69        2       20       1
                bssBANK0                             4B       4B       1E       20       1
                strings                             800      800       12     1000       0
                idataBANK0                          E46      E46        2     1C8C       0

TOTAL           Name                               Link     Load   Length     Space
        CLASS   STACK          

        CLASS   CODE           
                end_init                              0        0        3         0
                cinit                               7E7      7E7       19         0
                text22                               F4       F4       64         0
                text21                              EB5      EB5       21         0
                text20                              F3E      F3E       40         0
                text19                              ED6      ED6       2E         0
                text18                              FBE      FBE       42         0
                text17                              E7C      E7C       1A         0
                text16                              F7E      F7E       40         0
                text15                              22D      22D       9D         0
                text14                               55       55       46         0
                text13                               11       11       44         0
                text12                              F04      F04       3A         0
                text11                              E5B      E5B        F         0
                text10                              2CA      2CA       BF         0
                text9                               E50      E50        B         0
                text8                               1BF      1BF       6E         0
                text7                               158      158       67         0
                text6                                9B       9B       59         0
                text5                               4C3      4C3      192         0
                text4                               E6A      E6A       12         0
                text3                                 4        4        D         0
                text2                               E96      E96       1F         0
                text1                               655      655      192         0
                maintext                            389      389      13A         0
                clrtext                             E48      E48        8         0
                idataBANK0                          E46      E46        2         0

        CLASS   STRCODE        

        CLASS   STRING         
                strings                             800      800       12         0

        CLASS   CONST          

        CLASS   ENTRY          

        CLASS   COMMON         
                cstackCOMMON                         70       70        E         1

        CLASS   BANK0          
                cstackBANK0                          20       20       2B         1
                dataBANK0                            69       69        2         1
                bssBANK0                             4B       4B       1E         1

        CLASS   BANK1          

        CLASS   BANK2          

        CLASS   BANK3          

        CLASS   RAM            

        CLASS   ABS1           
                abs_s1                               7E       7E        2         1

        CLASS   SFR0           

        CLASS   SFR1           

        CLASS   SFR2           

        CLASS   SFR3           

        CLASS   CONFIG         
                config                             2007     2007        1         4

        CLASS   IDLOC          
                idloc                              2000     2000        4         5

        CLASS   EEDATA         



SEGMENTS        Name                           Load    Length   Top    Selector   Space  Class     Delta

                reset_vec                      000000  000003  000003         0       0  CODE        2
                text3                          000004  00000D  000011         8       0  CODE        2
                cstackBANK0                    000020  00004B  00006B        20       1  BANK0       1
                text13                         000011  000044  000055        22       0  CODE        2
                cstackCOMMON                   000070  00000E  00007E        70       1  COMMON      1
                text14                         000055  000046  00009B        AA       0  CODE        2
                text6                          00009B  000059  0000F4       136       0  CODE        2
                text22                         0000F4  000064  000158       1E8       0  CODE        2
                text7                          000158  000067  0001BF       2B0       0  CODE        2
                text8                          0001BF  00006E  00022D       37E       0  CODE        2
                text15                         00022D  00009D  0002CA       45A       0  CODE        2
                text10                         0002CA  0000BF  000389       594       0  CODE        2
                maintext                       000389  00013A  0004C3       712       0  CODE        2
                text5                          0004C3  000192  000655       986       0  CODE        2
                text1                          000655  000192  0007E7       CAA       0  CODE        2
                cinit                          0007E7  000019  000800       FCE       0  CODE        2
                strings                        000800  000012  000812      1000       0  STRING      2
                idataBANK0                     000E46  000002  000E48      1C8C       0  CODE        2
                clrtext                        000E48  000008  000E50      1C90       0  CODE        2
                text9                          000E50  00000B  000E5B      1CA0       0  CODE        2
                text11                         000E5B  00000F  000E6A      1CB6       0  CODE        2
                text4                          000E6A  000012  000E7C      1CD4       0  CODE        2
                text17                         000E7C  00001A  000E96      1CF8       0  CODE        2
                text2                          000E96  00001F  000EB5      1D2C       0  CODE        2
                text21                         000EB5  000021  000ED6      1D6A       0  CODE        2
                text19                         000ED6  00002E  000F04      1DAC       0  CODE        2
                text12                         000F04  00003A  000F3E      1E08       0  CODE        2
                text20                         000F3E  000040  000F7E      1E7C       0  CODE        2
                text16                         000F7E  000040  000FBE      1EFC       0  CODE        2
                text18                         000FBE  000042  001000      1F7C       0  CODE        2


UNUSED ADDRESS RANGES

        Name                Unused          Largest block    Delta
        BANK0            006B-006F              5           1
        BANK1            00A0-00EF             50           1
        BANK2            0110-016F             60           1
        BANK3            0190-01EF             60           1
        CODE             0003-0003              1           2
                         0812-0E45            634
                         1000-1FFF            800
        CONST            0003-0003              1           2
                         0812-0E45            100
                         1000-1FFF            100
        EEDATA           2100-21FF            100           2
        ENTRY            0003-0003              1           2
                         0812-0E45            100
                         1000-1FFF            100
        RAM              006B-006F              5           1
                         00A0-00EF             50
                         0110-016F             60
                         0190-01EF             60
        SFR0             0000-001F             20           1
        SFR1             0080-009F             20           1
        SFR2             0100-010F             10           1
        SFR3             0180-018F             10           1
        STACK            0110-016F             60           1
        STRCODE          0003-0003              1           2
                         0812-0E45            634
                         1000-1FFF           1000
        STRING           0003-0003              1           2
                         0812-0E45            100
                         1000-1FFF            100

                                  Symbol Table

?___aldiv                      cstackBANK0  0020
?___awdiv                      cstackCOMMON 0070
?___awmod                      cstackCOMMON 0070
?___lmul                       cstackCOMMON 0070
?___lwdiv                      cstackCOMMON 0070
?___lwmod                      cstackCOMMON 0070
LCD_Char@data                  cstackCOMMON 0072
LCD_Command@cmnd               cstackCOMMON 0072
LCD_num@digit1                 cstackBANK0  0032
LCD_num@digit2                 cstackBANK0  0034
LCD_num@digit3                 cstackBANK0  0036
LCD_num@remainder              cstackBANK0  003C
LCD_num@result                 cstackBANK0  0038
LCD_num@result1                cstackBANK0  003A
LCD_num@val                    cstackBANK0  002E
ReadData@i                     cstackCOMMON 0072
ReadData@j                     cstackCOMMON 0073
_ADCON0                        (abs)        001F
_ADCON1                        (abs)        009F
_ADC_Init                      text22       00F4
_ADRESH                        (abs)        001E
_ADRESL                        (abs)        009E
_AV                            bssBANK0     004B
_Check                         bssBANK0     0068
_CheckResponse                 text21       0EB5
_GO_nDONE                      (abs)        00FA
_LCD_Char                      text16       0F7E
_LCD_Command                   text20       0F3E
_LCD_init                      text19       0ED6
_LCD_num                       text10       02CA
_PORTB                         (abs)        0006
_PORTDbits                     (abs)        0008
_RC0                           (abs)        0038
_RC1                           (abs)        0039
_RCIF                          (abs)        0065
_RCREG                         (abs)        001A
_RCSTA                         (abs)        0018
_RH                            bssBANK0     005F
_RH_byte1                      bssBANK0     0065
_RH_byte2                      bssBANK0     0064
_ReadData                      text18       0FBE
_SPBRG                         (abs)        0099
_StartSignal                   text17       0E7C
_Sum                           bssBANK0     005D
_TRISB                         (abs)        0086
_TRISC                         (abs)        0087
_TRISDbits                     (abs)        0088
_TXIF                          (abs)        0064
_TXREG                         (abs)        0019
_TXSTA                         (abs)        0098
_T_byte1                       bssBANK0     0067
_T_byte2                       bssBANK0     0066
_Temp                          bssBANK0     0061
__Habs1                        abs1         0000
__Hbank0                       bank0        0000
__Hbank1                       bank1        0000
__Hbank2                       bank2        0000
__Hbank3                       bank3        0000
__HbssBANK0                    bssBANK0     0000
__Hcinit                       cinit        0800
__Hclrtext                     clrtext      0000
__Hcode                        code         0000
__Hcommon                      common       0000
__Hconfig                      config       2008
__HcstackBANK0                 cstackBANK0  0000
__HcstackCOMMON                cstackCOMMON 0000
__HdataBANK0                   dataBANK0    0000
__Heeprom_data                 eeprom_data  0000
__Hend_init                    end_init     0003
__Hfunctab                     functab      0000
__HidataBANK0                  idataBANK0   0000
__Hidloc                       idloc        2004
__Hinit                        init         0000
__Hintentry                    intentry     0000
__Hmaintext                    maintext     0000
__Hpowerup                     powerup      0000
__Hram                         ram          0000
__Hreset_vec                   reset_vec    0000
__Hsfr0                        sfr0         0000
__Hsfr1                        sfr1         0000
__Hsfr2                        sfr2         0000
__Hsfr3                        sfr3         0000
__Hspace_0                     (abs)        1000
__Hspace_1                     (abs)        007E
__Hspace_2                     (abs)        0000
__Hspace_3                     (abs)        0000
__Hspace_4                     (abs)        400F
__Hstack                       stack        0000
__Hstrings                     strings      0000
__Htext                        text         0000
__Labs1                        abs1         0000
__Lbank0                       bank0        0000
__Lbank1                       bank1        0000
__Lbank2                       bank2        0000
__Lbank3                       bank3        0000
__LbssBANK0                    bssBANK0     0000
__Lcinit                       cinit        07E7
__Lclrtext                     clrtext      0000
__Lcode                        code         0000
__Lcommon                      common       0000
__Lconfig                      config       0000
__LcstackBANK0                 cstackBANK0  0000
__LcstackCOMMON                cstackCOMMON 0000
__LdataBANK0                   dataBANK0    0000
__Leeprom_data                 eeprom_data  0000
__Lend_init                    end_init     0000
__Lfunctab                     functab      0000
__LidataBANK0                  idataBANK0   0000
__Lidloc                       idloc        0000
__Linit                        init         0000
__Lintentry                    intentry     0000
__Lmaintext                    maintext     0000
__Lpowerup                     powerup      0000
__Lram                         ram          0000
__Lreset_vec                   reset_vec    0000
__Lsfr0                        sfr0         0000
__Lsfr1                        sfr1         0000
__Lsfr2                        sfr2         0000
__Lsfr3                        sfr3         0000
__Lspace_0                     (abs)        0000
__Lspace_1                     (abs)        0000
__Lspace_2                     (abs)        0000
__Lspace_3                     (abs)        0000
__Lspace_4                     (abs)        0000
__Lstack                       stack        0000
__Lstrings                     strings      0000
__Ltext                        text         0000
__S0                           (abs)        1000
__S1                           (abs)        007E
__S2                           (abs)        0000
__S3                           (abs)        0000
___aldiv                       text15       022D
___aldiv@counter               cstackBANK0  0028
___aldiv@dividend              cstackBANK0  0024
___aldiv@divisor               cstackBANK0  0020
___aldiv@quotient              cstackBANK0  002A
___aldiv@sign                  cstackBANK0  0029
___awdiv                       text7        0158
___awdiv@counter               cstackCOMMON 0075
___awdiv@dividend              cstackCOMMON 0072
___awdiv@divisor               cstackCOMMON 0070
___awdiv@quotient              cstackCOMMON 0077
___awdiv@sign                  cstackCOMMON 0076
___awmod                       text6        009B
___awmod@counter               cstackCOMMON 0075
___awmod@dividend              cstackCOMMON 0072
___awmod@divisor               cstackCOMMON 0070
___awmod@sign                  cstackCOMMON 0076
___int_sp                      stack        0000
___latbits                     (abs)        0002
___lmul                        text14       0055
___lmul@multiplicand           cstackCOMMON 0074
___lmul@multiplier             cstackCOMMON 0070
___lmul@product                cstackCOMMON 0079
___lwdiv                       text13       0011
___lwdiv@counter               cstackCOMMON 0077
___lwdiv@dividend              cstackCOMMON 0072
___lwdiv@divisor               cstackCOMMON 0070
___lwdiv@quotient              cstackCOMMON 0075
___lwmod                       text12       0F04
___lwmod@counter               cstackCOMMON 0075
___lwmod@dividend              cstackCOMMON 0072
___lwmod@divisor               cstackCOMMON 0070
___sp                          stack        0000
___stackhi                     (abs)        0000
___stacklo                     (abs)        0000
__end_of_ADC_Init              text22       0158
__end_of_CheckResponse         text21       0ED6
__end_of_LCD_Char              text16       0FBE
__end_of_LCD_Command           text20       0F7E
__end_of_LCD_init              text19       0F04
__end_of_LCD_num               text10       0389
__end_of_ReadData              text18       1000
__end_of_StartSignal           text17       0E96
__end_of___aldiv               text15       02CA
__end_of___awdiv               text7        01BF
__end_of___awmod               text6        00F4
__end_of___lmul                text14       009B
__end_of___lwdiv               text13       0055
__end_of___lwmod               text12       0F3E
__end_of__initialization       cinit        07FC
__end_of__stringtab            strings      0806
__end_of_intdigits_chardigits  text11       0E6A
__end_of_main                  maintext     04C3
__end_of_print_analogvoltages  text8        022D
__end_of_print_serialnumber    text4        0E7C
__end_of_ser_int               text3        0011
__end_of_show                  text2        0EB5
__end_of_show_multidigits      text1        07E7
__end_of_tx                    text9        0E5B
__end_of_tx_sn                 text5        0655
__initialization               cinit        07E7
__pbssBANK0                    bssBANK0     004B
__pcstackBANK0                 cstackBANK0  0020
__pcstackCOMMON                cstackCOMMON 0070
__pdataBANK0                   dataBANK0    0069
__pidataBANK0                  idataBANK0   0E46
__pmaintext                    maintext     0389
__pstrings                     strings      0800
__ptext1                       text1        0655
__ptext10                      text10       02CA
__ptext11                      text11       0E5B
__ptext12                      text12       0F04
__ptext13                      text13       0011
__ptext14                      text14       0055
__ptext15                      text15       022D
__ptext16                      text16       0F7E
__ptext17                      text17       0E7C
__ptext18                      text18       0FBE
__ptext19                      text19       0ED6
__ptext2                       text2        0E96
__ptext20                      text20       0F3E
__ptext21                      text21       0EB5
__ptext22                      text22       00F4
__ptext3                       text3        0004
__ptext4                       text4        0E6A
__ptext5                       text5        04C3
__ptext6                       text6        009B
__ptext7                       text7        0158
__ptext8                       text8        01BF
__ptext9                       text9        0E50
__size_of_ADC_Init             (abs)        0000
__size_of_CheckResponse        (abs)        0000
__size_of_LCD_Char             (abs)        0000
__size_of_LCD_Command          (abs)        0000
__size_of_LCD_init             (abs)        0000
__size_of_LCD_num              (abs)        0000
__size_of_ReadData             (abs)        0000
__size_of_StartSignal          (abs)        0000
__size_of___aldiv              (abs)        0000
__size_of___awdiv              (abs)        0000
__size_of___awmod              (abs)        0000
__size_of___lmul               (abs)        0000
__size_of___lwdiv              (abs)        0000
__size_of___lwmod              (abs)        0000
__size_of_intdigits_chardigits (abs)        0000
__size_of_main                 (abs)        0000
__size_of_print_analogvoltages (abs)        0000
__size_of_print_serialnumber   (abs)        0000
__size_of_ser_int              (abs)        0000
__size_of_show                 (abs)        0000
__size_of_show_multidigits     (abs)        0000
__size_of_tx                   (abs)        0000
__size_of_tx_sn                (abs)        0000
__stringbase                   strings      0805
__stringtab                    strings      0800
_avv                           bssBANK0     0056
_intdigits_chardigits          text11       0E5B
_main                          maintext     0389
_print_analogvoltages          text8        01BF
_print_serialnumber            text4        0E6A
_ser_int                       text3        0004
_show                          text2        0E96
_show_multidigits              text1        0655
_sn                            dataBANK0    0069
_tx                            text9        0E50
_tx_sn                         text5        04C3
btemp                          (abs)        007E
clear_ram0                     clrtext      0E48
end_of_initialization          cinit        07FC
intdigits_chardigits@a         cstackCOMMON 0070
intdigits_chardigits@b         cstackCOMMON 0072
intdigits_chardigits@c         cstackCOMMON 0074
intlevel0                      functab      0000
intlevel1                      functab      0000
intlevel2                      functab      0000
intlevel3                      functab      0000
intlevel4                      functab      0000
intlevel5                      functab      0000
print_analogvoltages@i         cstackBANK0  0041
print_analogvoltages@j         cstackBANK0  0042
reset_vec                      reset_vec    0000
show@s                         cstackCOMMON 0074
show_multidigits@digit1        cstackBANK0  0026
show_multidigits@digit2        cstackBANK0  0028
show_multidigits@digit3        cstackBANK0  0024
show_multidigits@digit4        cstackBANK0  0020
show_multidigits@remainder     cstackBANK0  002C
show_multidigits@result        cstackBANK0  0022
show_multidigits@result1       cstackBANK0  002A
show_multidigits@val           cstackCOMMON 0079
start                          init         0000
start_initialization           cinit        07E7
tx@a                           cstackCOMMON 0070
tx_sn@digit1                   cstackBANK0  0026
tx_sn@digit2                   cstackBANK0  0028
tx_sn@digit3                   cstackBANK0  0024
tx_sn@digit4                   cstackBANK0  0020
tx_sn@remainder                cstackBANK0  002C
tx_sn@result                   cstackBANK0  0022
tx_sn@result1                  cstackBANK0  002A
tx_sn@val                      cstackCOMMON 0079
wtemp0                         (abs)        007E


MODULE INFORMATION

Module		Function		Class		Link	Load	Size
C:\Program Files\Microchip\xc8\v2.32\pic\sources\c90\common\Umul32.c
		___lmul        		CODE           	0055	0000	70

C:\Program Files\Microchip\xc8\v2.32\pic\sources\c90\common\Umul32.c estimated size: 70

./uart.h
		_ser_int       		CODE           	0004	0000	13
		_tx_sn         		CODE           	04C3	0000	402
		_tx            		CODE           	0E50	0000	11

./uart.h estimated size: 426

./d2h11.h
		_CheckResponse 		CODE           	0EB5	0000	33
		_StartSignal   		CODE           	0E7C	0000	26
		_ReadData      		CODE           	0FBE	0000	66

./d2h11.h estimated size: 125

C:\Program Files\Microchip\xc8\v2.32\pic\sources\c90\common\lwmod.c
		___lwmod       		CODE           	0F04	0000	58

C:\Program Files\Microchip\xc8\v2.32\pic\sources\c90\common\lwmod.c estimated size: 58

C:\Program Files\Microchip\xc8\v2.32\pic\sources\c90\common\awmod.c
		___awmod       		CODE           	009B	0000	89

C:\Program Files\Microchip\xc8\v2.32\pic\sources\c90\common\awmod.c estimated size: 89

shared
		__stringtab    		STRING         	0800	0000	6
		__initialization		CODE           	07E7	0000	21

shared estimated size: 27

./lcd4bit.h
		_show_multidigits		CODE           	0655	0000	402
		_LCD_Command   		CODE           	0F3E	0000	64
		_intdigits_chardigits		CODE           	0E5B	0000	15
		_LCD_Char      		CODE           	0F7E	0000	64
		_show          		CODE           	0E96	0000	31
		_LCD_init      		CODE           	0ED6	0000	46
		_LCD_num       		CODE           	02CA	0000	191

./lcd4bit.h estimated size: 813

C:\Program Files\Microchip\xc8\v2.32\pic\sources\c90\common\lwdiv.c
		___lwdiv       		CODE           	0011	0000	68

C:\Program Files\Microchip\xc8\v2.32\pic\sources\c90\common\lwdiv.c estimated size: 68

C:\Program Files\Microchip\xc8\v2.32\pic\sources\c90\common\awdiv.c
		___awdiv       		CODE           	0158	0000	103

C:\Program Files\Microchip\xc8\v2.32\pic\sources\c90\common\awdiv.c estimated size: 103

main.c
		_print_serialnumber		CODE           	0E6A	0000	18
		_main          		CODE           	0389	0000	314
		_print_analogvoltages		CODE           	01BF	0000	110
		_ADC_Init      		CODE           	00F4	0000	100

main.c estimated size: 542

C:\Program Files\Microchip\xc8\v2.32\pic\sources\c90\common\aldiv.c
		___aldiv       		CODE           	022D	0000	157

C:\Program Files\Microchip\xc8\v2.32\pic\sources\c90\common\aldiv.c estimated size: 157

