Microchip MPLAB XC8 Compiler V2.32

Linker command line:

-W-3 --edf=C:\Program Files\Microchip\xc8\v2.32\pic\dat\en_msgs.txt -cn \
  -h+dist/default/production\P03._DATA_RECORDER.production.sym \
  --cmf=dist/default/production\P03._DATA_RECORDER.production.cmf -z \
  -Q16F877A -oC:\Users\Naseef\AppData\Local\Temp\xcAs7io.4 \
  --defsym=__MPLAB_BUILD=1 \
  -Mdist/default/production/P03._DATA_RECORDER.production.map -E1 \
  -ver=XC8 Compiler --acfsm=1493 -ASTACK=0110h-016Fh -pstack=STACK \
  -ACODE=00h-07FFhx4 -ASTRCODE=00h-01FFFh -ASTRING=00h-0FFhx32 \
  -ACONST=00h-0FFhx32 -AENTRY=00h-0FFhx32 -ACOMMON=070h-07Fh \
  -ABANK0=020h-06Fh -ABANK1=0A0h-0EFh -ABANK2=0110h-016Fh \
  -ABANK3=0190h-01EFh -ARAM=020h-06Fh,0A0h-0EFh,0110h-016Fh,0190h-01EFh \
  -AABS1=020h-07Fh,0A0h-0EFh,0110h-016Fh,0190h-01EFh -ASFR0=00h-01Fh \
  -ASFR1=080h-09Fh -ASFR2=0100h-010Fh -ASFR3=0180h-018Fh \
  -ACONFIG=02007h-02007h -DCONFIG=2 -AIDLOC=02000h-02003h -DIDLOC=2 \
  -AEEDATA=00h-0FFh/02100h -peeprom_data=EEDATA -DEEDATA=2 -DCODE=2 \
  -DSTRCODE=2 -DSTRING=2 -DCONST=2 -DENTRY=2 \
  -preset_vec=00h,intentry,init,end_init -ppowerup=CODE -pcinit=CODE \
  -pfunctab=ENTRY -k C:\Users\Naseef\AppData\Local\Temp\xcAs7io.o \
  dist/default/production\P03._DATA_RECORDER.production.o 

Object code version is 3.11

Machine type is 16F877A



                Name                               Link     Load   Length Selector   Space Scale
C:\Users\Naseef\AppData\Local\Temp\xcAs7io.o
                end_init                              0        0        3        0       0
                config                             2007     2007        1        0       4
                idloc                              2000     2000        4        0       5
dist/default/production\P03._DATA_RECORDER.production.o
                cinit                               7F0      7F0       10      FE0       0
                config                             2007     2007        1        0       4
                idloc                              2000     2000        4        0       5
                text12                              59F      59F       64      B3E       0
                text11                              495      495       40      92A       0
                text10                              42D      42D       2E      85A       0
                text9                               4D5      4D5       40      9AA       0
                text8                               689      689       9D      D12       0
                text7                               559      559       46      AB2       0
                text6                               515      515       44      A2A       0
                text5                               45B      45B       3A      8B6       0
                text4                               408      408       25      810       0
                text3                               726      726       CA      E4C       0
                text2                               3FB      3FB        D      7F6       0
                text1                               3F1      3F1        A      7E2       0
                maintext                            603      603       86      C06       0
                cstackBANK0                          20       20       23       20       1
                cstackCOMMON                         70       70        E       70       1
                bssBANK0                             43       43        A       20       1

TOTAL           Name                               Link     Load   Length     Space
        CLASS   STACK          

        CLASS   CODE           
                end_init                              0        0        3         0
                cinit                               7F0      7F0       10         0
                text12                              59F      59F       64         0
                text11                              495      495       40         0
                text10                              42D      42D       2E         0
                text9                               4D5      4D5       40         0
                text8                               689      689       9D         0
                text7                               559      559       46         0
                text6                               515      515       44         0
                text5                               45B      45B       3A         0
                text4                               408      408       25         0
                text3                               726      726       CA         0
                text2                               3FB      3FB        D         0
                text1                               3F1      3F1        A         0
                maintext                            603      603       86         0

        CLASS   STRCODE        

        CLASS   STRING         

        CLASS   CONST          

        CLASS   ENTRY          

        CLASS   COMMON         
                cstackCOMMON                         70       70        E         1

        CLASS   BANK0          
                cstackBANK0                          20       20       23         1
                bssBANK0                             43       43        A         1

        CLASS   BANK1          

        CLASS   BANK2          

        CLASS   BANK3          

        CLASS   RAM            

        CLASS   ABS1           
                abs_s1                               7E       7E        2         1

        CLASS   SFR0           

        CLASS   SFR1           

        CLASS   SFR2           

        CLASS   SFR3           

        CLASS   CONFIG         
                config                             2007     2007        1         4

        CLASS   IDLOC          
                idloc                              2000     2000        4         5

        CLASS   EEDATA         



SEGMENTS        Name                           Load    Length   Top    Selector   Space  Class     Delta

                reset_vec                      000000  000003  000003         0       0  CODE        2
                cstackBANK0                    000020  00002D  00004D        20       1  BANK0       1
                cstackCOMMON                   000070  00000E  00007E        70       1  COMMON      1
                text1                          0003F1  00000A  0003FB       7E2       0  CODE        2
                text2                          0003FB  00000D  000408       7F6       0  CODE        2
                text4                          000408  000025  00042D       810       0  CODE        2
                text10                         00042D  00002E  00045B       85A       0  CODE        2
                text5                          00045B  00003A  000495       8B6       0  CODE        2
                text11                         000495  000040  0004D5       92A       0  CODE        2
                text9                          0004D5  000040  000515       9AA       0  CODE        2
                text6                          000515  000044  000559       A2A       0  CODE        2
                text7                          000559  000046  00059F       AB2       0  CODE        2
                text12                         00059F  000064  000603       B3E       0  CODE        2
                maintext                       000603  000086  000689       C06       0  CODE        2
                text8                          000689  00009D  000726       D12       0  CODE        2
                text3                          000726  0000CA  0007F0       E4C       0  CODE        2
                cinit                          0007F0  000010  000800       FE0       0  CODE        2


UNUSED ADDRESS RANGES

        Name                Unused          Largest block    Delta
        BANK0            004D-006F             23           1
        BANK1            00A0-00EF             50           1
        BANK2            0110-016F             60           1
        BANK3            0190-01EF             60           1
        CODE             0003-03F0            3EE           2
                         0800-1FFF            800
        CONST            0003-03F0            100           2
                         0800-1FFF            100
        EEDATA           2100-21FF            100           2
        ENTRY            0003-03F0            100           2
                         0800-1FFF            100
        RAM              004D-006F             23           1
                         00A0-00EF             50
                         0110-016F             60
                         0190-01EF             60
        SFR0             0000-001F             20           1
        SFR1             0080-009F             20           1
        SFR2             0100-010F             10           1
        SFR3             0180-018F             10           1
        STACK            0110-016F             60           1
        STRCODE          0003-03F0            3EE           2
                         0800-1FFF           1800
        STRING           0003-03F0            100           2
                         0800-1FFF            100

                                  Symbol Table

?___aldiv                cstackBANK0  0020
?___lmul                 cstackCOMMON 0070
?___lwdiv                cstackCOMMON 0070
?___lwmod                cstackCOMMON 0070
?___wmul                 cstackCOMMON 0070
LCD_Char@data            cstackCOMMON 0072
LCD_Command@cmnd         cstackCOMMON 0072
LCD_num@digit1           cstackBANK0  0032
LCD_num@digit2           cstackBANK0  0034
LCD_num@digit3           cstackBANK0  0036
LCD_num@remainder        cstackBANK0  003C
LCD_num@result           cstackBANK0  0038
LCD_num@result1          cstackBANK0  003A
LCD_num@val              cstackBANK0  002E
_ADCON0                  (abs)        001F
_ADCON1                  (abs)        009F
_ADC_Init                text12       059F
_ADRESH                  (abs)        001E
_ADRESL                  (abs)        009E
_AV                      bssBANK0     0043
_GO_nDONE                (abs)        00FA
_LCD_Char                text9        04D5
_LCD_Command             text11       0495
_LCD_init                text10       042D
_LCD_num                 text3        0726
_PORTB                   (abs)        0006
_RC0                     (abs)        0038
_RC1                     (abs)        0039
_RCIF                    (abs)        0065
_RCREG                   (abs)        001A
_RCSTA                   (abs)        0018
_SPBRG                   (abs)        0099
_TRISB                   (abs)        0086
_TRISC                   (abs)        0087
_TXIF                    (abs)        0064
_TXREG                   (abs)        0019
_TXSTA                   (abs)        0098
__Habs1                  abs1         0000
__Hbank0                 bank0        0000
__Hbank1                 bank1        0000
__Hbank2                 bank2        0000
__Hbank3                 bank3        0000
__HbssBANK0              bssBANK0     0000
__Hcinit                 cinit        0800
__Hclrtext               clrtext      0000
__Hcode                  code         0000
__Hcommon                common       0000
__Hconfig                config       2008
__HcstackBANK0           cstackBANK0  0000
__HcstackCOMMON          cstackCOMMON 0000
__Heeprom_data           eeprom_data  0000
__Hend_init              end_init     0003
__Hfunctab               functab      0000
__Hidloc                 idloc        2004
__Hinit                  init         0000
__Hintentry              intentry     0000
__Hmaintext              maintext     0000
__Hpowerup               powerup      0000
__Hram                   ram          0000
__Hreset_vec             reset_vec    0000
__Hsfr0                  sfr0         0000
__Hsfr1                  sfr1         0000
__Hsfr2                  sfr2         0000
__Hsfr3                  sfr3         0000
__Hspace_0               (abs)        0800
__Hspace_1               (abs)        007E
__Hspace_2               (abs)        0000
__Hspace_3               (abs)        0000
__Hspace_4               (abs)        400F
__Hstack                 stack        0000
__Hstrings               strings      0000
__Htext                  text         0000
__Labs1                  abs1         0000
__Lbank0                 bank0        0000
__Lbank1                 bank1        0000
__Lbank2                 bank2        0000
__Lbank3                 bank3        0000
__LbssBANK0              bssBANK0     0000
__Lcinit                 cinit        07F0
__Lclrtext               clrtext      0000
__Lcode                  code         0000
__Lcommon                common       0000
__Lconfig                config       0000
__LcstackBANK0           cstackBANK0  0000
__LcstackCOMMON          cstackCOMMON 0000
__Leeprom_data           eeprom_data  0000
__Lend_init              end_init     0000
__Lfunctab               functab      0000
__Lidloc                 idloc        0000
__Linit                  init         0000
__Lintentry              intentry     0000
__Lmaintext              maintext     0000
__Lpowerup               powerup      0000
__Lram                   ram          0000
__Lreset_vec             reset_vec    0000
__Lsfr0                  sfr0         0000
__Lsfr1                  sfr1         0000
__Lsfr2                  sfr2         0000
__Lsfr3                  sfr3         0000
__Lspace_0               (abs)        0000
__Lspace_1               (abs)        0000
__Lspace_2               (abs)        0000
__Lspace_3               (abs)        0000
__Lspace_4               (abs)        0000
__Lstack                 stack        0000
__Lstrings               strings      0000
__Ltext                  text         0000
__S0                     (abs)        0800
__S1                     (abs)        007E
__S2                     (abs)        0000
__S3                     (abs)        0000
___aldiv                 text8        0689
___aldiv@counter         cstackBANK0  0028
___aldiv@dividend        cstackBANK0  0024
___aldiv@divisor         cstackBANK0  0020
___aldiv@quotient        cstackBANK0  002A
___aldiv@sign            cstackBANK0  0029
___int_sp                stack        0000
___latbits               (abs)        0002
___lmul                  text7        0559
___lmul@multiplicand     cstackCOMMON 0074
___lmul@multiplier       cstackCOMMON 0070
___lmul@product          cstackCOMMON 0079
___lwdiv                 text6        0515
___lwdiv@counter         cstackCOMMON 0077
___lwdiv@dividend        cstackCOMMON 0072
___lwdiv@divisor         cstackCOMMON 0070
___lwdiv@quotient        cstackCOMMON 0075
___lwmod                 text5        045B
___lwmod@counter         cstackCOMMON 0075
___lwmod@dividend        cstackCOMMON 0072
___lwmod@divisor         cstackCOMMON 0070
___sp                    stack        0000
___stackhi               (abs)        0000
___stacklo               (abs)        0000
___wmul                  text4        0408
___wmul@multiplicand     cstackCOMMON 0072
___wmul@multiplier       cstackCOMMON 0070
___wmul@product          cstackCOMMON 0074
__end_of_ADC_Init        text12       0603
__end_of_LCD_Char        text9        0515
__end_of_LCD_Command     text11       04D5
__end_of_LCD_init        text10       045B
__end_of_LCD_num         text3        07F0
__end_of___aldiv         text8        0726
__end_of___lmul          text7        059F
__end_of___lwdiv         text6        0559
__end_of___lwmod         text5        0495
__end_of___wmul          text4        042D
__end_of__initialization cinit        07FC
__end_of_main            maintext     0689
__end_of_ser_int         text2        0408
__end_of_tx              text1        03FB
__initialization         cinit        07F0
__pbssBANK0              bssBANK0     0043
__pcstackBANK0           cstackBANK0  0020
__pcstackCOMMON          cstackCOMMON 0070
__pmaintext              maintext     0603
__ptext1                 text1        03F1
__ptext10                text10       042D
__ptext11                text11       0495
__ptext12                text12       059F
__ptext2                 text2        03FB
__ptext3                 text3        0726
__ptext4                 text4        0408
__ptext5                 text5        045B
__ptext6                 text6        0515
__ptext7                 text7        0559
__ptext8                 text8        0689
__ptext9                 text9        04D5
__size_of_ADC_Init       (abs)        0000
__size_of_LCD_Char       (abs)        0000
__size_of_LCD_Command    (abs)        0000
__size_of_LCD_init       (abs)        0000
__size_of_LCD_num        (abs)        0000
__size_of___aldiv        (abs)        0000
__size_of___lmul         (abs)        0000
__size_of___lwdiv        (abs)        0000
__size_of___lwmod        (abs)        0000
__size_of___wmul         (abs)        0000
__size_of_main           (abs)        0000
__size_of_ser_int        (abs)        0000
__size_of_tx             (abs)        0000
_main                    maintext     0603
_ser_int                 text2        03FB
_tx                      text1        03F1
btemp                    (abs)        007E
end_of_initialization    cinit        07FC
intlevel0                functab      0000
intlevel1                functab      0000
intlevel2                functab      0000
intlevel3                functab      0000
intlevel4                functab      0000
intlevel5                functab      0000
main@i                   cstackBANK0  0041
reset_vec                reset_vec    0000
start                    init         0000
start_initialization     cinit        07F0
tx@a                     cstackCOMMON 0070
wtemp0                   (abs)        007E


MODULE INFORMATION

Module		Function		Class		Link	Load	Size
C:\Program Files\Microchip\xc8\v2.32\pic\sources\c90\common\Umul32.c
		___lmul        		CODE           	0559	0000	70

C:\Program Files\Microchip\xc8\v2.32\pic\sources\c90\common\Umul32.c estimated size: 70

./uart.h
		_ser_int       		CODE           	03FB	0000	13
		_tx            		CODE           	03F1	0000	10

./uart.h estimated size: 23

C:\Program Files\Microchip\xc8\v2.32\pic\sources\c90\common\lwmod.c
		___lwmod       		CODE           	045B	0000	58

C:\Program Files\Microchip\xc8\v2.32\pic\sources\c90\common\lwmod.c estimated size: 58

shared
		__initialization		CODE           	07F0	0000	12

shared estimated size: 12

./lcd4bit.h
		_LCD_Command   		CODE           	0495	0000	64
		_LCD_Char      		CODE           	04D5	0000	64
		_LCD_init      		CODE           	042D	0000	46
		_LCD_num       		CODE           	0726	0000	202

./lcd4bit.h estimated size: 376

C:\Program Files\Microchip\xc8\v2.32\pic\sources\c90\common\lwdiv.c
		___lwdiv       		CODE           	0515	0000	68

C:\Program Files\Microchip\xc8\v2.32\pic\sources\c90\common\lwdiv.c estimated size: 68

C:\Program Files\Microchip\xc8\v2.32\pic\sources\c90\common\Umul16.c
		___wmul        		CODE           	0408	0000	37

C:\Program Files\Microchip\xc8\v2.32\pic\sources\c90\common\Umul16.c estimated size: 37

main.c
		_main          		CODE           	0603	0000	134
		_ADC_Init      		CODE           	059F	0000	100

main.c estimated size: 234

C:\Program Files\Microchip\xc8\v2.32\pic\sources\c90\common\aldiv.c
		___aldiv       		CODE           	0689	0000	157

C:\Program Files\Microchip\xc8\v2.32\pic\sources\c90\common\aldiv.c estimated size: 157

