Microchip MPLAB XC8 Compiler V2.32

Linker command line:

-W-3 --edf=C:\Program Files\Microchip\xc8\v2.32\pic\dat\en_msgs.txt -cn \
  -h+dist/default/production\P01B.GPS_STRING_READ.X.production.sym \
  --cmf=dist/default/production\P01B.GPS_STRING_READ.X.production.cmf -z \
  -Q16F877A -oC:\Users\Naseef\AppData\Local\Temp\xcAs7q4.4 \
  --defsym=__MPLAB_BUILD=1 \
  -Mdist/default/production/P01B.GPS_STRING_READ.X.production.map -E1 \
  -ver=XC8 Compiler --acfsm=1493 -ASTACK=0110h-016Fh -pstack=STACK \
  -ACODE=00h-07FFhx4 -ASTRCODE=00h-01FFFh -ASTRING=00h-0FFhx32 \
  -ACONST=00h-0FFhx32 -AENTRY=00h-0FFhx32 -ACOMMON=070h-07Fh \
  -ABANK0=020h-06Fh -ABANK1=0A0h-0EFh -ABANK2=0110h-016Fh \
  -ABANK3=0190h-01EFh -ARAM=020h-06Fh,0A0h-0EFh,0110h-016Fh,0190h-01EFh \
  -AABS1=020h-07Fh,0A0h-0EFh,0110h-016Fh,0190h-01EFh -ASFR0=00h-01Fh \
  -ASFR1=080h-09Fh -ASFR2=0100h-010Fh -ASFR3=0180h-018Fh \
  -ACONFIG=02007h-02007h -DCONFIG=2 -AIDLOC=02000h-02003h -DIDLOC=2 \
  -AEEDATA=00h-0FFh/02100h -peeprom_data=EEDATA -DEEDATA=2 -DCODE=2 \
  -DSTRCODE=2 -DSTRING=2 -DCONST=2 -DENTRY=2 \
  -preset_vec=00h,intentry,init,end_init -ppowerup=CODE -pcinit=CODE \
  -pfunctab=ENTRY -k C:\Users\Naseef\AppData\Local\Temp\xcAs7q4.o \
  dist/default/production\P01B.GPS_STRING_READ.X.production.o 

Object code version is 3.11

Machine type is 16F877A



                Name                               Link     Load   Length Selector   Space Scale
C:\Users\Naseef\AppData\Local\Temp\xcAs7q4.o
                end_init                              0        0        3        0       0
                config                             2007     2007        1        0       4
                idloc                              2000     2000        4        0       5
dist/default/production\P01B.GPS_STRING_READ.X.production.o
                cinit                               7DE      7DE       22      FBC       0
                config                             2007     2007        1        0       4
                idloc                              2000     2000        4        0       5
                text12                              3BB      3BB       14      776       0
                text11                              434      434       1F      868       0
                text10                              3CF      3CF       14      79E       0
                text9                               453      453       1F      8A6       0
                text8                               472      472       3E      8E4       0
                text7                               3E3      3E3       19      7C6       0
                text6                               6B8      6B8      126      D70       0
                text5                               3FC      3FC       1B      7F8       0
                text4                               4B0      4B0       A4      960       0
                text3                               396      396        9      72C       0
                text2                               554      554       A7      AA8       0
                text1                               39F      39F        9      73E       0
                maintext                            5FB      5FB       BD      BF6       0
                cstackBANK0                          3D       3D       1A       20       1
                cstackCOMMON                         70       70        D       70       1
                clrtext                             38E      38E        8      71C       0
                inittext                            3A8      3A8       13      750       0
                bssBANK3                            190      190       5F      190       1
                dataBANK0                            20       20       1D       20       1
                bssBANK0                             57       57        7       20       1
                strings                               3        3       D4        6       0
                idataBANK0                          417      417       1D      82E       0

TOTAL           Name                               Link     Load   Length     Space
        CLASS   STACK          

        CLASS   CODE           
                end_init                              0        0        3         0
                cinit                               7DE      7DE       22         0
                text12                              3BB      3BB       14         0
                text11                              434      434       1F         0
                text10                              3CF      3CF       14         0
                text9                               453      453       1F         0
                text8                               472      472       3E         0
                text7                               3E3      3E3       19         0
                text6                               6B8      6B8      126         0
                text5                               3FC      3FC       1B         0
                text4                               4B0      4B0       A4         0
                text3                               396      396        9         0
                text2                               554      554       A7         0
                text1                               39F      39F        9         0
                maintext                            5FB      5FB       BD         0
                clrtext                             38E      38E        8         0
                inittext                            3A8      3A8       13         0
                idataBANK0                          417      417       1D         0

        CLASS   STRCODE        

        CLASS   STRING         
                strings                               3        3       D4         0

        CLASS   CONST          

        CLASS   ENTRY          

        CLASS   COMMON         
                cstackCOMMON                         70       70        D         1

        CLASS   BANK0          
                cstackBANK0                          3D       3D       1A         1
                dataBANK0                            20       20       1D         1
                bssBANK0                             57       57        7         1

        CLASS   BANK1          

        CLASS   BANK2          

        CLASS   BANK3          
                bssBANK3                            190      190       5F         1

        CLASS   RAM            

        CLASS   ABS1           
                abs_s1                               7E       7E        2         1

        CLASS   SFR0           

        CLASS   SFR1           

        CLASS   SFR2           

        CLASS   SFR3           

        CLASS   CONFIG         
                config                             2007     2007        1         4

        CLASS   IDLOC          
                idloc                              2000     2000        4         5

        CLASS   EEDATA         



SEGMENTS        Name                           Load    Length   Top    Selector   Space  Class     Delta

                reset_vec                      000000  000003  000003         0       0  CODE        2
                strings                        000003  0000D4  0000D7         6       0  STRING      2
                dataBANK0                      000020  00003E  00005E        20       1  BANK0       1
                cstackCOMMON                   000070  00000D  00007D        70       1  COMMON      1
                bssBANK3                       000190  00005F  0001EF       190       1  BANK3       1
                clrtext                        00038E  000008  000396       71C       0  CODE        2
                text3                          000396  000009  00039F       72C       0  CODE        2
                text1                          00039F  000009  0003A8       73E       0  CODE        2
                inittext                       0003A8  000013  0003BB       750       0  CODE        2
                text12                         0003BB  000014  0003CF       776       0  CODE        2
                text10                         0003CF  000014  0003E3       79E       0  CODE        2
                text7                          0003E3  000019  0003FC       7C6       0  CODE        2
                text5                          0003FC  00001B  000417       7F8       0  CODE        2
                idataBANK0                     000417  00001D  000434       82E       0  CODE        2
                text11                         000434  00001F  000453       868       0  CODE        2
                text9                          000453  00001F  000472       8A6       0  CODE        2
                text8                          000472  00003E  0004B0       8E4       0  CODE        2
                text4                          0004B0  0000A4  000554       960       0  CODE        2
                text2                          000554  0000A7  0005FB       AA8       0  CODE        2
                maintext                       0005FB  0000BD  0006B8       BF6       0  CODE        2
                text6                          0006B8  000126  0007DE       D70       0  CODE        2
                cinit                          0007DE  000022  000800       FBC       0  CODE        2


UNUSED ADDRESS RANGES

        Name                Unused          Largest block    Delta
        BANK0            005E-006F             12           1
        BANK1            00A0-00EF             50           1
        BANK2            0110-016F             60           1
        BANK3            01EF-01EF              1           1
        CODE             00D7-038D            2B7           2
                         0800-1FFF            800
        COMMON           007D-007D              1           1
        CONST            00D7-038D            100           2
                         0800-1FFF            100
        EEDATA           2100-21FF            100           2
        ENTRY            00D7-038D            100           2
                         0800-1FFF            100
        RAM              005E-006F             12           1
                         00A0-00EF             50
                         0110-016F             60
                         01EF-01EF              1
        SFR0             0000-001F             20           1
        SFR1             0080-009F             20           1
        SFR2             0100-010F             10           1
        SFR3             0180-018F             10           1
        STACK            0110-016F             60           1
        STRCODE          00D7-038D            2B7           2
                         0800-1FFF           1800
        STRING           00D7-038D            100           2
                         0800-1FFF            100

                                  Symbol Table

LCD_command@cmd          cstackCOMMON 0072
LCD_data@data            cstackCOMMON 0072
_LCD_command             text12       03BB
_LCD_data                text10       03CF
_LCD_init                text11       0434
_PORTB                   (abs)        0006
_PORTD                   (abs)        0008
_RC3                     (abs)        003B
_RC4                     (abs)        003C
_RC5                     (abs)        003D
_RCIF                    (abs)        0065
_RCREG                   (abs)        001A
_RCSTA                   (abs)        0018
_SPBRG                   (abs)        0099
_TRISB                   (abs)        0086
_TRISC3                  (abs)        043B
_TRISC4                  (abs)        043C
_TRISC5                  (abs)        043D
_TRISD                   (abs)        0088
__Habs1                  abs1         0000
__Hbank0                 bank0        0000
__Hbank1                 bank1        0000
__Hbank2                 bank2        0000
__Hbank3                 bank3        0000
__HbssBANK0              bssBANK0     0000
__HbssBANK3              bssBANK3     0000
__Hcinit                 cinit        0800
__Hclrtext               clrtext      0000
__Hcode                  code         0000
__Hcommon                common       0000
__Hconfig                config       2008
__HcstackBANK0           cstackBANK0  0000
__HcstackCOMMON          cstackCOMMON 0000
__HdataBANK0             dataBANK0    0000
__Heeprom_data           eeprom_data  0000
__Hend_init              end_init     0003
__Hfunctab               functab      0000
__HidataBANK0            idataBANK0   0000
__Hidloc                 idloc        2004
__Hinit                  init         0000
__Hinittext              inittext     0000
__Hintentry              intentry     0000
__Hmaintext              maintext     0000
__Hpowerup               powerup      0000
__Hram                   ram          0000
__Hreset_vec             reset_vec    0000
__Hsfr0                  sfr0         0000
__Hsfr1                  sfr1         0000
__Hsfr2                  sfr2         0000
__Hsfr3                  sfr3         0000
__Hspace_0               (abs)        0800
__Hspace_1               (abs)        01EF
__Hspace_2               (abs)        0000
__Hspace_3               (abs)        0000
__Hspace_4               (abs)        400F
__Hstack                 stack        0000
__Hstrings               strings      0000
__Htext                  text         0000
__Labs1                  abs1         0000
__Lbank0                 bank0        0000
__Lbank1                 bank1        0000
__Lbank2                 bank2        0000
__Lbank3                 bank3        0000
__LbssBANK0              bssBANK0     0000
__LbssBANK3              bssBANK3     0000
__Lcinit                 cinit        07DE
__Lclrtext               clrtext      0000
__Lcode                  code         0000
__Lcommon                common       0000
__Lconfig                config       0000
__LcstackBANK0           cstackBANK0  0000
__LcstackCOMMON          cstackCOMMON 0000
__LdataBANK0             dataBANK0    0000
__Leeprom_data           eeprom_data  0000
__Lend_init              end_init     0000
__Lfunctab               functab      0000
__LidataBANK0            idataBANK0   0000
__Lidloc                 idloc        0000
__Linit                  init         0000
__Linittext              inittext     0000
__Lintentry              intentry     0000
__Lmaintext              maintext     0000
__Lpowerup               powerup      0000
__Lram                   ram          0000
__Lreset_vec             reset_vec    0000
__Lsfr0                  sfr0         0000
__Lsfr1                  sfr1         0000
__Lsfr2                  sfr2         0000
__Lsfr3                  sfr3         0000
__Lspace_0               (abs)        0000
__Lspace_1               (abs)        0000
__Lspace_2               (abs)        0000
__Lspace_3               (abs)        0000
__Lspace_4               (abs)        0000
__Lstack                 stack        0000
__Lstrings               strings      0000
__Ltext                  text         0000
__S0                     (abs)        0800
__S1                     (abs)        01EF
__S2                     (abs)        0000
__S3                     (abs)        0000
___int_sp                stack        0000
___latbits               (abs)        0002
___sp                    stack        0000
___stackhi               (abs)        0000
___stacklo               (abs)        0000
__end_of_LCD_command     text12       03CF
__end_of_LCD_data        text10       03E3
__end_of_LCD_init        text11       0453
__end_of__initialization cinit        07FC
__end_of__stringtab      strings      0009
__end_of_cloudy          text8        04B0
__end_of_corner_cases    text5        0417
__end_of_low_battery     text4        0554
__end_of_main            maintext     06B8
__end_of_print_data      text6        07DE
__end_of_read_data       text2        05FB
__end_of_refresh_text    text7        03FC
__end_of_rx              text3        039F
__end_of_ser_int         text1        03A8
__end_of_show            text9        0472
__initialization         cinit        07DE
__pbssBANK0              bssBANK0     0057
__pbssBANK3              bssBANK3     0190
__pcstackBANK0           cstackBANK0  003D
__pcstackCOMMON          cstackCOMMON 0070
__pdataBANK0             dataBANK0    0020
__pidataBANK0            idataBANK0   0417
__pmaintext              maintext     05FB
__pstrings               strings      0003
__ptext1                 text1        039F
__ptext10                text10       03CF
__ptext11                text11       0434
__ptext12                text12       03BB
__ptext2                 text2        0554
__ptext3                 text3        0396
__ptext4                 text4        04B0
__ptext5                 text5        03FC
__ptext6                 text6        06B8
__ptext7                 text7        03E3
__ptext8                 text8        0472
__ptext9                 text9        0453
__size_of_LCD_command    (abs)        0000
__size_of_LCD_data       (abs)        0000
__size_of_LCD_init       (abs)        0000
__size_of_cloudy         (abs)        0000
__size_of_corner_cases   (abs)        0000
__size_of_low_battery    (abs)        0000
__size_of_main           (abs)        0000
__size_of_print_data     (abs)        0000
__size_of_read_data      (abs)        0000
__size_of_refresh_text   (abs)        0000
__size_of_rx             (abs)        0000
__size_of_ser_int        (abs)        0000
__size_of_show           (abs)        0000
__stringbase             strings      0008
__stringtab              strings      0003
_a                       bssBANK3     0190
_cloudy                  text8        0472
_corner_cases            text5        03FC
_low_battery             text4        04B0
_main                    maintext     05FB
_print_data              text6        06B8
_pv                      dataBANK0    003A
_r                       bssBANK0     0057
_read_data               text2        0554
_refresh_text            text7        03E3
_reset_counter           bssBANK0     005A
_rx                      text3        0396
_ser_int                 text1        039F
_show                    text9        0453
btemp                    (abs)        007E
clear_ram0               clrtext      038E
corner_cases@number      cstackCOMMON 0078
end_of_initialization    cinit        07FC
init_fetch0              inittext     03A8
init_ram0                inittext     03AC
intlevel0                functab      0000
intlevel1                functab      0000
intlevel2                functab      0000
intlevel3                functab      0000
intlevel4                functab      0000
intlevel5                functab      0000
main@F1148               dataBANK0    0020
main@seven               cstackBANK0  0041
print_data@h             cstackCOMMON 0075
read_data@f              cstackCOMMON 007B
read_data@flag           cstackCOMMON 0074
read_data@gps            cstackCOMMON 0076
read_data@i              cstackCOMMON 0079
read_data@j              cstackCOMMON 0077
reset_vec                reset_vec    0000
show@s                   cstackCOMMON 0074
start                    init         0000
start_initialization     cinit        07DE
wtemp0                   (abs)        007E


MODULE INFORMATION

Module		Function		Class		Link	Load	Size
shared
		__stringtab    		STRING         	0003	0000	6
		__initialization		CODE           	07DE	0000	30

shared estimated size: 36

main.c
		_cloudy        		CODE           	0472	0000	62
		_print_data    		CODE           	06B8	0000	294
		_refresh_text  		CODE           	03E3	0000	25
		_ser_int       		CODE           	039F	0000	9
		_main          		CODE           	05FB	0000	189
		_show          		CODE           	0453	0000	31
		_LCD_init      		CODE           	0434	0000	31
		_LCD_command   		CODE           	03BB	0000	20
		_read_data     		CODE           	0554	0000	167
		_LCD_data      		CODE           	03CF	0000	20
		_rx            		CODE           	0396	0000	9
		_corner_cases  		CODE           	03FC	0000	27
		_low_battery   		CODE           	04B0	0000	164

main.c estimated size: 1048

